Archive member included to satisfy reference by file (symbol)

C:/devkitPro/libctru/lib\libcitro2d.a(base.o)
                              main.o (C2D_Init)
C:/devkitPro/libctru/lib\libcitro2d.a(spritesheet.o)
                              main.o (C2D_SpriteSheetLoad)
C:/devkitPro/libctru/lib\libcitro2d.a(render2d.shbin.o)
                              C:/devkitPro/libctru/lib\libcitro2d.a(base.o) (render2d_shbin)
C:/devkitPro/libctru/lib\libcitro3d.a(base.o)
                              main.o (C3D_Init)
C:/devkitPro/libctru/lib\libcitro3d.a(renderqueue.o)
                              C:/devkitPro/libctru/lib\libcitro3d.a(base.o) (C3Di_RenderQueueEnableVBlank)
C:/devkitPro/libctru/lib\libcitro3d.a(texture.o)
                              C:/devkitPro/libctru/lib\libcitro2d.a(base.o) (C3D_TexBind)
C:/devkitPro/libctru/lib\libcitro3d.a(tex3ds.o)
                              C:/devkitPro/libctru/lib\libcitro2d.a(spritesheet.o) (Tex3DS_TextureImport)
C:/devkitPro/libctru/lib\libcitro3d.a(framebuffer.o)
                              C:/devkitPro/libctru/lib\libcitro3d.a(renderqueue.o) (C3D_CalcColorBufSize)
C:/devkitPro/libctru/lib\libcitro3d.a(texenv.o)
                              C:/devkitPro/libctru/lib\libcitro2d.a(base.o) (C3D_GetTexEnv)
C:/devkitPro/libctru/lib\libcitro3d.a(drawElements.o)
                              C:/devkitPro/libctru/lib\libcitro2d.a(base.o) (C3D_DrawElements)
C:/devkitPro/libctru/lib\libcitro3d.a(proctex.o)
                              C:/devkitPro/libctru/lib\libcitro2d.a(base.o) (C3D_ProcTexInit)
C:/devkitPro/libctru/lib\libcitro3d.a(buffers.o)
                              C:/devkitPro/libctru/lib\libcitro2d.a(base.o) (BufInfo_Init)
C:/devkitPro/libctru/lib\libcitro3d.a(effect.o)
                              C:/devkitPro/libctru/lib\libcitro3d.a(base.o) (C3D_DepthMap)
C:/devkitPro/libctru/lib\libcitro3d.a(attribs.o)
                              C:/devkitPro/libctru/lib\libcitro2d.a(base.o) (AttrInfo_Init)
C:/devkitPro/libctru/lib\libcitro3d.a(immediate.o)
                              C:/devkitPro/libctru/lib\libcitro3d.a(base.o) (C3D_ImmSendAttrib)
C:/devkitPro/libctru/lib\libcitro3d.a(uniforms.o)
                              C:/devkitPro/libctru/lib\libcitro3d.a(base.o) (C3D_UpdateUniforms)
C:/devkitPro/libctru/lib\libcitro3d.a(mtx_ortho.o)
                              C:/devkitPro/libctru/lib\libcitro2d.a(base.o) (Mtx_Ortho)
C:/devkitPro/libctru/lib\libcitro3d.a(mtx_scale.o)
                              C:/devkitPro/libctru/lib\libcitro2d.a(base.o) (Mtx_Scale)
C:/devkitPro/libctru/lib\libcitro3d.a(mtx_multiply.o)
                              C:/devkitPro/libctru/lib\libcitro2d.a(base.o) (Mtx_Multiply)
C:/devkitPro/libctru/lib\libcitro3d.a(mtx_orthotilt.o)
                              C:/devkitPro/libctru/lib\libcitro2d.a(base.o) (Mtx_OrthoTilt)
C:/devkitPro/libctru/lib\libcitro3d.a(mtx_translate.o)
                              C:/devkitPro/libctru/lib\libcitro2d.a(base.o) (Mtx_Translate)
C:/devkitPro/libctru/lib\libcitro3d.a(mtx_rotatez.o)
                              C:/devkitPro/libctru/lib\libcitro2d.a(base.o) (Mtx_RotateZ)
C:/devkitPro/libctru/lib\libctru.a(vram.o)
                              C:/devkitPro/libctru/lib\libcitro3d.a(renderqueue.o) (vramAlloc)
C:/devkitPro/libctru/lib\libctru.a(linear.o)
                              C:/devkitPro/libctru/lib\libcitro2d.a(base.o) (linearAlloc)
C:/devkitPro/libctru/lib\libctru.a(mem_pool.o)
                              C:/devkitPro/libctru/lib\libctru.a(vram.o) (MemPool::Allocate(MemChunk&, unsigned long, int))
C:/devkitPro/libctru/lib\libctru.a(romfs_dev.o)
                              main.o (romfsMountSelf)
C:/devkitPro/libctru/lib\libctru.a(os.o)
                              C:/devkitPro/libctru/lib\libcitro3d.a(texture.o) (osConvertVirtToPhys)
C:/devkitPro/libctru/lib\libctru.a(path_buf.o)
                              C:/devkitPro/libctru/lib\libctru.a(romfs_dev.o) (__ctru_dev_utf16_buf)
C:/devkitPro/libctru/lib\libctru.a(gfx.o)
                              C:/devkitPro/libctru/lib\libcitro2d.a(base.o) (gfxIsWide)
C:/devkitPro/libctru/lib\libctru.a(shaderProgram.o)
                              C:/devkitPro/libctru/lib\libcitro2d.a(base.o) (shaderInstanceGetUniformLocation)
C:/devkitPro/libctru/lib\libctru.a(shbin.o)
                              C:/devkitPro/libctru/lib\libcitro2d.a(base.o) (DVLB_ParseFile)
C:/devkitPro/libctru/lib\libctru.a(gx.o)
                              C:/devkitPro/libctru/lib\libcitro3d.a(renderqueue.o) (GX_BindQueue)
C:/devkitPro/libctru/lib\libctru.a(gxqueue.o)
                              C:/devkitPro/libctru/lib\libcitro3d.a(renderqueue.o) (gxCmdQueueClear)
C:/devkitPro/libctru/lib\libctru.a(gpu.o)
                              C:/devkitPro/libctru/lib\libcitro3d.a(base.o) (gpuCmdBufOffset)
C:/devkitPro/libctru/lib\libctru.a(gspgpu.o)
                              C:/devkitPro/libctru/lib\libctru.a(gfx.o) (gspInit)
C:/devkitPro/libctru/lib\libctru.a(apt.o)
[...]
Memory Configuration

Name             Origin             Length             Attributes
*default*        0x0000000000000000 0xffffffffffffffff

Linker script and memory map

                0x0000000000100000                PROVIDE (__start__ = 0x100000)
                0x0000000000100000                . = __start__

.text           0x0000000000100000    0x19b54
 *(.crt0)
 .crt0          0x0000000000100000       0x94 c:/devkitpro/devkitarm/bin/../lib/gcc/arm-none-eabi/12.2.0/../../../../arm-none-eabi/lib/armv6k/fpu/3dsx_crt0.o
                0x0000000000100000                _start
                0x0000000000100008                __service_ptr
                0x000000000010000c                __apt_appid
                0x0000000000100010                __heap_size
                0x0000000000100014                __linear_heap_size
                0x0000000000100018                __system_arglist
                0x000000000010001c                __system_runflags
 *(.init)
 .init          0x0000000000100094        0xc c:/devkitpro/devkitarm/bin/../lib/gcc/arm-none-eabi/12.2.0/armv6k/fpu/crti.o
                0x0000000000100094                _init
 .init          0x00000000001000a0        0xc c:/devkitpro/devkitarm/bin/../lib/gcc/arm-none-eabi/12.2.0/armv6k/fpu/crtn.o
                0x00000000001000ac                . = ALIGN (0x4)
 *(.text)
 .text          0x00000000001000ac      0x20c c:/devkitpro/devkitarm/bin/../lib/gcc/arm-none-eabi/12.2.0/armv6k/fpu\libgcc.a(_udivsi3.o)
                0x00000000001000ac                __aeabi_uidiv
                0x00000000001000ac                __udivsi3
                0x0000000000100298                __aeabi_uidivmod
 .text          0x00000000001002b8        0x4 c:/devkitpro/devkitarm/bin/../lib/gcc/arm-none-eabi/12.2.0/armv6k/fpu\libgcc.a(_dvmd_tls.o)
                0x00000000001002b8                __aeabi_idiv0
                0x00000000001002b8                __aeabi_ldiv0
 .text          0x00000000001002bc      0x3c0 c:/devkitpro/devkitarm/bin/../lib/gcc/arm-none-eabi/12.2.0/armv6k/fpu\libgcc.a(_arm_addsubdf3.o)
                0x00000000001002bc                __aeabi_drsub
                0x00000000001002c4                __aeabi_dsub
                0x00000000001002c4                __subdf3
                0x00000000001002c8                __aeabi_dadd
                0x00000000001002c8                __adddf3
                0x0000000000100574                __floatunsidf
                0x0000000000100574                __aeabi_ui2d
                0x0000000000100598                __floatsidf
                0x0000000000100598                __aeabi_i2d
                0x00000000001005c0                __aeabi_f2d
                0x00000000001005c0                __extendsfdf2
                0x0000000000100608                __floatundidf
                0x0000000000100608                __aeabi_ul2d
                0x000000000010061c                __floatdidf
                0x000000000010061c                __aeabi_l2d
 .text          0x000000000010067c       0xd4 c:/devkitpro/devkitarm/bin/../lib/gcc/arm-none-eabi/12.2.0/armv6k/fpu\libgcc.a(_aeabi_ldivmod.o)
                0x000000000010067c                __aeabi_ldivmod
 .text          0x0000000000100750      0x1a8 c:/devkitpro/devkitarm/bin/../lib/gcc/arm-none-eabi/12.2.0/armv6k/fpu\libgcc.a(libunwind.o)
                0x0000000000100750                __restore_core_regs
                0x0000000000100750                restore_core_regs
                0x0000000000100764                __gnu_Unwind_Restore_VFP
                0x000000000010076c                __gnu_Unwind_Save_VFP
                0x0000000000100774                __gnu_Unwind_Restore_VFP_D
                0x000000000010077c                __gnu_Unwind_Save_VFP_D
                0x0000000000100784                __gnu_Unwind_Restore_VFP_D_16_to_31
                0x000000000010078c                __gnu_Unwind_Save_VFP_D_16_to_31
                0x0000000000100794                __gnu_Unwind_Restore_WMMXD
                0x00000000001007d8                __gnu_Unwind_Save_WMMXD
                0x000000000010081c                __gnu_Unwind_Restore_WMMXC
                0x0000000000100830                __gnu_Unwind_Save_WMMXC
                0x0000000000100844                ___Unwind_RaiseException
                0x0000000000100844                _Unwind_RaiseException
                0x0000000000100868                _Unwind_Resume
                0x0000000000100868                ___Unwind_Resume
                0x000000000010088c                _Unwind_Resume_or_Rethrow
                0x000000000010088c                ___Unwind_Resume_or_Rethrow
                0x00000000001008b0                _Unwind_ForcedUnwind
                0x00000000001008b0                ___Unwind_ForcedUnwind
                0x00000000001008d4                ___Unwind_Backtrace
                0x00000000001008d4                _Unwind_Backtrace
 *fill*         0x00000000001008f8        0x8 
 .text          0x0000000000100900      0x390 c:/devkitpro/devkitarm/bin/../lib/gcc/arm-none-eabi/12.2.0/../../../../arm-none-eabi/lib/armv6k/fpu\libg.a(lib_a-strcmp.o)
                0x0000000000100908                strcmp
 *(.text.*)
 .text.__do_global_dtors_aux
                0x0000000000100c90       0x40 c:/devkitpro/devkitarm/bin/../lib/gcc/arm-none-eabi/12.2.0/armv6k/fpu/crtbegin.o
 .text.frame_dummy
                0x0000000000100cd0       0x2c c:/devkitpro/devkitarm/bin/../lib/gcc/arm-none-eabi/12.2.0/armv6k/fpu/crtbegin.o
 .text._ZNSt6vectorIjSaIjEE17_M_realloc_insertIJRKjEEEvN9__gnu_cxx17__normal_iteratorIPjS1_EEDpOT_
                0x0000000000100cfc      0x124 main.o
                0x0000000000100cfc                void std::vector<unsigned int, std::allocator<unsigned int> >::_M_realloc_insert<unsigned int const&>(__gnu_cxx::__normal_iterator<unsigned int*, std::vector<unsigned int, std::allocator<unsigned int> > >, unsigned int const&)
 .text.startup.main
                0x0000000000100e20      0x538 main.o
                0x0000000000100e20                main
 .text.startup._GLOBAL__sub_I_main
                0x0000000000101358       0x1c main.o
 .text.exit._GLOBAL__sub_D_main
                0x0000000000101374       0x18 main.o
 .text.C2Di_FrameEndHook
                0x000000000010138c       0x44 C:/devkitPro/libctru/lib\libcitro2d.a(base.o)
 .text.C2D_Init
                0x00000000001013d0      0x36c C:/devkitPro/libctru/lib\libcitro2d.a(base.o)
                0x00000000001013d0                C2D_Init
 .text.C2D_Fini
                0x000000000010173c       0x4c C:/devkitPro/libctru/lib\libcitro2d.a(base.o)
                0x000000000010173c                C2D_Fini
 .text.C2D_Prepare
                0x0000000000101788       0xb8 C:/devkitPro/libctru/lib\libcitro2d.a(base.o)
                0x0000000000101788                C2D_Prepare
 .text.C2D_Flush
                0x0000000000101840       0x48 C:/devkitPro/libctru/lib\libcitro2d.a(base.o)
                0x0000000000101840                C2D_Flush
 .text.C2D_SceneSize
                0x0000000000101888      0x104 C:/devkitPro/libctru/lib\libcitro2d.a(base.o)
                0x0000000000101888                C2D_SceneSize
 .text.C2D_TargetClear
                0x000000000010198c       0x64 C:/devkitPro/libctru/lib\libcitro2d.a(base.o)
                0x000000000010198c                C2D_TargetClear
 .text.C2Di_CalcQuad
                0x00000000001019f0      0x13c C:/devkitPro/libctru/lib\libcitro2d.a(base.o)
                0x00000000001019f0                C2Di_CalcQuad
 .text.C2Di_AppendQuad
                0x0000000000101b2c       0x58 C:/devkitPro/libctru/lib\libcitro2d.a(base.o)
                0x0000000000101b2c                C2Di_AppendQuad
 .text.C2Di_Update
                0x0000000000101b84      0x550 C:/devkitPro/libctru/lib\libcitro2d.a(base.o)
                0x0000000000101b84                C2Di_Update
 .text.C2D_DrawImage
                0x00000000001020d4      0x2b0 C:/devkitPro/libctru/lib\libcitro2d.a(base.o)
                0x00000000001020d4                C2D_DrawImage
 .text.C2D_SpriteSheetLoadFromHandle
                0x0000000000102384       0x6c C:/devkitPro/libctru/lib\libcitro2d.a(spritesheet.o)
                0x0000000000102384                C2D_SpriteSheetLoadFromHandle
 .text.C2D_SpriteSheetLoad
                0x00000000001023f0       0x48 C:/devkitPro/libctru/lib\libcitro2d.a(spritesheet.o)
                0x00000000001023f0                C2D_SpriteSheetLoad
 .text.C2D_SpriteSheetFree
                0x0000000000102438       0x28 C:/devkitPro/libctru/lib\libcitro2d.a(spritesheet.o)
                0x0000000000102438                C2D_SpriteSheetFree
 .text.C2D_SpriteSheetCount
                0x0000000000102460        0x8 C:/devkitPro/libctru/lib\libcitro2d.a(spritesheet.o)
                0x0000000000102460                C2D_SpriteSheetCount
 .text.C2D_SpriteSheetGetImage
                0x0000000000102468       0x2c C:/devkitPro/libctru/lib\libcitro2d.a(spritesheet.o)
                0x0000000000102468                C2D_SpriteSheetGetImage
 .text.C3Di_LightEnvUpdate
                0x0000000000102494        0x4 C:/devkitPro/libctru/lib\libcitro3d.a(base.o)
                0x0000000000102494                C3Di_LightEnvUpdate
 .text.C3Di_LightEnvDirty
                0x0000000000102498        0x4 C:/devkitPro/libctru/lib\libcitro3d.a(base.o)
                0x0000000000102498                C3Di_LightEnvDirty
 .text.C3Di_AptEventHook
                0x000000000010249c       0xb4 C:/devkitPro/libctru/lib\libcitro3d.a(base.o)
 .text.C3Di_GasUpdate
                0x0000000000102550        0x4 C:/devkitPro/libctru/lib\libcitro3d.a(base.o)
                0x0000000000102550                C3Di_GasUpdate
 .text.C3D_Init
                0x0000000000102554      0x1e0 C:/devkitPro/libctru/lib\libcitro3d.a(base.o)
                0x0000000000102554                C3D_Init
 .text.C3D_SetViewport
                0x0000000000102734       0x98 C:/devkitPro/libctru/lib\libcitro3d.a(base.o)
                0x0000000000102734                C3D_SetViewport
 .text.C3Di_UpdateContext
                0x00000000001027cc      0x4e8 C:/devkitPro/libctru/lib\libcitro3d.a(base.o)
                0x00000000001027cc                C3Di_UpdateContext
 .text.C3Di_SplitFrame
                0x0000000000102cb4       0xe0 C:/devkitPro/libctru/lib\libcitro3d.a(base.o)
                0x0000000000102cb4                C3Di_SplitFrame
 .text.C3D_Fini
                0x0000000000102d94       0x44 C:/devkitPro/libctru/lib\libcitro3d.a(base.o)
                0x0000000000102d94                C3D_Fini
 .text.C3D_BindProgram
                0x0000000000102dd8      0x114 C:/devkitPro/libctru/lib\libcitro3d.a(base.o)
                0x0000000000102dd8                C3D_BindProgram
 .text.onVBlank0
                0x0000000000102eec       0x4c C:/devkitPro/libctru/lib\libcitro3d.a(renderqueue.o)
 .text.onVBlank1
                0x0000000000102f38       0x4c C:/devkitPro/libctru/lib\libcitro3d.a(renderqueue.o)
 .text.C3Di_RenderTargetDestroy
                0x0000000000102f84       0x80 C:/devkitPro/libctru/lib\libcitro3d.a(renderqueue.o)
 .text.onQueueFinish
                0x0000000000103004       0xf4 C:/devkitPro/libctru/lib\libcitro3d.a(renderqueue.o)
 .text.C3Di_RenderQueueEnableVBlank
                0x00000000001030f8       0x38 C:/devkitPro/libctru/lib\libcitro3d.a(renderqueue.o)
                0x00000000001030f8                C3Di_RenderQueueEnableVBlank
 .text.C3Di_RenderQueueDisableVBlank
                0x0000000000103130       0x30 C:/devkitPro/libctru/lib\libcitro3d.a(renderqueue.o)
                0x0000000000103130                C3Di_RenderQueueDisableVBlank
 .text.C3Di_RenderQueueInit
                0x0000000000103160       0x60 C:/devkitPro/libctru/lib\libcitro3d.a(renderqueue.o)
                0x0000000000103160                C3Di_RenderQueueInit
 .text.C3Di_RenderQueueExit
                0x00000000001031c0       0xb0 C:/devkitPro/libctru/lib\libcitro3d.a(renderqueue.o)
                0x00000000001031c0                C3Di_RenderQueueExit
 .text.C3Di_RenderQueueWaitDone
                0x0000000000103270       0x34 C:/devkitPro/libctru/lib\libcitro3d.a(renderqueue.o)
                0x0000000000103270                C3Di_RenderQueueWaitDone
 .text.C3D_FrameBegin
                0x00000000001032a4       0xe4 C:/devkitPro/libctru/lib\libcitro3d.a(renderqueue.o)
                0x00000000001032a4                C3D_FrameBegin
 .text.C3D_FrameDrawOn
                0x0000000000103388       0x48 C:/devkitPro/libctru/lib\libcitro3d.a(renderqueue.o)
                0x0000000000103388                C3D_FrameDrawOn
 .text.C3D_FrameSplit
                0x00000000001033d0       0x58 C:/devkitPro/libctru/lib\libcitro3d.a(renderqueue.o)
                0x00000000001033d0                C3D_FrameSplit
 .text.C3D_FrameEnd
                0x0000000000103428      0x1d8 C:/devkitPro/libctru/lib\libcitro3d.a(renderqueue.o)
                0x0000000000103428                C3D_FrameEnd
 .text.C3D_FrameEndHook
                0x0000000000103600       0x1c C:/devkitPro/libctru/lib\libcitro3d.a(renderqueue.o)
                0x0000000000103600                C3D_FrameEndHook
 .text.C3D_RenderTargetCreate
                0x000000000010361c      0x184 C:/devkitPro/libctru/lib\libcitro3d.a(renderqueue.o)
                0x000000000010361c                C3D_RenderTargetCreate
 .text.C3D_RenderTargetSetOutput
                0x00000000001037a0       0xa8 C:/devkitPro/libctru/lib\libcitro3d.a(renderqueue.o)
                0x00000000001037a0                C3D_RenderTargetSetOutput
 .text.C3D_SyncTextureCopy
                0x0000000000103848       0xfc C:/devkitPro/libctru/lib\libcitro3d.a(renderqueue.o)
                0x0000000000103848                C3D_SyncTextureCopy
 .text.C3D_TexInitWithParams
                0x0000000000103944      0x294 C:/devkitPro/libctru/lib\libcitro3d.a(texture.o)
                0x0000000000103944                C3D_TexInitWithParams
 .text.C3D_TexLoadImage
                0x0000000000103bd8       0xc8 C:/devkitPro/libctru/lib\libcitro3d.a(texture.o)
                0x0000000000103bd8                C3D_TexLoadImage
 .text.C3D_TexBind
                0x0000000000103ca0       0x44 C:/devkitPro/libctru/lib\libcitro3d.a(texture.o)
                0x0000000000103ca0                C3D_TexBind
 .text.C3D_TexDelete
                0x0000000000103ce4       0x74 C:/devkitPro/libctru/lib\libcitro3d.a(texture.o)
                0x0000000000103ce4                C3D_TexDelete
 .text.C3Di_SetTex
                0x0000000000103d58      0x16c C:/devkitPro/libctru/lib\libcitro3d.a(texture.o)
                0x0000000000103d58                C3Di_SetTex
 .text.Tex3DSi_ImportCommon
                0x0000000000103ec4      0x3f4 C:/devkitPro/libctru/lib\libcitro3d.a(tex3ds.o)
 .text.Tex3DS_TextureImportStdio
                0x00000000001042b8       0x38 C:/devkitPro/libctru/lib\libcitro3d.a(tex3ds.o)
                0x00000000001042b8                Tex3DS_TextureImportStdio
 .text.Tex3DS_GetNumSubTextures
                0x00000000001042f0        0x8 C:/devkitPro/libctru/lib\libcitro3d.a(tex3ds.o)
                0x00000000001042f0                Tex3DS_GetNumSubTextures
 .text.Tex3DS_GetSubTexture
                0x00000000001042f8       0x1c C:/devkitPro/libctru/lib\libcitro3d.a(tex3ds.o)
                0x00000000001042f8                Tex3DS_GetSubTexture
 .text.Tex3DS_TextureFree
                0x0000000000104314        0x4 C:/devkitPro/libctru/lib\libcitro3d.a(tex3ds.o)
                0x0000000000104314                Tex3DS_TextureFree
 .text.C3D_CalcColorBufSize
                0x0000000000104318       0x1c C:/devkitPro/libctru/lib\libcitro3d.a(framebuffer.o)
                0x0000000000104318                C3D_CalcColorBufSize
 .text.C3D_CalcDepthBufSize
                0x0000000000104334       0x1c C:/devkitPro/libctru/lib\libcitro3d.a(framebuffer.o)
                0x0000000000104334                C3D_CalcDepthBufSize
 .text.C3D_SetFrameBuf
                0x0000000000104350       0x44 C:/devkitPro/libctru/lib\libcitro3d.a(framebuffer.o)
                0x0000000000104350                C3D_SetFrameBuf
 .text.C3Di_FrameBufBind
                0x0000000000104394      0x16c C:/devkitPro/libctru/lib\libcitro3d.a(framebuffer.o)
                0x0000000000104394                C3Di_FrameBufBind
 .text.C3D_FrameBufClear
                0x0000000000104500       0xc8 C:/devkitPro/libctru/lib\libcitro3d.a(framebuffer.o)
                0x0000000000104500                C3D_FrameBufClear
 .text.C3D_FrameBufTransfer
                0x00000000001045c8       0x44 C:/devkitPro/libctru/lib\libcitro3d.a(framebuffer.o)
                0x00000000001045c8                C3D_FrameBufTransfer
 .text.C3D_GetTexEnv
                0x000000000010460c       0x34 C:/devkitPro/libctru/lib\libcitro3d.a(texenv.o)
                0x000000000010460c                C3D_GetTexEnv
 .text.C3Di_TexEnvBind
                0x0000000000104640       0x24 C:/devkitPro/libctru/lib\libcitro3d.a(texenv.o)
                0x0000000000104640                C3Di_TexEnvBind
 .text.C3D_DrawElements
                0x0000000000104664      0x218 C:/devkitPro/libctru/lib\libcitro3d.a(drawElements.o)
                0x0000000000104664                C3D_DrawElements
 .text.C3D_ProcTexInit
                0x000000000010487c       0x70 C:/devkitPro/libctru/lib\libcitro3d.a(proctex.o)
                0x000000000010487c                C3D_ProcTexInit
 .text.C3D_ProcTexBind
                0x00000000001048ec       0x54 C:/devkitPro/libctru/lib\libcitro3d.a(proctex.o)
                0x00000000001048ec                C3D_ProcTexBind
 .text.C3D_ProcTexLutBind
                0x0000000000104940       0x5c C:/devkitPro/libctru/lib\libcitro3d.a(proctex.o)
                0x0000000000104940                C3D_ProcTexLutBind
 .text.ProcTexLut_FromArray
                0x000000000010499c       0xa4 C:/devkitPro/libctru/lib\libcitro3d.a(proctex.o)
                0x000000000010499c                ProcTexLut_FromArray
 .text.C3Di_ProcTexUpdate
                0x0000000000104a40      0x17c C:/devkitPro/libctru/lib\libcitro3d.a(proctex.o)
                0x0000000000104a40                C3Di_ProcTexUpdate
 .text.C3Di_ProcTexDirty
                0x0000000000104bbc       0x68 C:/devkitPro/libctru/lib\libcitro3d.a(proctex.o)
                0x0000000000104bbc                C3Di_ProcTexDirty
 .text.BufInfo_Init
                0x0000000000104c24       0x24 C:/devkitPro/libctru/lib\libcitro3d.a(buffers.o)
                0x0000000000104c24                BufInfo_Init
 .text.BufInfo_Add
                0x0000000000104c48       0x80 C:/devkitPro/libctru/lib\libcitro3d.a(buffers.o)
                0x0000000000104c48                BufInfo_Add
 .text.C3D_SetBufInfo
                0x0000000000104cc8       0x40 C:/devkitPro/libctru/lib\libcitro3d.a(buffers.o)
                0x0000000000104cc8                C3D_SetBufInfo
 .text.C3Di_BufInfoBind
                0x0000000000104d08       0x48 C:/devkitPro/libctru/lib\libcitro3d.a(buffers.o)
                0x0000000000104d08                C3Di_BufInfoBind
 .text.C3D_DepthMap
                0x0000000000104d50       0x40 C:/devkitPro/libctru/lib\libcitro3d.a(effect.o)
                0x0000000000104d50                C3D_DepthMap
 .text.C3D_CullFace
                0x0000000000104d90       0x1c C:/devkitPro/libctru/lib\libcitro3d.a(effect.o)
                0x0000000000104d90                C3D_CullFace
 .text.C3D_StencilTest
                0x0000000000104dac       0x40 C:/devkitPro/libctru/lib\libcitro3d.a(effect.o)
                0x0000000000104dac                C3D_StencilTest
 .text.C3D_StencilOp
                0x0000000000104dec       0x24 C:/devkitPro/libctru/lib\libcitro3d.a(effect.o)
                0x0000000000104dec                C3D_StencilOp
 .text.C3D_BlendingColor
                0x0000000000104e10       0x1c C:/devkitPro/libctru/lib\libcitro3d.a(effect.o)
                0x0000000000104e10                C3D_BlendingColor
 .text.C3D_EarlyDepthTest
                0x0000000000104e2c       0x24 C:/devkitPro/libctru/lib\libcitro3d.a(effect.o)
                0x0000000000104e2c                C3D_EarlyDepthTest
 .text.C3D_DepthTest
                0x0000000000104e50       0x2c C:/devkitPro/libctru/lib\libcitro3d.a(effect.o)
                0x0000000000104e50                C3D_DepthTest
 .text.C3D_AlphaTest
                0x0000000000104e7c       0x2c C:/devkitPro/libctru/lib\libcitro3d.a(effect.o)
                0x0000000000104e7c                C3D_AlphaTest
 .text.C3D_AlphaBlend
                0x0000000000104ea8       0x50 C:/devkitPro/libctru/lib\libcitro3d.a(effect.o)
                0x0000000000104ea8                C3D_AlphaBlend
 .text.C3D_FragOpMode
                0x0000000000104ef8       0x30 C:/devkitPro/libctru/lib\libcitro3d.a(effect.o)
                0x0000000000104ef8                C3D_FragOpMode
 .text.C3D_FragOpShadow
                0x0000000000104f28       0x44 C:/devkitPro/libctru/lib\libcitro3d.a(effect.o)
                0x0000000000104f28                C3D_FragOpShadow
 .text.C3Di_EffectBind
                0x0000000000104f6c      0x1ac C:/devkitPro/libctru/lib\libcitro3d.a(effect.o)
                0x0000000000104f6c                C3Di_EffectBind
 .text.AttrInfo_Init
                0x0000000000105118       0x28 C:/devkitPro/libctru/lib\libcitro3d.a(attribs.o)
                0x0000000000105118                AttrInfo_Init
 .text.AttrInfo_AddLoader
                0x0000000000105140       0x94 C:/devkitPro/libctru/lib\libcitro3d.a(attribs.o)
                0x0000000000105140                AttrInfo_AddLoader
 .text.C3D_SetAttrInfo
                0x00000000001051d4       0x54 C:/devkitPro/libctru/lib\libcitro3d.a(attribs.o)
                0x00000000001051d4                C3D_SetAttrInfo
 .text.C3Di_AttrInfoBind
                0x0000000000105228       0x80 C:/devkitPro/libctru/lib\libcitro3d.a(attribs.o)
                0x0000000000105228                C3Di_AttrInfoBind
 .text.C3D_ImmSendAttrib
                0x00000000001052a8       0xa8 C:/devkitPro/libctru/lib\libcitro3d.a(immediate.o)
                0x00000000001052a8                C3D_ImmSendAttrib
 .text.C3D_UpdateUniforms
                0x0000000000105350      0x280 C:/devkitPro/libctru/lib\libcitro3d.a(uniforms.o)
                0x0000000000105350                C3D_UpdateUniforms
 .text.C3Di_DirtyUniforms
                0x00000000001055d0       0xc0 C:/devkitPro/libctru/lib\libcitro3d.a(uniforms.o)
                0x00000000001055d0                C3Di_DirtyUniforms
 .text.C3Di_LoadShaderUniforms
                0x0000000000105690       0xd8 C:/devkitPro/libctru/lib\libcitro3d.a(uniforms.o)
                0x0000000000105690                C3Di_LoadShaderUniforms
 .text.C3Di_ClearShaderUniforms
                0x0000000000105768       0x28 C:/devkitPro/libctru/lib\libcitro3d.a(uniforms.o)
                0x0000000000105768                C3Di_ClearShaderUniforms
 .text.Mtx_Ortho
                0x0000000000105790       0xcc C:/devkitPro/libctru/lib\libcitro3d.a(mtx_ortho.o)
                0x0000000000105790                Mtx_Ortho
 .text.Mtx_OrthoTilt
                0x000000000010585c       0xcc C:/devkitPro/libctru/lib\libcitro3d.a(mtx_orthotilt.o)
                0x000000000010585c                Mtx_OrthoTilt
 .text._ZL21addrMapNodeComparatorPK11rbtree_nodeS1_
                0x0000000000105928       0x24 C:/devkitPro/libctru/lib\libctru.a(vram.o)
 .text._ZL21addrMapNodeDestructorP11rbtree_node
                0x000000000010594c        0x4 C:/devkitPro/libctru/lib\libctru.a(vram.o)
 .text.vramMemAlignAt
                0x0000000000105950      0x250 C:/devkitPro/libctru/lib\libctru.a(vram.o)
                0x0000000000105950                vramMemAlignAt
 .text.vramAlloc
                0x0000000000105ba0        0xc C:/devkitPro/libctru/lib\libctru.a(vram.o)
                0x0000000000105ba0                vramAlloc
 .text.vramAllocAt
                0x0000000000105bac        0xc C:/devkitPro/libctru/lib\libctru.a(vram.o)
                0x0000000000105bac                vramAllocAt
 .text.vramFree
                0x0000000000105bb8       0x90 C:/devkitPro/libctru/lib\libctru.a(vram.o)
                0x0000000000105bb8                vramFree
 .text._ZL21addrMapNodeComparatorPK11rbtree_nodeS1_
                0x0000000000105c48       0x24 C:/devkitPro/libctru/lib\libctru.a(linear.o)
 .text._ZL21addrMapNodeDestructorP11rbtree_node
                0x0000000000105c6c        0x4 C:/devkitPro/libctru/lib\libctru.a(linear.o)
 .text.linearMemAlign
                0x0000000000105c70      0x120 C:/devkitPro/libctru/lib\libctru.a(linear.o)
                0x0000000000105c70                linearMemAlign
 .text.linearAlloc
                0x0000000000105d90        0x8 C:/devkitPro/libctru/lib\libctru.a(linear.o)
                0x0000000000105d90                linearAlloc
 .text.linearFree
                0x0000000000105d98       0x5c C:/devkitPro/libctru/lib\libctru.a(linear.o)
                0x0000000000105d98                linearFree
 .text._ZN7MemPool13CoalesceRightEP8MemBlock
                0x0000000000105df4       0x80 C:/devkitPro/libctru/lib\libctru.a(mem_pool.o)
                0x0000000000105df4                MemPool::CoalesceRight(MemBlock*)
 .text._ZN7MemPool8AllocateER8MemChunkmi
                0x0000000000105e74      0x16c C:/devkitPro/libctru/lib\libctru.a(mem_pool.o)
                0x0000000000105e74                MemPool::Allocate(MemChunk&, unsigned long, int)
 .text._ZN7MemPool10DeallocateERK8MemChunk
                0x0000000000105fe0       0xfc C:/devkitPro/libctru/lib\libctru.a(mem_pool.o)
                0x0000000000105fe0                MemPool::Deallocate(MemChunk const&)
 .text._ZN7MemPool12GetFreeSpaceEv
                0x00000000001060dc       0x30 C:/devkitPro/libctru/lib\libctru.a(mem_pool.o)
                0x00000000001060dc                MemPool::GetFreeSpace()
 .text.romfs_close
                0x000000000010610c        0x8 C:/devkitPro/libctru/lib\libctru.a(romfs_dev.o)
 .text.romfs_seek
                0x0000000000106114       0xc0 C:/devkitPro/libctru/lib\libctru.a(romfs_dev.o)
 .text.romfs_dirreset
                0x00000000001061d4       0x24 C:/devkitPro/libctru/lib\libctru.a(romfs_dev.o)
 .text.fill_dir
                0x00000000001061f8       0xc8 C:/devkitPro/libctru/lib\libctru.a(romfs_dev.o)
 .text.romfs_dirnext
                0x00000000001062c0      0x28c C:/devkitPro/libctru/lib\libctru.a(romfs_dev.o)
 .text.romfs_free
                0x000000000010654c       0x84 C:/devkitPro/libctru/lib\libctru.a(romfs_dev.o)
 .text.searchForFile.constprop.0
                0x00000000001065d0       0xd4 C:/devkitPro/libctru/lib\libctru.a(romfs_dev.o)
 .text.searchForDir.constprop.0
                0x00000000001066a4       0xd8 C:/devkitPro/libctru/lib\libctru.a(romfs_dev.o)
 .text.navigateToDir.constprop.0
                0x000000000010677c      0x1c0 C:/devkitPro/libctru/lib\libctru.a(romfs_dev.o)
 .text.romfs_open
                0x000000000010693c      0x10c C:/devkitPro/libctru/lib\libctru.a(romfs_dev.o)
 .text.romfs_chdir
                0x0000000000106a48       0x4c C:/devkitPro/libctru/lib\libctru.a(romfs_dev.o)
 .text.romfs_diropen
                0x0000000000106a94       0x70 C:/devkitPro/libctru/lib\libctru.a(romfs_dev.o)
 .text.romfs_stat
                0x0000000000106b04      0x174 C:/devkitPro/libctru/lib\libctru.a(romfs_dev.o)
 .text.romfs_dirclose
                0x0000000000106c78        0x8 C:/devkitPro/libctru/lib\libctru.a(romfs_dev.o)
 .text.romfs_fstat
                0x0000000000106c80       0x84 C:/devkitPro/libctru/lib\libctru.a(romfs_dev.o)
 .text.romfs_read
                0x0000000000106d04       0xd0 C:/devkitPro/libctru/lib\libctru.a(romfs_dev.o)
 .text.romfsMountFromFile
                0x0000000000106dd4      0x28c C:/devkitPro/libctru/lib\libctru.a(romfs_dev.o)
                0x0000000000106dd4                romfsMountFromFile
 .text.romfsMountFromCurrentProcess
                0x0000000000107060       0x98 C:/devkitPro/libctru/lib\libctru.a(romfs_dev.o)
                0x0000000000107060                romfsMountFromCurrentProcess
 .text.romfsMountSelf
                0x00000000001070f8      0x260 C:/devkitPro/libctru/lib\libctru.a(romfs_dev.o)
                0x00000000001070f8                romfsMountSelf
 .text.romfsUnmount
                0x0000000000107358       0xa0 C:/devkitPro/libctru/lib\libctru.a(romfs_dev.o)
                0x0000000000107358                romfsUnmount
 .text.osConvertVirtToPhys
                0x00000000001073f8       0x74 C:/devkitPro/libctru/lib\libctru.a(os.o)
                0x00000000001073f8                osConvertVirtToPhys
 .text.osGetTimeRef
                0x000000000010746c       0x54 C:/devkitPro/libctru/lib\libctru.a(os.o)
                0x000000000010746c                osGetTimeRef
 .text.osGetTime
                0x00000000001074c0       0xec C:/devkitPro/libctru/lib\libctru.a(os.o)
                0x00000000001074c0                osGetTime
 .text.__ctru_speedup_config
                0x00000000001075ac       0x34 C:/devkitPro/libctru/lib\libctru.a(os.o)
                0x00000000001075ac                __ctru_speedup_config
 .text.gfxPresentFramebuffer
                0x00000000001075e0       0xd0 C:/devkitPro/libctru/lib\libctru.a(gfx.o)
 .text.gfxSetScreenFormat
                0x00000000001076b0       0xec C:/devkitPro/libctru/lib\libctru.a(gfx.o)
                0x00000000001076b0                gfxSetScreenFormat
 .text.gfxInit  0x000000000010779c       0xe0 C:/devkitPro/libctru/lib\libctru.a(gfx.o)
                0x000000000010779c                gfxInit
 .text.gfxInitDefault
                0x000000000010787c       0x10 C:/devkitPro/libctru/lib\libctru.a(gfx.o)
                0x000000000010787c                gfxInitDefault
 .text.gfxExit  0x000000000010788c       0xb4 C:/devkitPro/libctru/lib\libctru.a(gfx.o)
                0x000000000010788c                gfxExit
 .text.gfxGetFramebuffer
                0x0000000000107940       0xa0 C:/devkitPro/libctru/lib\libctru.a(gfx.o)
                0x0000000000107940                gfxGetFramebuffer
 .text.gfxScreenSwapBuffers
                0x00000000001079e0       0x30 C:/devkitPro/libctru/lib\libctru.a(gfx.o)
                0x00000000001079e0                gfxScreenSwapBuffers
 .text.shaderInstanceInit
                0x0000000000107a10      0x1d4 C:/devkitPro/libctru/lib\libctru.a(shaderProgram.o)
                0x0000000000107a10                shaderInstanceInit
 .text.shaderInstanceGetUniformLocation
                0x0000000000107be4       0x18 C:/devkitPro/libctru/lib\libctru.a(shaderProgram.o)
                0x0000000000107be4                shaderInstanceGetUniformLocation
 .text.shaderProgramInit
                0x0000000000107bfc       0x1c C:/devkitPro/libctru/lib\libctru.a(shaderProgram.o)
                0x0000000000107bfc                shaderProgramInit
 .text.shaderProgramFree
                0x0000000000107c18       0x64 C:/devkitPro/libctru/lib\libctru.a(shaderProgram.o)
                0x0000000000107c18                shaderProgramFree
 .text.shaderProgramSetVsh
                0x0000000000107c7c       0x80 C:/devkitPro/libctru/lib\libctru.a(shaderProgram.o)
                0x0000000000107c7c                shaderProgramSetVsh
 .text.shaderProgramConfigure
                0x0000000000107cfc      0x8e0 C:/devkitPro/libctru/lib\libctru.a(shaderProgram.o)
                0x0000000000107cfc                shaderProgramConfigure
 .text.DVLE_GenerateOutmap.part.0
                0x00000000001085dc      0x1cc C:/devkitPro/libctru/lib\libctru.a(shbin.o)
 .text.DVLB_ParseFile
                0x00000000001087a8      0x1b4 C:/devkitPro/libctru/lib\libctru.a(shbin.o)
                0x00000000001087a8                DVLB_ParseFile
 .text.DVLB_Free
                0x000000000010895c       0x38 C:/devkitPro/libctru/lib\libctru.a(shbin.o)
                0x000000000010895c                DVLB_Free
 .text.DVLE_GetUniformRegister
                0x0000000000108994       0x74 C:/devkitPro/libctru/lib\libctru.a(shbin.o)
                0x0000000000108994                DVLE_GetUniformRegister
 .text.GX_BindQueue
                0x0000000000108a08       0x10 C:/devkitPro/libctru/lib\libctru.a(gx.o)
                0x0000000000108a08                GX_BindQueue
 .text.GX_ProcessCommandList
                0x0000000000108a18       0x78 C:/devkitPro/libctru/lib\libctru.a(gx.o)
                0x0000000000108a18                GX_ProcessCommandList
 .text.GX_MemoryFill
                0x0000000000108a90       0x74 C:/devkitPro/libctru/lib\libctru.a(gx.o)
                0x0000000000108a90                GX_MemoryFill
 .text.GX_DisplayTransfer
                0x0000000000108b04       0x70 C:/devkitPro/libctru/lib\libctru.a(gx.o)
                0x0000000000108b04                GX_DisplayTransfer
 .text.GX_TextureCopy
                0x0000000000108b74       0x74 C:/devkitPro/libctru/lib\libctru.a(gx.o)
                0x0000000000108b74                GX_TextureCopy
 .text.gxCmdQueueDoCommands.part.0
                0x0000000000108be8       0x68 C:/devkitPro/libctru/lib\libctru.a(gxqueue.o)
 .text.gxCmdQueueInterrupt
                0x0000000000108c50       0xc8 C:/devkitPro/libctru/lib\libctru.a(gxqueue.o)
                0x0000000000108c50                gxCmdQueueInterrupt
 .text.gxCmdQueueClear
                0x0000000000108d18       0x4c C:/devkitPro/libctru/lib\libctru.a(gxqueue.o)
                0x0000000000108d18                gxCmdQueueClear
 .text.gxCmdQueueAdd
                0x0000000000108d64       0xf8 C:/devkitPro/libctru/lib\libctru.a(gxqueue.o)
                0x0000000000108d64                gxCmdQueueAdd
 .text.gxCmdQueueRun
                0x0000000000108e5c       0x80 C:/devkitPro/libctru/lib\libctru.a(gxqueue.o)
                0x0000000000108e5c                gxCmdQueueRun
 .text.gxCmdQueueStop
                0x0000000000108edc       0x60 C:/devkitPro/libctru/lib\libctru.a(gxqueue.o)
                0x0000000000108edc                gxCmdQueueStop
 .text.gxCmdQueueWait
                0x0000000000108f3c       0x74 C:/devkitPro/libctru/lib\libctru.a(gxqueue.o)
                0x0000000000108f3c                gxCmdQueueWait
 .text.GPUCMD_Add
                0x0000000000108fb0      0x13c C:/devkitPro/libctru/lib\libctru.a(gpu.o)
                0x0000000000108fb0                GPUCMD_Add
 .text.GPUCMD_Split
                0x00000000001090ec       0xb0 C:/devkitPro/libctru/lib\libctru.a(gpu.o)
                0x00000000001090ec                GPUCMD_Split
 .text.f32tof16
                0x000000000010919c       0x34 C:/devkitPro/libctru/lib\libctru.a(gpu.o)
                0x000000000010919c                f32tof16
 .text.f32tof24
                0x00000000001091d0       0x34 C:/devkitPro/libctru/lib\libctru.a(gpu.o)
                0x00000000001091d0                f32tof24
 .text.f32tof31
                0x0000000000109204       0x38 C:/devkitPro/libctru/lib\libctru.a(gpu.o)
                0x0000000000109204                f32tof31
 .text.gspHardwareInit
                0x000000000010923c      0xc58 C:/devkitPro/libctru/lib\libctru.a(gspgpu.o)
 .text.gspInit  0x0000000000109e94      0x248 C:/devkitPro/libctru/lib\libctru.a(gspgpu.o)
                0x0000000000109e94                gspInit
 .text.gspExit  0x000000000010a0dc       0xf0 C:/devkitPro/libctru/lib\libctru.a(gspgpu.o)
                0x000000000010a0dc                gspExit
 .text.gspHasGpuRight
                0x000000000010a1cc       0x10 C:/devkitPro/libctru/lib\libctru.a(gspgpu.o)
                0x000000000010a1cc                gspHasGpuRight
 .text.gspPresentBuffer
                0x000000000010a1dc       0xa0 C:/devkitPro/libctru/lib\libctru.a(gspgpu.o)
                0x000000000010a1dc                gspPresentBuffer
 .text.gspSetEventCallback
                0x000000000010a27c       0x30 C:/devkitPro/libctru/lib\libctru.a(gspgpu.o)
                0x000000000010a27c                gspSetEventCallback
 .text.gspWaitForEvent
                0x000000000010a2ac       0x44 C:/devkitPro/libctru/lib\libctru.a(gspgpu.o)
                0x000000000010a2ac                gspWaitForEvent
 .text.gspWaitForAnyEvent
                0x000000000010a2f0       0x4c C:/devkitPro/libctru/lib\libctru.a(gspgpu.o)
                0x000000000010a2f0                gspWaitForAnyEvent
 .text.gspEventThreadMain
                0x000000000010a33c      0x158 C:/devkitPro/libctru/lib\libctru.a(gspgpu.o)
 .text.gspSubmitGxCommand
                0x000000000010a494      0x130 C:/devkitPro/libctru/lib\libctru.a(gspgpu.o)
                0x000000000010a494                gspSubmitGxCommand
 .text.GSPGPU_FlushDataCache
                0x000000000010a5c4       0x50 C:/devkitPro/libctru/lib\libctru.a(gspgpu.o)
                0x000000000010a5c4                GSPGPU_FlushDataCache
 .text.GSPGPU_SetLcdForceBlack
                0x000000000010a614       0x34 C:/devkitPro/libctru/lib\libctru.a(gspgpu.o)
                0x000000000010a614                GSPGPU_SetLcdForceBlack
 .text.GSPGPU_AcquireRight
                0x000000000010a648       0x68 C:/devkitPro/libctru/lib\libctru.a(gspgpu.o)
                0x000000000010a648                GSPGPU_AcquireRight
 .text.GSPGPU_ReleaseRight
                0x000000000010a6b0       0x48 C:/devkitPro/libctru/lib\libctru.a(gspgpu.o)
                0x000000000010a6b0                GSPGPU_ReleaseRight
 .text.GSPGPU_ImportDisplayCaptureInfo
                0x000000000010a6f8       0x7c C:/devkitPro/libctru/lib\libctru.a(gspgpu.o)
                0x000000000010a6f8                GSPGPU_ImportDisplayCaptureInfo
 .text.GSPGPU_SaveVramSysArea
                0x000000000010a774       0x2c C:/devkitPro/libctru/lib\libctru.a(gspgpu.o)
                0x000000000010a774                GSPGPU_SaveVramSysArea
 .text.GSPGPU_RestoreVramSysArea
                0x000000000010a7a0       0x2c C:/devkitPro/libctru/lib\libctru.a(gspgpu.o)
                0x000000000010a7a0                GSPGPU_RestoreVramSysArea
 .text.aptConvertScreenForCapture
                0x000000000010a7cc      0x1a4 C:/devkitPro/libctru/lib\libctru.a(apt.o)
 .text.aptDspSleep
                0x000000000010a970        0x8 C:/devkitPro/libctru/lib\libctru.a(apt.o)
                0x000000000010a970                aptDspSleep
 .text.aptDspWakeup
                0x000000000010a978        0x4 C:/devkitPro/libctru/lib\libctru.a(apt.o)
                0x000000000010a978                aptDspWakeup
 .text.aptDspCancel
                0x000000000010a97c        0x4 C:/devkitPro/libctru/lib\libctru.a(apt.o)
                0x000000000010a97c                aptDspCancel
 .text.aptSendCommand
                0x000000000010a980      0x158 C:/devkitPro/libctru/lib\libctru.a(apt.o)
                0x000000000010a980                aptSendCommand
 .text.aptExitProcess
                0x000000000010aad8       0x44 C:/devkitPro/libctru/lib\libctru.a(apt.o)
 .text.aptExit  0x000000000010ab1c      0x3b0 C:/devkitPro/libctru/lib\libctru.a(apt.o)
                0x000000000010ab1c                aptExit
 .text.aptHandleSleep
                0x000000000010aecc       0xe0 C:/devkitPro/libctru/lib\libctru.a(apt.o)
                0x000000000010aecc                aptHandleSleep
 .text.aptHook  0x000000000010afac       0x30 C:/devkitPro/libctru/lib\libctru.a(apt.o)
                0x000000000010afac                aptHook
 .text.aptUnhook
                0x000000000010afdc       0x30 C:/devkitPro/libctru/lib\libctru.a(apt.o)
                0x000000000010afdc                aptUnhook
 .text.APT_SleepIfShellClosed
                0x000000000010b00c       0x84 C:/devkitPro/libctru/lib\libctru.a(apt.o)
                0x000000000010b00c                APT_SleepIfShellClosed
 .text.aptSetSleepAllowed
                0x000000000010b090       0x84 C:/devkitPro/libctru/lib\libctru.a(apt.o)
                0x000000000010b090                aptSetSleepAllowed
 .text.APT_UnlockTransition
                0x000000000010b114       0x84 C:/devkitPro/libctru/lib\libctru.a(apt.o)
                0x000000000010b114                APT_UnlockTransition
 .text.aptEventHandler
                0x000000000010b198      0x4a4 C:/devkitPro/libctru/lib\libctru.a(apt.o)
 .text.APT_ReceiveParameter
                0x000000000010b63c       0xb0 C:/devkitPro/libctru/lib\libctru.a(apt.o)
                0x000000000010b63c                APT_ReceiveParameter
 .text.aptReceiveParameter.constprop.0
                0x000000000010b6ec       0xb0 C:/devkitPro/libctru/lib\libctru.a(apt.o)
 *fill*         0x000000000010b79c        0x4 
 .text.aptScreenTransfer
                0x000000000010b7a0      0x2ac C:/devkitPro/libctru/lib\libctru.a(apt.o)
 .text.aptWaitForWakeUp.isra.0
                0x000000000010ba4c      0x344 C:/devkitPro/libctru/lib\libctru.a(apt.o)
 .text.aptJumpToHomeMenu
                0x000000000010bd90      0x100 C:/devkitPro/libctru/lib\libctru.a(apt.o)
                0x000000000010bd90                aptJumpToHomeMenu
 .text.aptMainLoop
                0x000000000010be90       0x48 C:/devkitPro/libctru/lib\libctru.a(apt.o)
                0x000000000010be90                aptMainLoop
 .text.aptInit  0x000000000010bed8      0x22c C:/devkitPro/libctru/lib\libctru.a(apt.o)
                0x000000000010bed8                aptInit
 .text.APT_CheckNew3DS
                0x000000000010c104       0x7c C:/devkitPro/libctru/lib\libctru.a(apt.o)
                0x000000000010c104                APT_CheckNew3DS
 .text.hidShouldUseIrrst
                0x000000000010c180       0x24 C:/devkitPro/libctru/lib\libctru.a(hid.o)
                0x000000000010c180                hidShouldUseIrrst
 .text.hidInit  0x000000000010c1a4      0x18c C:/devkitPro/libctru/lib\libctru.a(hid.o)
                0x000000000010c1a4                hidInit
 .text.hidExit  0x000000000010c330       0xe8 C:/devkitPro/libctru/lib\libctru.a(hid.o)
                0x000000000010c330                hidExit
 .text.hidScanInput
                0x000000000010c418      0x2a4 C:/devkitPro/libctru/lib\libctru.a(hid.o)
                0x000000000010c418                hidScanInput
 .text.hidKeysDown
                0x000000000010c6bc       0x10 C:/devkitPro/libctru/lib\libctru.a(hid.o)
                0x000000000010c6bc                hidKeysDown
 .text.hidTouchRead
                0x000000000010c6cc       0x18 C:/devkitPro/libctru/lib\libctru.a(hid.o)
                0x000000000010c6cc                hidTouchRead
 .text.ptmSysmInit
                0x000000000010c6e4       0x74 C:/devkitPro/libctru/lib\libctru.a(ptmsysm.o)
                0x000000000010c6e4                ptmSysmInit
 .text.ptmSysmExit
                0x000000000010c758       0x3c C:/devkitPro/libctru/lib\libctru.a(ptmsysm.o)
                0x000000000010c758                ptmSysmExit
 .text.PTMSYSM_ConfigureNew3DSCPU
                0x000000000010c794       0x34 C:/devkitPro/libctru/lib\libctru.a(ptmsysm.o)
                0x000000000010c794                PTMSYSM_ConfigureNew3DSCPU
 .text.fsInit   0x000000000010c7c8       0xcc C:/devkitPro/libctru/lib\libctru.a(fs.o)
                0x000000000010c7c8                fsInit
 .text.fsExit   0x000000000010c894       0x3c C:/devkitPro/libctru/lib\libctru.a(fs.o)
                0x000000000010c894                fsExit
 .text.fsExemptFromSession
                0x000000000010c8d0       0x60 C:/devkitPro/libctru/lib\libctru.a(fs.o)
                0x000000000010c8d0                fsExemptFromSession
 .text.fsUnexemptFromSession
                0x000000000010c930       0x50 C:/devkitPro/libctru/lib\libctru.a(fs.o)
                0x000000000010c930                fsUnexemptFromSession
 .text.FSUSER_OpenFile
                0x000000000010c980       0xcc C:/devkitPro/libctru/lib\libctru.a(fs.o)
                0x000000000010c980                FSUSER_OpenFile
 .text.FSUSER_OpenFileDirectly
                0x000000000010ca4c       0xd4 C:/devkitPro/libctru/lib\libctru.a(fs.o)
                0x000000000010ca4c                FSUSER_OpenFileDirectly
 .text.FSUSER_DeleteFile
                0x000000000010cb20       0xbc C:/devkitPro/libctru/lib\libctru.a(fs.o)
                0x000000000010cb20                FSUSER_DeleteFile
 .text.FSUSER_RenameFile
                0x000000000010cbdc       0xf8 C:/devkitPro/libctru/lib\libctru.a(fs.o)
                0x000000000010cbdc                FSUSER_RenameFile
 .text.FSUSER_DeleteDirectory
                0x000000000010ccd4       0xbc C:/devkitPro/libctru/lib\libctru.a(fs.o)
                0x000000000010ccd4                FSUSER_DeleteDirectory
 .text.FSUSER_CreateFile
                0x000000000010cd90       0xd4 C:/devkitPro/libctru/lib\libctru.a(fs.o)
                0x000000000010cd90                FSUSER_CreateFile
 .text.FSUSER_CreateDirectory
                0x000000000010ce64       0xc4 C:/devkitPro/libctru/lib\libctru.a(fs.o)
                0x000000000010ce64                FSUSER_CreateDirectory
 .text.FSUSER_RenameDirectory
                0x000000000010cf28       0xf8 C:/devkitPro/libctru/lib\libctru.a(fs.o)
                0x000000000010cf28                FSUSER_RenameDirectory
 .text.FSUSER_OpenDirectory
                0x000000000010d020       0xb4 C:/devkitPro/libctru/lib\libctru.a(fs.o)
                0x000000000010d020                FSUSER_OpenDirectory
 .text.FSUSER_OpenArchive
                0x000000000010d0d4       0x98 C:/devkitPro/libctru/lib\libctru.a(fs.o)
                0x000000000010d0d4                FSUSER_OpenArchive
 .text.FSUSER_CloseArchive
                0x000000000010d16c       0x8c C:/devkitPro/libctru/lib\libctru.a(fs.o)
                0x000000000010d16c                FSUSER_CloseArchive
 .text.FSUSER_GetSdmcArchiveResource
                0x000000000010d1f8       0x74 C:/devkitPro/libctru/lib\libctru.a(fs.o)
                0x000000000010d1f8                FSUSER_GetSdmcArchiveResource
 .text.FSUSER_IsSdmcWritable
                0x000000000010d26c       0x64 C:/devkitPro/libctru/lib\libctru.a(fs.o)
                0x000000000010d26c                FSUSER_IsSdmcWritable
 .text.FSFILE_Read
                0x000000000010d2d0       0x58 C:/devkitPro/libctru/lib\libctru.a(fs.o)
                0x000000000010d2d0                FSFILE_Read
 .text.FSFILE_Write
                0x000000000010d328       0x60 C:/devkitPro/libctru/lib\libctru.a(fs.o)
                0x000000000010d328                FSFILE_Write
 .text.FSFILE_GetSize
                0x000000000010d388       0x3c C:/devkitPro/libctru/lib\libctru.a(fs.o)
                0x000000000010d388                FSFILE_GetSize
 .text.FSFILE_SetSize
                0x000000000010d3c4       0x28 C:/devkitPro/libctru/lib\libctru.a(fs.o)
                0x000000000010d3c4                FSFILE_SetSize
 .text.FSFILE_Close
                0x000000000010d3ec       0x3c C:/devkitPro/libctru/lib\libctru.a(fs.o)
                0x000000000010d3ec                FSFILE_Close
 .text.FSFILE_Flush
                0x000000000010d428       0x24 C:/devkitPro/libctru/lib\libctru.a(fs.o)
                0x000000000010d428                FSFILE_Flush
 .text.FSDIR_Read
                0x000000000010d44c       0x50 C:/devkitPro/libctru/lib\libctru.a(fs.o)
                0x000000000010d44c                FSDIR_Read
 .text.FSDIR_Close
                0x000000000010d49c       0x3c C:/devkitPro/libctru/lib\libctru.a(fs.o)
                0x000000000010d49c                FSDIR_Close
 .text.buffer_read
                0x000000000010d4d8       0xc4 C:/devkitPro/libctru/lib\libctru.a(decompress.o)
 .text.iov_read
                0x000000000010d59c       0xd0 C:/devkitPro/libctru/lib\libctru.a(decompress.o)
 .text.iov_memmove
                0x000000000010d66c      0x138 C:/devkitPro/libctru/lib\libctru.a(decompress.o)
 .text.decompress_rle
                0x000000000010d7a4      0x1dc C:/devkitPro/libctru/lib\libctru.a(decompress.o)
 .text.decompress_lzss
                0x000000000010d980      0x244 C:/devkitPro/libctru/lib\libctru.a(decompress.o)
 .text.decompress_lz11
                0x000000000010dbc4      0x424 C:/devkitPro/libctru/lib\libctru.a(decompress.o)
 .text.decompress_huff
                0x000000000010dfe8      0x2d8 C:/devkitPro/libctru/lib\libctru.a(decompress.o)
 .text.decompressCallback_Stdio
                0x000000000010e2c0       0x10 C:/devkitPro/libctru/lib\libctru.a(decompress.o)
                0x000000000010e2c0                decompressCallback_Stdio
 .text.decompressHeader
                0x000000000010e2d0       0xdc C:/devkitPro/libctru/lib\libctru.a(decompress.o)
                0x000000000010e2d0                decompressHeader
 .text.decompressV
                0x000000000010e3ac      0x240 C:/devkitPro/libctru/lib\libctru.a(decompress.o)
                0x000000000010e3ac                decompressV
 .text.rbtree_init
                0x000000000010e5ec       0x10 C:/devkitPro/libctru/lib\libctru.a(rbtree_init.o)
                0x000000000010e5ec                rbtree_init
 .text.do_insert
                0x000000000010e5fc      0x1b4 C:/devkitPro/libctru/lib\libctru.a(rbtree_insert.o)
 .text.rbtree_insert
                0x000000000010e7b0        0x8 C:/devkitPro/libctru/lib\libctru.a(rbtree_insert.o)
                0x000000000010e7b0                rbtree_insert
 .text.rbtree_rotate
                0x000000000010e7b8       0x90 C:/devkitPro/libctru/lib\libctru.a(rbtree_rotate.o)
                0x000000000010e7b8                rbtree_rotate
 .text.rbtree_remove
                0x000000000010e848      0x318 C:/devkitPro/libctru/lib\libctru.a(rbtree_remove.o)
                0x000000000010e848                rbtree_remove
 .text.rbtree_find
                0x000000000010eb60       0x74 C:/devkitPro/libctru/lib\libctru.a(rbtree_find.o)
                0x000000000010eb60                rbtree_find
 .text.utf16_to_utf8
                0x000000000010ebd4       0xe8 C:/devkitPro/libctru/lib\libctru.a(utf16_to_utf8.o)
                0x000000000010ebd4                utf16_to_utf8
 .text.decode_utf16
                0x000000000010ecbc       0x64 C:/devkitPro/libctru/lib\libctru.a(decode_utf16.o)
                0x000000000010ecbc                decode_utf16
 .text.utf8_to_utf16
                0x000000000010ed20       0xc0 C:/devkitPro/libctru/lib\libctru.a(utf8_to_utf16.o)
                0x000000000010ed20                utf8_to_utf16
 .text.__system_allocateHeaps
                0x000000000010ede0      0x1e0 C:/devkitPro/libctru/lib\libctru.a(allocateHeaps.o)
                0x000000000010ede0                __system_allocateHeaps
 .text.__libctru_init
                0x000000000010efc0       0x38 C:/devkitPro/libctru/lib\libctru.a(ctru_init.o)
                0x000000000010efc0                __libctru_init
 .text.__system_initArgv
                0x000000000010eff8      0x170 C:/devkitPro/libctru/lib\libctru.a(initArgv.o)
                0x000000000010eff8                __system_initArgv
 .text.svcControlMemory
                0x000000000010f168       0x20 C:/devkitPro/libctru/lib\libctru.a(svc.o)
                0x000000000010f168                svcControlMemory
 .text.svcQueryMemory
                0x000000000010f188       0x30 C:/devkitPro/libctru/lib\libctru.a(svc.o)
                0x000000000010f188                svcQueryMemory
 .text.svcExitProcess
                0x000000000010f1b8        0x8 C:/devkitPro/libctru/lib\libctru.a(svc.o)
                0x000000000010f1b8                svcExitProcess
 .text.svcCreateThread
                0x000000000010f1c0       0x20 C:/devkitPro/libctru/lib\libctru.a(svc.o)
                0x000000000010f1c0                svcCreateThread
 .text.svcExitThread
                0x000000000010f1e0        0x8 C:/devkitPro/libctru/lib\libctru.a(svc.o)
                0x000000000010f1e0                svcExitThread
 .text.svcSleepThread
                0x000000000010f1e8        0x8 C:/devkitPro/libctru/lib\libctru.a(svc.o)
                0x000000000010f1e8                svcSleepThread
 .text.svcReleaseMutex
                0x000000000010f1f0        0x8 C:/devkitPro/libctru/lib\libctru.a(svc.o)
                0x000000000010f1f0                svcReleaseMutex
 .text.svcCreateEvent
                0x000000000010f1f8       0x14 C:/devkitPro/libctru/lib\libctru.a(svc.o)
                0x000000000010f1f8                svcCreateEvent
 .text.svcSignalEvent
                0x000000000010f20c        0x8 C:/devkitPro/libctru/lib\libctru.a(svc.o)
                0x000000000010f20c                svcSignalEvent
 .text.svcClearEvent
                0x000000000010f214        0x8 C:/devkitPro/libctru/lib\libctru.a(svc.o)
                0x000000000010f214                svcClearEvent
 .text.svcMapMemoryBlock
                0x000000000010f21c        0x8 C:/devkitPro/libctru/lib\libctru.a(svc.o)
                0x000000000010f21c                svcMapMemoryBlock
 .text.svcUnmapMemoryBlock
                0x000000000010f224        0x8 C:/devkitPro/libctru/lib\libctru.a(svc.o)
                0x000000000010f224                svcUnmapMemoryBlock
 .text.svcCreateAddressArbiter
                0x000000000010f22c       0x14 C:/devkitPro/libctru/lib\libctru.a(svc.o)
                0x000000000010f22c                svcCreateAddressArbiter
 .text.svcArbitrateAddressNoTimeout
                0x000000000010f240        0x8 C:/devkitPro/libctru/lib\libctru.a(svc.o)
                0x000000000010f240                svcArbitrateAddressNoTimeout
 .text.svcCloseHandle
                0x000000000010f248        0x8 C:/devkitPro/libctru/lib\libctru.a(svc.o)
                0x000000000010f248                svcCloseHandle
 .text.svcWaitSynchronization
                0x000000000010f250        0x8 C:/devkitPro/libctru/lib\libctru.a(svc.o)
                0x000000000010f250                svcWaitSynchronization
 .text.svcWaitSynchronizationN
                0x000000000010f258       0x28 C:/devkitPro/libctru/lib\libctru.a(svc.o)
                0x000000000010f258                svcWaitSynchronizationN
 .text.svcDuplicateHandle
                0x000000000010f280       0x14 C:/devkitPro/libctru/lib\libctru.a(svc.o)
                0x000000000010f280                svcDuplicateHandle
 .text.svcGetSystemTick
                0x000000000010f294        0x8 C:/devkitPro/libctru/lib\libctru.a(svc.o)
                0x000000000010f294                svcGetSystemTick
 .text.svcConnectToPort
                0x000000000010f29c       0x14 C:/devkitPro/libctru/lib\libctru.a(svc.o)
                0x000000000010f29c                svcConnectToPort
 .text.svcSendSyncRequest
                0x000000000010f2b0        0x8 C:/devkitPro/libctru/lib\libctru.a(svc.o)
                0x000000000010f2b0                svcSendSyncRequest
 .text.svcGetResourceLimit
                0x000000000010f2b8       0x14 C:/devkitPro/libctru/lib\libctru.a(svc.o)
                0x000000000010f2b8                svcGetResourceLimit
 .text.svcGetResourceLimitLimitValues
                0x000000000010f2cc        0x8 C:/devkitPro/libctru/lib\libctru.a(svc.o)
                0x000000000010f2cc                svcGetResourceLimitLimitValues
 .text.svcGetResourceLimitCurrentValues
                0x000000000010f2d4        0x8 C:/devkitPro/libctru/lib\libctru.a(svc.o)
                0x000000000010f2d4                svcGetResourceLimitCurrentValues
 .text.svcBreak
                0x000000000010f2dc        0x8 C:/devkitPro/libctru/lib\libctru.a(svc.o)
                0x000000000010f2dc                svcBreak
 .text.initSystem
                0x000000000010f2e4       0x50 C:/devkitPro/libctru/lib\libctru.a(stack_adjust.o)
                0x000000000010f2e4                initSystem
 .text.__ctru_exit
                0x000000000010f334       0x18 C:/devkitPro/libctru/lib\libctru.a(stack_adjust.o)
                0x000000000010f334                __ctru_exit
 .text.__aeabi_read_tp
                0x000000000010f34c        0xc C:/devkitPro/libctru/lib\libctru.a(readtp.o)
                0x000000000010f34c                __aeabi_read_tp
 .text.__sync_init
                0x000000000010f358        0xc C:/devkitPro/libctru/lib\libctru.a(synchronization.o)
                0x000000000010f358                __sync_init
 .text.__sync_fini
                0x000000000010f364       0x18 C:/devkitPro/libctru/lib\libctru.a(synchronization.o)
                0x000000000010f364                __sync_fini
 .text.syncArbitrateAddress
                0x000000000010f37c       0x2c C:/devkitPro/libctru/lib\libctru.a(synchronization.o)
                0x000000000010f37c                syncArbitrateAddress
 .text.LightLock_Lock
                0x000000000010f3a8       0xb0 C:/devkitPro/libctru/lib\libctru.a(synchronization.o)
                0x000000000010f3a8                LightLock_Lock
 .text.LightLock_Unlock
                0x000000000010f458       0x40 C:/devkitPro/libctru/lib\libctru.a(synchronization.o)
                0x000000000010f458                LightLock_Unlock
 .text.RecursiveLock_Init
                0x000000000010f498       0x24 C:/devkitPro/libctru/lib\libctru.a(synchronization.o)
                0x000000000010f498                RecursiveLock_Init
 .text.RecursiveLock_Lock
                0x000000000010f4bc       0x30 C:/devkitPro/libctru/lib\libctru.a(synchronization.o)
                0x000000000010f4bc                RecursiveLock_Lock
 .text.RecursiveLock_Unlock
                0x000000000010f4ec       0x54 C:/devkitPro/libctru/lib\libctru.a(synchronization.o)
                0x000000000010f4ec                RecursiveLock_Unlock
 .text.LightEvent_Init
                0x000000000010f540       0x40 C:/devkitPro/libctru/lib\libctru.a(synchronization.o)
                0x000000000010f540                LightEvent_Init
 .text.LightEvent_Clear
                0x000000000010f580       0xa4 C:/devkitPro/libctru/lib\libctru.a(synchronization.o)
                0x000000000010f580                LightEvent_Clear
 .text.LightEvent_Signal
                0x000000000010f624       0xc8 C:/devkitPro/libctru/lib\libctru.a(synchronization.o)
                0x000000000010f624                LightEvent_Signal
 .text.LightEvent_TryWait
                0x000000000010f6ec       0x50 C:/devkitPro/libctru/lib\libctru.a(synchronization.o)
                0x000000000010f6ec                LightEvent_TryWait
 .text.LightEvent_Wait
                0x000000000010f73c       0xb0 C:/devkitPro/libctru/lib\libctru.a(synchronization.o)
                0x000000000010f73c                LightEvent_Wait
 .text.envGetHandle
                0x000000000010f7ec       0x84 C:/devkitPro/libctru/lib\libctru.a(env.o)
                0x000000000010f7ec                envGetHandle
 .text.envDestroyHandles
                0x000000000010f870       0x50 C:/devkitPro/libctru/lib\libctru.a(env.o)
                0x000000000010f870                envDestroyHandles
 .text.srvInit  0x000000000010f8c0      0x130 C:/devkitPro/libctru/lib\libctru.a(srv.o)
                0x000000000010f8c0                srvInit
 .text.srvExit  0x000000000010f9f0       0x58 C:/devkitPro/libctru/lib\libctru.a(srv.o)
                0x000000000010f9f0                srvExit
 .text.srvEnableNotification
                0x000000000010fa48       0x60 C:/devkitPro/libctru/lib\libctru.a(srv.o)
                0x000000000010fa48                srvEnableNotification
 .text.srvGetServiceHandleDirect
                0x000000000010faa8       0xa0 C:/devkitPro/libctru/lib\libctru.a(srv.o)
                0x000000000010faa8                srvGetServiceHandleDirect
 .text.srvGetServiceHandle
                0x000000000010fb48       0x38 C:/devkitPro/libctru/lib\libctru.a(srv.o)
                0x000000000010fb48                srvGetServiceHandle
 .text.srvSubscribe
                0x000000000010fb80       0x34 C:/devkitPro/libctru/lib\libctru.a(srv.o)
                0x000000000010fb80                srvSubscribe
 .text.srvReceiveNotification
                0x000000000010fbb4       0x60 C:/devkitPro/libctru/lib\libctru.a(srv.o)
                0x000000000010fbb4                srvReceiveNotification
 .text.srvPublishToSubscriber
                0x000000000010fc14       0x38 C:/devkitPro/libctru/lib\libctru.a(srv.o)
                0x000000000010fc14                srvPublishToSubscriber
 .text.threadCreate
                0x000000000010fc4c      0x1d0 C:/devkitPro/libctru/lib\libctru.a(thread.o)
                0x000000000010fc4c                threadCreate
 .text.threadFree
                0x000000000010fe1c       0x2c C:/devkitPro/libctru/lib\libctru.a(thread.o)
                0x000000000010fe1c                threadFree
 .text.threadJoin
                0x000000000010fe48       0x24 C:/devkitPro/libctru/lib\libctru.a(thread.o)
                0x000000000010fe48                threadJoin
 .text.threadGetCurrent
                0x000000000010fe6c       0x30 C:/devkitPro/libctru/lib\libctru.a(thread.o)
                0x000000000010fe6c                threadGetCurrent
 .text.threadExit
                0x000000000010fe9c       0x40 C:/devkitPro/libctru/lib\libctru.a(thread.o)
                0x000000000010fe9c                threadExit
 .text._thread_begin
                0x000000000010fedc       0x20 C:/devkitPro/libctru/lib\libctru.a(thread.o)
 .text.mappableFindAddressWithin
                0x000000000010fefc       0xb4 C:/devkitPro/libctru/lib\libctru.a(mappable.o)
 .text.mappableInit
                0x000000000010ffb0       0x28 C:/devkitPro/libctru/lib\libctru.a(mappable.o)
                0x000000000010ffb0                mappableInit
 .text.mappableAlloc
                0x000000000010ffd8       0x80 C:/devkitPro/libctru/lib\libctru.a(mappable.o)
                0x000000000010ffd8                mappableAlloc
 .text.mappableFree
                0x0000000000110058        0x4 C:/devkitPro/libctru/lib\libctru.a(mappable.o)
                0x0000000000110058                mappableFree
 .text.irrstInit
                0x000000000011005c      0x164 C:/devkitPro/libctru/lib\libctru.a(irrst.o)
                0x000000000011005c                irrstInit
 .text.irrstExit
                0x00000000001101c0       0xcc C:/devkitPro/libctru/lib\libctru.a(irrst.o)
                0x00000000001101c0                irrstExit
 .text.irrstScanInput
                0x000000000011028c       0xb4 C:/devkitPro/libctru/lib\libctru.a(irrst.o)
                0x000000000011028c                irrstScanInput
 .text.irrstKeysHeld
                0x0000000000110340       0x24 C:/devkitPro/libctru/lib\libctru.a(irrst.o)
                0x0000000000110340                irrstKeysHeld
 .text.srvPmGetSessionHandle
                0x0000000000110364        0xc C:/devkitPro/libctru/lib\libctru.a(srvpm.o)
                0x0000000000110364                srvPmGetSessionHandle
 .text.rbtree_node_next
                0x0000000000110370       0x5c C:/devkitPro/libctru/lib\libctru.a(rbtree_iterator.o)
                0x0000000000110370                rbtree_node_next
 .text.encode_utf16
                0x00000000001103cc       0x54 C:/devkitPro/libctru/lib\libctru.a(encode_utf16.o)
                0x00000000001103cc                encode_utf16
 .text.encode_utf8
                0x0000000000110420       0xe0 C:/devkitPro/libctru/lib\libctru.a(encode_utf8.o)
                0x0000000000110420                encode_utf8
 .text.decode_utf8
                0x0000000000110500      0x13c C:/devkitPro/libctru/lib\libctru.a(decode_utf8.o)
                0x0000000000110500                decode_utf8
 .text.__appInit
                0x000000000011063c       0x30 C:/devkitPro/libctru/lib\libctru.a(appInit.o)
                0x000000000011063c                __appInit
 .text.__syscall_getreent
                0x000000000011066c       0x30 C:/devkitPro/libctru/lib\libctru.a(syscalls.o)
                0x000000000011066c                __syscall_getreent
 .text.__syscall_gettod_r
                0x000000000011069c       0x64 C:/devkitPro/libctru/lib\libctru.a(syscalls.o)
                0x000000000011069c                __syscall_gettod_r
 .text.__syscall_lock_acquire
                0x0000000000110700        0x4 C:/devkitPro/libctru/lib\libctru.a(syscalls.o)
                0x0000000000110700                __syscall_lock_acquire
 .text.__syscall_lock_release
                0x0000000000110704        0x4 C:/devkitPro/libctru/lib\libctru.a(syscalls.o)
                0x0000000000110704                __syscall_lock_release
 .text.__syscall_lock_init_recursive
                0x0000000000110708        0x4 C:/devkitPro/libctru/lib\libctru.a(syscalls.o)
                0x0000000000110708                __syscall_lock_init_recursive
 .text.__syscall_lock_acquire_recursive
                0x000000000011070c        0x4 C:/devkitPro/libctru/lib\libctru.a(syscalls.o)
                0x000000000011070c                __syscall_lock_acquire_recursive
 .text.__syscall_lock_release_recursive
                0x0000000000110710        0x4 C:/devkitPro/libctru/lib\libctru.a(syscalls.o)
                0x0000000000110710                __syscall_lock_release_recursive
 .text.__syscall_exit
                0x0000000000110714        0x4 C:/devkitPro/libctru/lib\libctru.a(syscalls.o)
                0x0000000000110714                __syscall_exit
 .text.initThreadVars
                0x0000000000110718       0x50 C:/devkitPro/libctru/lib\libctru.a(syscalls.o)
                0x0000000000110718                initThreadVars
 .text.__system_initSyscalls
                0x0000000000110768       0x80 C:/devkitPro/libctru/lib\libctru.a(syscalls.o)
                0x0000000000110768                __system_initSyscalls
 .text.__appExit
                0x00000000001107e8       0x30 C:/devkitPro/libctru/lib\libctru.a(appExit.o)
                0x00000000001107e8                __appExit
 .text.__libctru_exit
                0x0000000000110818       0x90 C:/devkitPro/libctru/lib\libctru.a(ctru_exit.o)
                0x0000000000110818                __libctru_exit
 .text.archive_link
                0x00000000001108a8       0x14 C:/devkitPro/libctru/lib\libctru.a(archive_dev.o)
 .text.archive_dirreset
                0x00000000001108bc       0x14 C:/devkitPro/libctru/lib\libctru.a(archive_dev.o)
 .text.archive_chmod
                0x00000000001108d0       0x14 C:/devkitPro/libctru/lib\libctru.a(archive_dev.o)
 .text.error_cmp
                0x00000000001108e4       0x24 C:/devkitPro/libctru/lib\libctru.a(archive_dev.o)
 .text.archive_translate_error
                0x0000000000110908       0x50 C:/devkitPro/libctru/lib\libctru.a(archive_dev.o)
 .text.archive_seek
                0x0000000000110958       0xc8 C:/devkitPro/libctru/lib\libctru.a(archive_dev.o)
 .text._archiveInit.part.0
                0x0000000000110a20       0x7c C:/devkitPro/libctru/lib\libctru.a(archive_dev.o)
 .text.archiveFindDevice.part.0
                0x0000000000110a9c       0xc4 C:/devkitPro/libctru/lib\libctru.a(archive_dev.o)
 .text.archive_utf16path
                0x0000000000110b60      0x25c C:/devkitPro/libctru/lib\libctru.a(archive_dev.o)
 .text._archiveUnmountDeviceStruct.part.0
                0x0000000000110dbc       0xa0 C:/devkitPro/libctru/lib\libctru.a(archive_dev.o)
 .text.archive_fchmod
                0x0000000000110e5c       0x14 C:/devkitPro/libctru/lib\libctru.a(archive_dev.o)
 .text.archive_statvfs
                0x0000000000110e70       0x14 C:/devkitPro/libctru/lib\libctru.a(archive_dev.o)
 .text._archiveMountDevice
                0x0000000000110e84      0x164 C:/devkitPro/libctru/lib\libctru.a(archive_dev.o)
 .text.archive_diropen
                0x0000000000110fe8       0xe8 C:/devkitPro/libctru/lib\libctru.a(archive_dev.o)
 .text.archive_fstat
                0x00000000001110d0       0xa4 C:/devkitPro/libctru/lib\libctru.a(archive_dev.o)
 .text.archive_close
                0x0000000000111174       0x6c C:/devkitPro/libctru/lib\libctru.a(archive_dev.o)
 .text.archive_fsync
                0x00000000001111e0       0x6c C:/devkitPro/libctru/lib\libctru.a(archive_dev.o)
 .text.archive_dirclose
                0x000000000011124c       0x70 C:/devkitPro/libctru/lib\libctru.a(archive_dev.o)
 .text.sdmc_statvfs
                0x00000000001112bc       0xe8 C:/devkitPro/libctru/lib\libctru.a(archive_dev.o)
 .text.archive_chdir
                0x00000000001113a4       0xec C:/devkitPro/libctru/lib\libctru.a(archive_dev.o)
 .text.archive_ftruncate
                0x0000000000111490       0x7c C:/devkitPro/libctru/lib\libctru.a(archive_dev.o)
 .text.archive_read
                0x000000000011150c       0xac C:/devkitPro/libctru/lib\libctru.a(archive_dev.o)
 .text.archive_unlink
                0x00000000001115b8       0xa4 C:/devkitPro/libctru/lib\libctru.a(archive_dev.o)
 .text.archive_rmdir
                0x000000000011165c       0xbc C:/devkitPro/libctru/lib\libctru.a(archive_dev.o)
 .text.archive_mkdir
                0x0000000000111718       0xdc C:/devkitPro/libctru/lib\libctru.a(archive_dev.o)
 .text.archive_stat
                0x00000000001117f4      0x19c C:/devkitPro/libctru/lib\libctru.a(archive_dev.o)
 .text.archive_dirnext
                0x0000000000111990      0x15c C:/devkitPro/libctru/lib\libctru.a(archive_dev.o)
 .text.archive_write
                0x0000000000111aec       0xec C:/devkitPro/libctru/lib\libctru.a(archive_dev.o)
 .text.archive_open
                0x0000000000111bd8      0x1d4 C:/devkitPro/libctru/lib\libctru.a(archive_dev.o)
 .text.archive_rename
                0x0000000000111dac      0x278 C:/devkitPro/libctru/lib\libctru.a(archive_dev.o)
 .text.archiveMountSdmc
                0x0000000000112024      0x19c C:/devkitPro/libctru/lib\libctru.a(archive_dev.o)
                0x0000000000112024                archiveMountSdmc
 .text.archiveUnmountAll
                0x00000000001121c0       0x54 C:/devkitPro/libctru/lib\libctru.a(archive_dev.o)
                0x00000000001121c0                archiveUnmountAll
 .text._ZdlPv   0x0000000000112214        0x4 c:/devkitpro/devkitarm/bin/../lib/gcc/arm-none-eabi/12.2.0/../../../../arm-none-eabi/lib/armv6k/fpu\libstdc++.a(del_op.o)
                0x0000000000112214                operator delete(void*)
 .text._Znwj    0x0000000000112218       0x5c c:/devkitpro/devkitarm/bin/../lib/gcc/arm-none-eabi/12.2.0/../../../../arm-none-eabi/lib/armv6k/fpu\libstdc++.a(new_op.o)
                0x0000000000112218                operator new(unsigned int)
 .text.unlikely._ZSt19__throw_logic_errorPKc
                0x0000000000112274       0x40 c:/devkitpro/devkitarm/bin/../lib/gcc/arm-none-eabi/12.2.0/../../../../arm-none-eabi/lib/armv6k/fpu\libstdc++.a(functexcept.o)
                0x0000000000112274                std::__throw_logic_error(char const*)
 .text.unlikely._ZSt20__throw_length_errorPKc
                0x00000000001122b4       0x40 c:/devkitpro/devkitarm/bin/../lib/gcc/arm-none-eabi/12.2.0/../../../../arm-none-eabi/lib/armv6k/fpu\libstdc++.a(functexcept.o)
                0x00000000001122b4                std::__throw_length_error(char const*)
 .text._ZNKSt9bad_alloc4whatEv
                0x00000000001122f4        0xc c:/devkitpro/devkitarm/bin/../lib/gcc/arm-none-eabi/12.2.0/../../../../arm-none-eabi/lib/armv6k/fpu\libstdc++.a(bad_alloc.o)
                0x00000000001122f4                std::bad_alloc::what() const
 .text._ZNSt9bad_allocD2Ev
                0x0000000000112300       0x20 c:/devkitpro/devkitarm/bin/../lib/gcc/arm-none-eabi/12.2.0/../../../../arm-none-eabi/lib/armv6k/fpu\libstdc++.a(bad_alloc.o)
                0x0000000000112300                std::bad_alloc::~bad_alloc()
                0x0000000000112300                std::bad_alloc::~bad_alloc()
 .text._ZNSt9bad_allocD0Ev
                0x0000000000112320       0x2c c:/devkitpro/devkitarm/bin/../lib/gcc/arm-none-eabi/12.2.0/../../../../arm-none-eabi/lib/armv6k/fpu\libstdc++.a(bad_alloc.o)
                0x0000000000112320                std::bad_alloc::~bad_alloc()
 .text._ZdlPvj  0x000000000011234c        0x4 c:/devkitpro/devkitarm/bin/../lib/gcc/arm-none-eabi/12.2.0/../../../../arm-none-eabi/lib/armv6k/fpu\libstdc++.a(del_ops.o)
                0x000000000011234c                operator delete(void*, unsigned int)
 .text._ZN12_GLOBAL__N_14pool4freeEPv.constprop.0
                0x0000000000112350       0xc8 c:/devkitpro/devkitarm/bin/../lib/gcc/arm-none-eabi/12.2.0/../../../../arm-none-eabi/lib/armv6k/fpu\libstdc++.a(eh_alloc.o)
 .text._ZN12_GLOBAL__N_14pool8allocateEj.constprop.0
                0x0000000000112418       0x98 c:/devkitpro/devkitarm/bin/../lib/gcc/arm-none-eabi/12.2.0/../../../../arm-none-eabi/lib/armv6k/fpu\libstdc++.a(eh_alloc.o)
 .text.__cxa_allocate_exception
                0x00000000001124b0       0x44 c:/devkitpro/devkitarm/bin/../lib/gcc/arm-none-eabi/12.2.0/../../../../arm-none-eabi/lib/armv6k/fpu\libstdc++.a(eh_alloc.o)
                0x00000000001124b0                __cxa_allocate_exception
 .text.__cxa_free_exception
                0x00000000001124f4       0x30 c:/devkitpro/devkitarm/bin/../lib/gcc/arm-none-eabi/12.2.0/../../../../arm-none-eabi/lib/armv6k/fpu\libstdc++.a(eh_alloc.o)
                0x00000000001124f4                __cxa_free_exception
 .text.startup._GLOBAL__sub_I__ZN9__gnu_cxx9__freeresEv
                0x0000000000112524       0x3c c:/devkitpro/devkitarm/bin/../lib/gcc/arm-none-eabi/12.2.0/../../../../arm-none-eabi/lib/armv6k/fpu\libstdc++.a(eh_alloc.o)
 .text.__cxa_end_cleanup
                0x0000000000112560       0x10 c:/devkitpro/devkitarm/bin/../lib/gcc/arm-none-eabi/12.2.0/../../../../arm-none-eabi/lib/armv6k/fpu\libstdc++.a(eh_arm.o)
                0x0000000000112560                __cxa_end_cleanup
 .text.__cxa_type_match
                0x0000000000112570      0x12c c:/devkitpro/devkitarm/bin/../lib/gcc/arm-none-eabi/12.2.0/../../../../arm-none-eabi/lib/armv6k/fpu\libstdc++.a(eh_arm.o)
                0x0000000000112570                __cxa_type_match
 .text.__cxa_begin_cleanup
                0x000000000011269c       0xb4 c:/devkitpro/devkitarm/bin/../lib/gcc/arm-none-eabi/12.2.0/../../../../arm-none-eabi/lib/armv6k/fpu\libstdc++.a(eh_arm.o)
                0x000000000011269c                __cxa_begin_cleanup
 .text.__gnu_end_cleanup
                0x0000000000112750       0xb4 c:/devkitpro/devkitarm/bin/../lib/gcc/arm-none-eabi/12.2.0/../../../../arm-none-eabi/lib/armv6k/fpu\libstdc++.a(eh_arm.o)
                0x0000000000112750                __gnu_end_cleanup
 .text._ZNSt9exceptionD2Ev
                0x0000000000112804        0x4 c:/devkitpro/devkitarm/bin/../lib/gcc/arm-none-eabi/12.2.0/../../../../arm-none-eabi/lib/armv6k/fpu\libstdc++.a(eh_exception.o)
                0x0000000000112804                std::exception::~exception()
                0x0000000000112804                std::exception::~exception()
 .text._ZNSt13bad_exceptionD2Ev
                0x0000000000112808        0x4 c:/devkitpro/devkitarm/bin/../lib/gcc/arm-none-eabi/12.2.0/../../../../arm-none-eabi/lib/armv6k/fpu\libstdc++.a(eh_exception.o)
                0x0000000000112808                std::bad_exception::~bad_exception()
                0x0000000000112808                std::bad_exception::~bad_exception()
 .text._ZNKSt13bad_exception4whatEv
                0x000000000011280c        0xc c:/devkitpro/devkitarm/bin/../lib/gcc/arm-none-eabi/12.2.0/../../../../arm-none-eabi/lib/armv6k/fpu\libstdc++.a(eh_exception.o)
                0x000000000011280c                std::bad_exception::what() const
                0x000000000011280c                transaction clone for std::bad_exception::what() const
 .text._ZNSt13bad_exceptionD0Ev
                0x0000000000112818       0x18 c:/devkitpro/devkitarm/bin/../lib/gcc/arm-none-eabi/12.2.0/../../../../arm-none-eabi/lib/armv6k/fpu\libstdc++.a(eh_exception.o)
                0x0000000000112818                std::bad_exception::~bad_exception()
 .text.__cxa_get_globals_fast
                0x0000000000112830        0xc c:/devkitpro/devkitarm/bin/../lib/gcc/arm-none-eabi/12.2.0/../../../../arm-none-eabi/lib/armv6k/fpu\libstdc++.a(eh_globals.o)
                0x0000000000112830                __cxa_get_globals_fast
 .text.__cxa_get_globals
                0x000000000011283c        0xc c:/devkitpro/devkitarm/bin/../lib/gcc/arm-none-eabi/12.2.0/../../../../arm-none-eabi/lib/armv6k/fpu\libstdc++.a(eh_globals.o)
                0x000000000011283c                __cxa_get_globals
 .text._ZL28read_encoded_value_with_basehjPKhPj
                0x0000000000112848      0x16c c:/devkitpro/devkitarm/bin/../lib/gcc/arm-none-eabi/12.2.0/../../../../arm-none-eabi/lib/armv6k/fpu\libstdc++.a(eh_personality.o)
 .text._ZL21base_of_encoded_valuehP15_Unwind_Context
                0x00000000001129b4       0x58 c:/devkitpro/devkitarm/bin/../lib/gcc/arm-none-eabi/12.2.0/../../../../arm-none-eabi/lib/armv6k/fpu\libstdc++.a(eh_personality.o)
 .text._ZL17parse_lsda_headerP15_Unwind_ContextPKhP16lsda_header_info
                0x0000000000112a0c       0xd8 c:/devkitpro/devkitarm/bin/../lib/gcc/arm-none-eabi/12.2.0/../../../../arm-none-eabi/lib/armv6k/fpu\libstdc++.a(eh_personality.o)
 .text.__gxx_personality_v0
                0x0000000000112ae4      0x6c8 c:/devkitpro/devkitarm/bin/../lib/gcc/arm-none-eabi/12.2.0/../../../../arm-none-eabi/lib/armv6k/fpu\libstdc++.a(eh_personality.o)
                0x0000000000112ae4                __gxx_personality_v0
 .text._ZN10__cxxabiv111__terminateEPFvvE
                0x00000000001131ac       0x14 c:/devkitpro/devkitarm/bin/../lib/gcc/arm-none-eabi/12.2.0/../../../../arm-none-eabi/lib/armv6k/fpu\libstdc++.a(eh_terminate.o)
                0x00000000001131ac                __cxxabiv1::__terminate(void (*)())
 .text._ZSt9terminatev
                0x00000000001131c0       0x18 c:/devkitpro/devkitarm/bin/../lib/gcc/arm-none-eabi/12.2.0/../../../../arm-none-eabi/lib/armv6k/fpu\libstdc++.a(eh_terminate.o)
                0x00000000001131c0                std::terminate()
 .text._ZN10__cxxabiv112__unexpectedEPFvvE
                0x00000000001131d8        0xc c:/devkitpro/devkitarm/bin/../lib/gcc/arm-none-eabi/12.2.0/../../../../arm-none-eabi/lib/armv6k/fpu\libstdc++.a(eh_terminate.o)
                0x00000000001131d8                __cxxabiv1::__unexpected(void (*)())
 .text._ZSt10unexpectedv
                0x00000000001131e4       0x18 c:/devkitpro/devkitarm/bin/../lib/gcc/arm-none-eabi/12.2.0/../../../../arm-none-eabi/lib/armv6k/fpu\libstdc++.a(eh_terminate.o)
                0x00000000001131e4                std::unexpected()
 .text._ZSt13get_terminatev
                0x00000000001131fc       0x14 c:/devkitpro/devkitarm/bin/../lib/gcc/arm-none-eabi/12.2.0/../../../../arm-none-eabi/lib/armv6k/fpu\libstdc++.a(eh_terminate.o)
                0x00000000001131fc                std::get_terminate()
 .text._ZSt14get_unexpectedv
                0x0000000000113210       0x14 c:/devkitpro/devkitarm/bin/../lib/gcc/arm-none-eabi/12.2.0/../../../../arm-none-eabi/lib/armv6k/fpu\libstdc++.a(eh_terminate.o)
                0x0000000000113210                std::get_unexpected()
 .text._ZL23__gxx_exception_cleanup19_Unwind_Reason_CodeP21_Unwind_Control_Block
                0x0000000000113224       0x60 c:/devkitpro/devkitarm/bin/../lib/gcc/arm-none-eabi/12.2.0/../../../../arm-none-eabi/lib/armv6k/fpu\libstdc++.a(eh_throw.o)
 .text.__cxa_init_primary_exception
                0x0000000000113284       0x58 c:/devkitpro/devkitarm/bin/../lib/gcc/arm-none-eabi/12.2.0/../../../../arm-none-eabi/lib/armv6k/fpu\libstdc++.a(eh_throw.o)
                0x0000000000113284                __cxa_init_primary_exception
 .text.__cxa_throw
                0x00000000001132dc       0x54 c:/devkitpro/devkitarm/bin/../lib/gcc/arm-none-eabi/12.2.0/../../../../arm-none-eabi/lib/armv6k/fpu\libstdc++.a(eh_throw.o)
                0x00000000001132dc                __cxa_throw
 .text.__cxa_rethrow
                0x0000000000113330       0xb0 c:/devkitpro/devkitarm/bin/../lib/gcc/arm-none-eabi/12.2.0/../../../../arm-none-eabi/lib/armv6k/fpu\libstdc++.a(eh_throw.o)
                0x0000000000113330                __cxa_rethrow
 .text._ZSt15get_new_handlerv
                0x00000000001133e0       0x14 c:/devkitpro/devkitarm/bin/../lib/gcc/arm-none-eabi/12.2.0/../../../../arm-none-eabi/lib/armv6k/fpu\libstdc++.a(new_handler.o)
                0x00000000001133e0                std::get_new_handler()
 .text._ZN10__cxxabiv120__si_class_type_infoD2Ev
                0x00000000001133f4       0x20 c:/devkitpro/devkitarm/bin/../lib/gcc/arm-none-eabi/12.2.0/../../../../arm-none-eabi/lib/armv6k/fpu\libstdc++.a(si_class_type_info.o)
                0x00000000001133f4                __cxxabiv1::__si_class_type_info::~__si_class_type_info()
                0x00000000001133f4                __cxxabiv1::__si_class_type_info::~__si_class_type_info()
 .text._ZN10__cxxabiv120__si_class_type_infoD0Ev
                0x0000000000113414       0x2c c:/devkitpro/devkitarm/bin/../lib/gcc/arm-none-eabi/12.2.0/../../../../arm-none-eabi/lib/armv6k/fpu\libstdc++.a(si_class_type_info.o)
                0x0000000000113414                __cxxabiv1::__si_class_type_info::~__si_class_type_info()
 .text._ZNK10__cxxabiv120__si_class_type_info20__do_find_public_srcEiPKvPKNS_17__class_type_infoES2_
                0x0000000000113440       0x6c c:/devkitpro/devkitarm/bin/../lib/gcc/arm-none-eabi/12.2.0/../../../../arm-none-eabi/lib/armv6k/fpu\libstdc++.a(si_class_type_info.o)
                0x0000000000113440                __cxxabiv1::__si_class_type_info::__do_find_public_src(int, void const*, __cxxabiv1::__class_type_info const*, void const*) const
 .text._ZNK10__cxxabiv120__si_class_type_info12__do_dyncastEiNS_17__class_type_info10__sub_kindEPKS1_PKvS4_S6_RNS1_16__dyncast_resultE
                0x00000000001134ac       0xdc c:/devkitpro/devkitarm/bin/../lib/gcc/arm-none-eabi/12.2.0/../../../../arm-none-eabi/lib/armv6k/fpu\libstdc++.a(si_class_type_info.o)
                0x00000000001134ac                __cxxabiv1::__si_class_type_info::__do_dyncast(int, __cxxabiv1::__class_type_info::__sub_kind, __cxxabiv1::__class_type_info const*, void const*, __cxxabiv1::__class_type_info const*, void const*, __cxxabiv1::__class_type_info::__dyncast_result&) const
 .text._ZNK10__cxxabiv120__si_class_type_info11__do_upcastEPKNS_17__class_type_infoEPKvRNS1_15__upcast_resultE
                0x0000000000113588       0x44 c:/devkitpro/devkitarm/bin/../lib/gcc/arm-none-eabi/12.2.0/../../../../arm-none-eabi/lib/armv6k/fpu\libstdc++.a(si_class_type_info.o)
                0x0000000000113588                __cxxabiv1::__si_class_type_info::__do_upcast(__cxxabiv1::__class_type_info const*, void const*, __cxxabiv1::__class_type_info::__upcast_result&) const
 .text._ZNSt9type_infoD2Ev
                0x00000000001135cc        0x4 c:/devkitpro/devkitarm/bin/../lib/gcc/arm-none-eabi/12.2.0/../../../../arm-none-eabi/lib/armv6k/fpu\libstdc++.a(tinfo.o)
                0x00000000001135cc                std::type_info::~type_info()
                0x00000000001135cc                std::type_info::~type_info()
 .text._ZNKSt9type_info14__is_pointer_pEv
                0x00000000001135d0        0x8 c:/devkitpro/devkitarm/bin/../lib/gcc/arm-none-eabi/12.2.0/../../../../arm-none-eabi/lib/armv6k/fpu\libstdc++.a(tinfo.o)
                0x00000000001135d0                std::type_info::__is_pointer_p() const
                0x00000000001135d0                std::type_info::__is_function_p() const
 .text._ZNKSt9type_infoeqERKS_
                0x00000000001135d8       0x4c c:/devkitpro/devkitarm/bin/../lib/gcc/arm-none-eabi/12.2.0/../../../../arm-none-eabi/lib/armv6k/fpu\libstdc++.a(tinfo.o)
                0x00000000001135d8                std::type_info::operator==(std::type_info const&) const
                0x00000000001135d8                std::type_info::__equal(std::type_info const&) const
 .text._ZNKSt11logic_error4whatEv
                0x0000000000113624        0x8 c:/devkitpro/devkitarm/bin/../lib/gcc/arm-none-eabi/12.2.0/../../../../arm-none-eabi/lib/armv6k/fpu\libstdc++.a(stdexcept.o)
                0x0000000000113624                std::logic_error::what() const
                0x0000000000113624                std::runtime_error::what() const
 .text._ZNSt11logic_errorD2Ev
                0x000000000011362c       0x64 c:/devkitpro/devkitarm/bin/../lib/gcc/arm-none-eabi/12.2.0/../../../../arm-none-eabi/lib/armv6k/fpu\libstdc++.a(stdexcept.o)
                0x000000000011362c                std::logic_error::~logic_error()
                0x000000000011362c                std::logic_error::~logic_error()
 .text._ZNSt12length_errorD2Ev
                0x0000000000113690       0x64 c:/devkitpro/devkitarm/bin/../lib/gcc/arm-none-eabi/12.2.0/../../../../arm-none-eabi/lib/armv6k/fpu\libstdc++.a(stdexcept.o)
                0x0000000000113690                std::length_error::~length_error()
                0x0000000000113690                std::length_error::~length_error()
 .text._ZNSt11logic_errorD0Ev
                0x00000000001136f4       0x6c c:/devkitpro/devkitarm/bin/../lib/gcc/arm-none-eabi/12.2.0/../../../../arm-none-eabi/lib/armv6k/fpu\libstdc++.a(stdexcept.o)
                0x00000000001136f4                std::logic_error::~logic_error()
 .text._ZNSt12length_errorD0Ev
                0x0000000000113760       0x6c c:/devkitpro/devkitarm/bin/../lib/gcc/arm-none-eabi/12.2.0/../../../../arm-none-eabi/lib/armv6k/fpu\libstdc++.a(stdexcept.o)
                0x0000000000113760                std::length_error::~length_error()
 .text._ZNSt11logic_errorC2EPKc
                0x00000000001137cc       0xd4 c:/devkitpro/devkitarm/bin/../lib/gcc/arm-none-eabi/12.2.0/../../../../arm-none-eabi/lib/armv6k/fpu\libstdc++.a(cow-stdexcept.o)
                0x00000000001137cc                std::logic_error::logic_error(char const*)
                0x00000000001137cc                std::logic_error::logic_error(char const*)
 .text._ZNSt12length_errorC2EPKc
                0x00000000001138a0       0x20 c:/devkitpro/devkitarm/bin/../lib/gcc/arm-none-eabi/12.2.0/../../../../arm-none-eabi/lib/armv6k/fpu\libstdc++.a(cow-stdexcept.o)
                0x00000000001138a0                std::length_error::length_error(char const*)
                0x00000000001138a0                std::length_error::length_error(char const*)
 .text._ZNSs4_Rep9_S_createEjjRKSaIcE
                0x00000000001138c0       0x8c c:/devkitpro/devkitarm/bin/../lib/gcc/arm-none-eabi/12.2.0/../../../../arm-none-eabi/lib/armv6k/fpu\libstdc++.a(cow-string-inst.o)
                0x00000000001138c0                std::string::_Rep::_S_create(unsigned int, unsigned int, std::allocator<char> const&)
 .text._ZNSs4_Rep10_M_destroyERKSaIcE
                0x000000000011394c        0x4 c:/devkitpro/devkitarm/bin/../lib/gcc/arm-none-eabi/12.2.0/../../../../arm-none-eabi/lib/armv6k/fpu\libstdc++.a(cow-string-inst.o)
                0x000000000011394c                std::string::_Rep::_M_destroy(std::allocator<char> const&)
 .text._ZNK10__cxxabiv117__class_type_info11__do_upcastEPKS0_PPv
                0x0000000000113950       0x5c c:/devkitpro/devkitarm/bin/../lib/gcc/arm-none-eabi/12.2.0/../../../../arm-none-eabi/lib/armv6k/fpu\libstdc++.a(class_type_info.o)
                0x0000000000113950                __cxxabiv1::__class_type_info::__do_upcast(__cxxabiv1::__class_type_info const*, void**) const
 .text._ZNK10__cxxabiv117__class_type_info20__do_find_public_srcEiPKvPKS0_S2_
                0x00000000001139ac       0x14 c:/devkitpro/devkitarm/bin/../lib/gcc/arm-none-eabi/12.2.0/../../../../arm-none-eabi/lib/armv6k/fpu\libstdc++.a(class_type_info.o)
                0x00000000001139ac                __cxxabiv1::__class_type_info::__do_find_public_src(int, void const*, __cxxabiv1::__class_type_info const*, void const*) const
 .text._ZN10__cxxabiv117__class_type_infoD2Ev
                0x00000000001139c0       0x20 c:/devkitpro/devkitarm/bin/../lib/gcc/arm-none-eabi/12.2.0/../../../../arm-none-eabi/lib/armv6k/fpu\libstdc++.a(class_type_info.o)
                0x00000000001139c0                __cxxabiv1::__class_type_info::~__class_type_info()
                0x00000000001139c0                __cxxabiv1::__class_type_info::~__class_type_info()
 .text._ZN10__cxxabiv117__class_type_infoD0Ev
                0x00000000001139e0       0x2c c:/devkitpro/devkitarm/bin/../lib/gcc/arm-none-eabi/12.2.0/../../../../arm-none-eabi/lib/armv6k/fpu\libstdc++.a(class_type_info.o)
                0x00000000001139e0                __cxxabiv1::__class_type_info::~__class_type_info()
 .text._ZNK10__cxxabiv117__class_type_info12__do_dyncastEiNS0_10__sub_kindEPKS0_PKvS3_S5_RNS0_16__dyncast_resultE
                0x0000000000113a0c       0x68 c:/devkitpro/devkitarm/bin/../lib/gcc/arm-none-eabi/12.2.0/../../../../arm-none-eabi/lib/armv6k/fpu\libstdc++.a(class_type_info.o)
                0x0000000000113a0c                __cxxabiv1::__class_type_info::__do_dyncast(int, __cxxabiv1::__class_type_info::__sub_kind, __cxxabiv1::__class_type_info const*, void const*, __cxxabiv1::__class_type_info const*, void const*, __cxxabiv1::__class_type_info::__dyncast_result&) const
 .text._ZNK10__cxxabiv117__class_type_info11__do_upcastEPKS0_PKvRNS0_15__upcast_resultE
                0x0000000000113a74       0x2c c:/devkitpro/devkitarm/bin/../lib/gcc/arm-none-eabi/12.2.0/../../../../arm-none-eabi/lib/armv6k/fpu\libstdc++.a(class_type_info.o)
                0x0000000000113a74                __cxxabiv1::__class_type_info::__do_upcast(__cxxabiv1::__class_type_info const*, void const*, __cxxabiv1::__class_type_info::__upcast_result&) const
 .text._ZNK10__cxxabiv117__class_type_info10__do_catchEPKSt9type_infoPPvj
                0x0000000000113aa0       0x44 c:/devkitpro/devkitarm/bin/../lib/gcc/arm-none-eabi/12.2.0/../../../../arm-none-eabi/lib/armv6k/fpu\libstdc++.a(class_type_info.o)
                0x0000000000113aa0                __cxxabiv1::__class_type_info::__do_catch(std::type_info const*, void**, unsigned int) const
 .text._ZN10__cxxabiv1L24__is_gxx_exception_classEPc
                0x0000000000113ae4       0x70 c:/devkitpro/devkitarm/bin/../lib/gcc/arm-none-eabi/12.2.0/../../../../arm-none-eabi/lib/armv6k/fpu\libstdc++.a(eh_call.o)
 .text.__cxa_call_terminate
                0x0000000000113b54       0x2c c:/devkitpro/devkitarm/bin/../lib/gcc/arm-none-eabi/12.2.0/../../../../arm-none-eabi/lib/armv6k/fpu\libstdc++.a(eh_call.o)
                0x0000000000113b54                __cxa_call_terminate
 .text.unlikely.__cxa_call_unexpected
                0x0000000000113b80      0x138 c:/devkitpro/devkitarm/bin/../lib/gcc/arm-none-eabi/12.2.0/../../../../arm-none-eabi/lib/armv6k/fpu\libstdc++.a(eh_call.o)
                0x0000000000113b80                __cxa_call_unexpected
 .text.__cxa_begin_catch
                0x0000000000113cb8       0xcc c:/devkitpro/devkitarm/bin/../lib/gcc/arm-none-eabi/12.2.0/../../../../arm-none-eabi/lib/armv6k/fpu\libstdc++.a(eh_catch.o)
                0x0000000000113cb8                __cxa_begin_catch
 .text.__cxa_end_catch
                0x0000000000113d84       0xe0 c:/devkitpro/devkitarm/bin/../lib/gcc/arm-none-eabi/12.2.0/../../../../arm-none-eabi/lib/armv6k/fpu\libstdc++.a(eh_catch.o)
                0x0000000000113d84                __cxa_end_catch
 *fill*         0x0000000000113e64        0x4 
 .text.cosf     0x0000000000113e68      0x22c c:/devkitpro/devkitarm/bin/../lib/gcc/arm-none-eabi/12.2.0/../../../../arm-none-eabi/lib/armv6k/fpu\libm.a(lib_a-cosf.o)
                0x0000000000113e68                cosf
 .text.with_errnof
                0x0000000000114094       0x24 c:/devkitpro/devkitarm/bin/../lib/gcc/arm-none-eabi/12.2.0/../../../../arm-none-eabi/lib/armv6k/fpu\libm.a(lib_a-math_errf.o)
 .text.__math_invalidf
                0x00000000001140b8       0x1c c:/devkitpro/devkitarm/bin/../lib/gcc/arm-none-eabi/12.2.0/../../../../arm-none-eabi/lib/armv6k/fpu\libm.a(lib_a-math_errf.o)
                0x00000000001140b8                __math_invalidf
 *fill*         0x00000000001140d4        0x4 
 .text.sinf     0x00000000001140d8      0x24c c:/devkitpro/devkitarm/bin/../lib/gcc/arm-none-eabi/12.2.0/../../../../arm-none-eabi/lib/armv6k/fpu\libm.a(lib_a-sinf.o)
                0x00000000001140d8                sinf
 .text.__udivmoddi4
                0x0000000000114324      0x120 c:/devkitpro/devkitarm/bin/../lib/gcc/arm-none-eabi/12.2.0/armv6k/fpu\libgcc.a(_udivmoddi4.o)
                0x0000000000114324                __udivmoddi4
 .text.selfrel_offset31
                0x0000000000114444       0x18 c:/devkitpro/devkitarm/bin/../lib/gcc/arm-none-eabi/12.2.0/armv6k/fpu\libgcc.a(unwind-arm.o)
 .text.search_EIT_table
                0x000000000011445c       0x90 c:/devkitpro/devkitarm/bin/../lib/gcc/arm-none-eabi/12.2.0/armv6k/fpu\libgcc.a(unwind-arm.o)
 .text.__gnu_unwind_get_pr_addr
                0x00000000001144ec       0x40 c:/devkitpro/devkitarm/bin/../lib/gcc/arm-none-eabi/12.2.0/armv6k/fpu\libgcc.a(unwind-arm.o)
 .text.get_eit_entry
                0x000000000011452c       0xf4 c:/devkitpro/devkitarm/bin/../lib/gcc/arm-none-eabi/12.2.0/armv6k/fpu\libgcc.a(unwind-arm.o)
 .text.restore_non_core_regs
                0x0000000000114620       0x88 c:/devkitpro/devkitarm/bin/../lib/gcc/arm-none-eabi/12.2.0/armv6k/fpu\libgcc.a(unwind-arm.o)
 .text._Unwind_decode_typeinfo_ptr.constprop.0
                0x00000000001146a8       0x14 c:/devkitpro/devkitarm/bin/../lib/gcc/arm-none-eabi/12.2.0/armv6k/fpu\libgcc.a(unwind-arm.o)
 .text._Unwind_DebugHook
                0x00000000001146bc        0x4 c:/devkitpro/devkitarm/bin/../lib/gcc/arm-none-eabi/12.2.0/armv6k/fpu\libgcc.a(unwind-arm.o)
 .text.unwind_phase2
                0x00000000001146c0       0x64 c:/devkitpro/devkitarm/bin/../lib/gcc/arm-none-eabi/12.2.0/armv6k/fpu\libgcc.a(unwind-arm.o)
 .text.unwind_phase2_forced
                0x0000000000114724      0x140 c:/devkitpro/devkitarm/bin/../lib/gcc/arm-none-eabi/12.2.0/armv6k/fpu\libgcc.a(unwind-arm.o)
 .text.__gnu_Unwind_RaiseException
                0x0000000000114864       0xa4 c:/devkitpro/devkitarm/bin/../lib/gcc/arm-none-eabi/12.2.0/armv6k/fpu\libgcc.a(unwind-arm.o)
                0x0000000000114864                __gnu_Unwind_RaiseException
 .text.__gnu_Unwind_ForcedUnwind