Archive member included to satisfy reference by file (symbol)

C:/devkitPro/libctru/lib\libcitro2d.a(base.o)
                              main.o (C2D_Init)
C:/devkitPro/libctru/lib\libcitro2d.a(spritesheet.o)
                              Partida.o (C2D_SpriteSheetLoad)
C:/devkitPro/libctru/lib\libcitro2d.a(render2d.shbin.o)
                              C:/devkitPro/libctru/lib\libcitro2d.a(base.o) (render2d_shbin)
C:/devkitPro/libctru/lib\libcitro3d.a(base.o)
                              main.o (C3D_Init)
C:/devkitPro/libctru/lib\libcitro3d.a(renderqueue.o)
                              C:/devkitPro/libctru/lib\libcitro3d.a(base.o) (C3Di_RenderQueueEnableVBlank)
C:/devkitPro/libctru/lib\libcitro3d.a(texture.o)
                              C:/devkitPro/libctru/lib\libcitro2d.a(base.o) (C3D_TexBind)
C:/devkitPro/libctru/lib\libcitro3d.a(tex3ds.o)
                              C:/devkitPro/libctru/lib\libcitro2d.a(spritesheet.o) (Tex3DS_TextureImport)
C:/devkitPro/libctru/lib\libcitro3d.a(framebuffer.o)
                              C:/devkitPro/libctru/lib\libcitro3d.a(renderqueue.o) (C3D_CalcColorBufSize)
C:/devkitPro/libctru/lib\libcitro3d.a(texenv.o)
                              C:/devkitPro/libctru/lib\libcitro2d.a(base.o) (C3D_GetTexEnv)
C:/devkitPro/libctru/lib\libcitro3d.a(drawElements.o)
                              C:/devkitPro/libctru/lib\libcitro2d.a(base.o) (C3D_DrawElements)
C:/devkitPro/libctru/lib\libcitro3d.a(proctex.o)
                              C:/devkitPro/libctru/lib\libcitro2d.a(base.o) (C3D_ProcTexInit)
C:/devkitPro/libctru/lib\libcitro3d.a(buffers.o)
                              C:/devkitPro/libctru/lib\libcitro2d.a(base.o) (BufInfo_Init)
C:/devkitPro/libctru/lib\libcitro3d.a(effect.o)
                              C:/devkitPro/libctru/lib\libcitro3d.a(base.o) (C3D_DepthMap)
C:/devkitPro/libctru/lib\libcitro3d.a(attribs.o)
                              C:/devkitPro/libctru/lib\libcitro2d.a(base.o) (AttrInfo_Init)
C:/devkitPro/libctru/lib\libcitro3d.a(immediate.o)
                              C:/devkitPro/libctru/lib\libcitro3d.a(base.o) (C3D_ImmSendAttrib)
C:/devkitPro/libctru/lib\libcitro3d.a(uniforms.o)
                              C:/devkitPro/libctru/lib\libcitro3d.a(base.o) (C3D_UpdateUniforms)
C:/devkitPro/libctru/lib\libcitro3d.a(mtx_ortho.o)
                              C:/devkitPro/libctru/lib\libcitro2d.a(base.o) (Mtx_Ortho)
C:/devkitPro/libctru/lib\libcitro3d.a(mtx_scale.o)
                              C:/devkitPro/libctru/lib\libcitro2d.a(base.o) (Mtx_Scale)
C:/devkitPro/libctru/lib\libcitro3d.a(mtx_multiply.o)
                              C:/devkitPro/libctru/lib\libcitro2d.a(base.o) (Mtx_Multiply)
C:/devkitPro/libctru/lib\libcitro3d.a(mtx_orthotilt.o)
                              C:/devkitPro/libctru/lib\libcitro2d.a(base.o) (Mtx_OrthoTilt)
C:/devkitPro/libctru/lib\libcitro3d.a(mtx_translate.o)
                              C:/devkitPro/libctru/lib\libcitro2d.a(base.o) (Mtx_Translate)
C:/devkitPro/libctru/lib\libcitro3d.a(mtx_rotatez.o)
                              C:/devkitPro/libctru/lib\libcitro2d.a(base.o) (Mtx_RotateZ)
C:/devkitPro/libctru/lib\libctru.a(vram.o)
                              C:/devkitPro/libctru/lib\libcitro3d.a(renderqueue.o) (vramAlloc)
C:/devkitPro/libctru/lib\libctru.a(linear.o)
                              C:/devkitPro/libctru/lib\libcitro2d.a(base.o) (linearAlloc)
C:/devkitPro/libctru/lib\libctru.a(mem_pool.o)
                              C:/devkitPro/libctru/lib\libctru.a(vram.o) (MemPool::Allocate(MemChunk&, unsigned long, int))
C:/devkitPro/libctru/lib\libctru.a(romfs_dev.o)
                              main.o (romfsMountSelf)
C:/devkitPro/libctru/lib\libctru.a(os.o)
                              C:/devkitPro/libctru/lib\libcitro3d.a(texture.o) (osConvertVirtToPhys)
C:/devkitPro/libctru/lib\libctru.a(path_buf.o)
                              C:/devkitPro/libctru/lib\libctru.a(romfs_dev.o) (__ctru_dev_utf16_buf)
C:/devkitPro/libctru/lib\libctru.a(gfx.o)
                              C:/devkitPro/libctru/lib\libcitro2d.a(base.o) (gfxIsWide)
C:/devkitPro/libctru/lib\libctru.a(shaderProgram.o)
                              C:/devkitPro/libctru/lib\libcitro2d.a(base.o) (shaderInstanceGetUniformLocation)
C:/devkitPro/libctru/lib\libctru.a(shbin.o)
                              C:/devkitPro/libctru/lib\libcitro2d.a(base.o) (DVLB_ParseFile)
C:/devkitPro/libctru/lib\libctru.a(gx.o)
                              C:/devkitPro/libctru/lib\libcitro3d.a(renderqueue.o) (GX_BindQueue)
C:/devkitPro/libctru/lib\libctru.a(gxqueue.o)
                              C:/devkitPro/libctru/lib\libcitro3d.a(renderqueue.o) (gxCmdQueueClear)
C:/devkitPro/libctru/lib\libctru.a(gpu.o)
                              C:/devkitPro/libctru/lib\libcitro3d.a(base.o) (gpuCmdBufOffset)
C:/devkitPro/libctru/lib\libctru.a(gspgpu.o)
                              C:/devkitPro/libctru/lib\libctru.a(gfx.o) (gspInit)
C:/devkitPro/libctru/lib\libctru.a(apt.o)
[...]
Memory Configuration

Name             Origin             Length             Attributes
*default*        0x00000000         0xffffffff

Linker script and memory map

                0x00100000                        PROVIDE (__start__ = 0x100000)
                0x00100000                        . = __start__

.text           0x00100000    0x197c0
 *(.crt0)
 .crt0          0x00100000       0x94 c:/devkitpro/devkitarm/bin/../lib/gcc/arm-none-eabi/12.2.0/../../../../arm-none-eabi/lib/armv6k/fpu/3dsx_crt0.o
                0x00100000                _start
                0x00100008                __service_ptr
                0x0010000c                __apt_appid
                0x00100010                __heap_size
                0x00100014                __linear_heap_size
                0x00100018                __system_arglist
                0x0010001c                __system_runflags
 *(.init)
 .init          0x00100094        0xc c:/devkitpro/devkitarm/bin/../lib/gcc/arm-none-eabi/12.2.0/armv6k/fpu/crti.o
                0x00100094                _init
 .init          0x001000a0        0xc c:/devkitpro/devkitarm/bin/../lib/gcc/arm-none-eabi/12.2.0/armv6k/fpu/crtn.o
                0x001000ac                        . = ALIGN (0x4)
 *(.text)
 .text          0x001000ac      0x20c c:/devkitpro/devkitarm/bin/../lib/gcc/arm-none-eabi/12.2.0/armv6k/fpu\libgcc.a(_udivsi3.o)
                0x001000ac                __aeabi_uidiv
                0x001000ac                __udivsi3
                0x00100298                __aeabi_uidivmod
 .text          0x001002b8        0x4 c:/devkitpro/devkitarm/bin/../lib/gcc/arm-none-eabi/12.2.0/armv6k/fpu\libgcc.a(_dvmd_tls.o)
                0x001002b8                __aeabi_idiv0
                0x001002b8                __aeabi_ldiv0
 .text          0x001002bc      0x3c0 c:/devkitpro/devkitarm/bin/../lib/gcc/arm-none-eabi/12.2.0/armv6k/fpu\libgcc.a(_arm_addsubdf3.o)
                0x001002bc                __aeabi_drsub
                0x001002c4                __aeabi_dsub
                0x001002c4                __subdf3
                0x001002c8                __aeabi_dadd
                0x001002c8                __adddf3
                0x00100574                __floatunsidf
                0x00100574                __aeabi_ui2d
                0x00100598                __floatsidf
                0x00100598                __aeabi_i2d
                0x001005c0                __aeabi_f2d
                0x001005c0                __extendsfdf2
                0x00100608                __floatundidf
                0x00100608                __aeabi_ul2d
                0x0010061c                __floatdidf
                0x0010061c                __aeabi_l2d
 .text          0x0010067c       0xd4 c:/devkitpro/devkitarm/bin/../lib/gcc/arm-none-eabi/12.2.0/armv6k/fpu\libgcc.a(_aeabi_ldivmod.o)
                0x0010067c                __aeabi_ldivmod
 .text          0x00100750      0x1a8 c:/devkitpro/devkitarm/bin/../lib/gcc/arm-none-eabi/12.2.0/armv6k/fpu\libgcc.a(libunwind.o)
                0x00100750                __restore_core_regs
                0x00100750                restore_core_regs
                0x00100764                __gnu_Unwind_Restore_VFP
                0x0010076c                __gnu_Unwind_Save_VFP
                0x00100774                __gnu_Unwind_Restore_VFP_D
                0x0010077c                __gnu_Unwind_Save_VFP_D
                0x00100784                __gnu_Unwind_Restore_VFP_D_16_to_31
                0x0010078c                __gnu_Unwind_Save_VFP_D_16_to_31
                0x00100794                __gnu_Unwind_Restore_WMMXD
                0x001007d8                __gnu_Unwind_Save_WMMXD
                0x0010081c                __gnu_Unwind_Restore_WMMXC
                0x00100830                __gnu_Unwind_Save_WMMXC
                0x00100844                ___Unwind_RaiseException
                0x00100844                _Unwind_RaiseException
                0x00100868                _Unwind_Resume
                0x00100868                ___Unwind_Resume
                0x0010088c                _Unwind_Resume_or_Rethrow
                0x0010088c                ___Unwind_Resume_or_Rethrow
                0x001008b0                _Unwind_ForcedUnwind
                0x001008b0                ___Unwind_ForcedUnwind
                0x001008d4                ___Unwind_Backtrace
                0x001008d4                _Unwind_Backtrace
 *fill*         0x001008f8        0x8 
 .text          0x00100900      0x390 c:/devkitpro/devkitarm/bin/../lib/gcc/arm-none-eabi/12.2.0/../../../../arm-none-eabi/lib/armv6k/fpu\libg.a(libc_a-strcmp.o)
                0x00100908                strcmp
 *(.text.*)
 .text.__do_global_dtors_aux
                0x00100c90       0x40 c:/devkitpro/devkitarm/bin/../lib/gcc/arm-none-eabi/12.2.0/armv6k/fpu/crtbegin.o
 .text.frame_dummy
                0x00100cd0       0x2c c:/devkitpro/devkitarm/bin/../lib/gcc/arm-none-eabi/12.2.0/armv6k/fpu/crtbegin.o
 .text._ZN5CartaC2Ev
                0x00100cfc       0x20 Carta.o
                0x00100cfc                Carta::Carta()
                0x00100cfc                Carta::Carta()
 .text._ZN5Carta7onTouchEff
                0x00100d1c       0x50 Carta.o
                0x00100d1c                Carta::onTouch(float, float)
 .text._ZN7PartidaC2Ev
                0x00100d6c       0x8c Partida.o
                0x00100d6c                Partida::Partida()
                0x00100d6c                Partida::Partida()
 .text._ZN7Partida21muestraVerdaderoValorEP5Carta
                0x00100df8       0x7c Partida.o
                0x00100df8                Partida::muestraVerdaderoValor(Carta*)
 .text._ZN7Partida11ocultaValorEP5Carta
                0x00100e74       0x78 Partida.o
                0x00100e74                Partida::ocultaValor(Carta*)
 .text.startup.main
                0x00100eec      0x284 main.o
                0x00100eec                main
 .text.startup._GLOBAL__sub_I_main
                0x00101170       0x40 main.o
 .text.exit._GLOBAL__sub_D_main
                0x001011b0       0x18 main.o
 .text.C2Di_FrameEndHook
                0x001011c8       0x44 C:/devkitPro/libctru/lib\libcitro2d.a(base.o)
 *fill*         0x0010120c        0x4 
 .text.C2D_Init
                0x00101210      0x36c C:/devkitPro/libctru/lib\libcitro2d.a(base.o)
                0x00101210                C2D_Init
 .text.C2D_Fini
                0x0010157c       0x4c C:/devkitPro/libctru/lib\libcitro2d.a(base.o)
                0x0010157c                C2D_Fini
 .text.C2D_Prepare
                0x001015c8       0xb8 C:/devkitPro/libctru/lib\libcitro2d.a(base.o)
                0x001015c8                C2D_Prepare
 .text.C2D_Flush
                0x00101680       0x48 C:/devkitPro/libctru/lib\libcitro2d.a(base.o)
                0x00101680                C2D_Flush
 .text.C2D_SceneSize
                0x001016c8      0x104 C:/devkitPro/libctru/lib\libcitro2d.a(base.o)
                0x001016c8                C2D_SceneSize
 .text.C2D_TargetClear
                0x001017cc       0x64 C:/devkitPro/libctru/lib\libcitro2d.a(base.o)
                0x001017cc                C2D_TargetClear
 .text.C2Di_CalcQuad
                0x00101830      0x13c C:/devkitPro/libctru/lib\libcitro2d.a(base.o)
                0x00101830                C2Di_CalcQuad
 .text.C2Di_AppendQuad
                0x0010196c       0x58 C:/devkitPro/libctru/lib\libcitro2d.a(base.o)
                0x0010196c                C2Di_AppendQuad
 .text.C2Di_Update
                0x001019c4      0x550 C:/devkitPro/libctru/lib\libcitro2d.a(base.o)
                0x001019c4                C2Di_Update
 .text.C2D_DrawImage
                0x00101f14      0x2b0 C:/devkitPro/libctru/lib\libcitro2d.a(base.o)
                0x00101f14                C2D_DrawImage
 .text.C2D_SpriteSheetLoadFromHandle
                0x001021c4       0x6c C:/devkitPro/libctru/lib\libcitro2d.a(spritesheet.o)
                0x001021c4                C2D_SpriteSheetLoadFromHandle
 .text.C2D_SpriteSheetLoad
                0x00102230       0x48 C:/devkitPro/libctru/lib\libcitro2d.a(spritesheet.o)
                0x00102230                C2D_SpriteSheetLoad
 .text.C2D_SpriteSheetFree
                0x00102278       0x28 C:/devkitPro/libctru/lib\libcitro2d.a(spritesheet.o)
                0x00102278                C2D_SpriteSheetFree
 .text.C2D_SpriteSheetCount
                0x001022a0        0x8 C:/devkitPro/libctru/lib\libcitro2d.a(spritesheet.o)
                0x001022a0                C2D_SpriteSheetCount
 .text.C2D_SpriteSheetGetImage
                0x001022a8       0x2c C:/devkitPro/libctru/lib\libcitro2d.a(spritesheet.o)
                0x001022a8                C2D_SpriteSheetGetImage
 .text.C3Di_LightEnvUpdate
                0x001022d4        0x4 C:/devkitPro/libctru/lib\libcitro3d.a(base.o)
                0x001022d4                C3Di_LightEnvUpdate
 .text.C3Di_LightEnvDirty
                0x001022d8        0x4 C:/devkitPro/libctru/lib\libcitro3d.a(base.o)
                0x001022d8                C3Di_LightEnvDirty
 .text.C3Di_AptEventHook
                0x001022dc       0xb4 C:/devkitPro/libctru/lib\libcitro3d.a(base.o)
 .text.C3Di_GasUpdate
                0x00102390        0x4 C:/devkitPro/libctru/lib\libcitro3d.a(base.o)
                0x00102390                C3Di_GasUpdate
 .text.C3D_Init
                0x00102394      0x1e0 C:/devkitPro/libctru/lib\libcitro3d.a(base.o)
                0x00102394                C3D_Init
 .text.C3D_SetViewport
                0x00102574       0x98 C:/devkitPro/libctru/lib\libcitro3d.a(base.o)
                0x00102574                C3D_SetViewport
 .text.C3Di_UpdateContext
                0x0010260c      0x4e8 C:/devkitPro/libctru/lib\libcitro3d.a(base.o)
                0x0010260c                C3Di_UpdateContext
 .text.C3Di_SplitFrame
                0x00102af4       0xe0 C:/devkitPro/libctru/lib\libcitro3d.a(base.o)
                0x00102af4                C3Di_SplitFrame
 .text.C3D_Fini
                0x00102bd4       0x44 C:/devkitPro/libctru/lib\libcitro3d.a(base.o)
                0x00102bd4                C3D_Fini
 .text.C3D_BindProgram
                0x00102c18      0x114 C:/devkitPro/libctru/lib\libcitro3d.a(base.o)
                0x00102c18                C3D_BindProgram
 .text.onVBlank0
                0x00102d2c       0x4c C:/devkitPro/libctru/lib\libcitro3d.a(renderqueue.o)
 .text.onVBlank1
                0x00102d78       0x4c C:/devkitPro/libctru/lib\libcitro3d.a(renderqueue.o)
 .text.C3Di_RenderTargetDestroy
                0x00102dc4       0x80 C:/devkitPro/libctru/lib\libcitro3d.a(renderqueue.o)
 .text.onQueueFinish
                0x00102e44       0xf4 C:/devkitPro/libctru/lib\libcitro3d.a(renderqueue.o)
 .text.C3Di_RenderQueueEnableVBlank
                0x00102f38       0x38 C:/devkitPro/libctru/lib\libcitro3d.a(renderqueue.o)
                0x00102f38                C3Di_RenderQueueEnableVBlank
 .text.C3Di_RenderQueueDisableVBlank
                0x00102f70       0x30 C:/devkitPro/libctru/lib\libcitro3d.a(renderqueue.o)
                0x00102f70                C3Di_RenderQueueDisableVBlank
 .text.C3Di_RenderQueueInit
                0x00102fa0       0x60 C:/devkitPro/libctru/lib\libcitro3d.a(renderqueue.o)
                0x00102fa0                C3Di_RenderQueueInit
 .text.C3Di_RenderQueueExit
                0x00103000       0xb0 C:/devkitPro/libctru/lib\libcitro3d.a(renderqueue.o)
                0x00103000                C3Di_RenderQueueExit
 .text.C3Di_RenderQueueWaitDone
                0x001030b0       0x34 C:/devkitPro/libctru/lib\libcitro3d.a(renderqueue.o)
                0x001030b0                C3Di_RenderQueueWaitDone
 .text.C3D_FrameBegin
                0x001030e4       0xe4 C:/devkitPro/libctru/lib\libcitro3d.a(renderqueue.o)
                0x001030e4                C3D_FrameBegin
 .text.C3D_FrameDrawOn
                0x001031c8       0x48 C:/devkitPro/libctru/lib\libcitro3d.a(renderqueue.o)
                0x001031c8                C3D_FrameDrawOn
 .text.C3D_FrameSplit
                0x00103210       0x58 C:/devkitPro/libctru/lib\libcitro3d.a(renderqueue.o)
                0x00103210                C3D_FrameSplit
 .text.C3D_FrameEnd
                0x00103268      0x1d8 C:/devkitPro/libctru/lib\libcitro3d.a(renderqueue.o)
                0x00103268                C3D_FrameEnd
 .text.C3D_FrameEndHook
                0x00103440       0x1c C:/devkitPro/libctru/lib\libcitro3d.a(renderqueue.o)
                0x00103440                C3D_FrameEndHook
 .text.C3D_RenderTargetCreate
                0x0010345c      0x184 C:/devkitPro/libctru/lib\libcitro3d.a(renderqueue.o)
                0x0010345c                C3D_RenderTargetCreate
 .text.C3D_RenderTargetSetOutput
                0x001035e0       0xa8 C:/devkitPro/libctru/lib\libcitro3d.a(renderqueue.o)
                0x001035e0                C3D_RenderTargetSetOutput
 .text.C3D_SyncTextureCopy
                0x00103688       0xfc C:/devkitPro/libctru/lib\libcitro3d.a(renderqueue.o)
                0x00103688                C3D_SyncTextureCopy
 .text.C3D_TexInitWithParams
                0x00103784      0x294 C:/devkitPro/libctru/lib\libcitro3d.a(texture.o)
                0x00103784                C3D_TexInitWithParams
 .text.C3D_TexLoadImage
                0x00103a18       0xc8 C:/devkitPro/libctru/lib\libcitro3d.a(texture.o)
                0x00103a18                C3D_TexLoadImage
 .text.C3D_TexBind
                0x00103ae0       0x44 C:/devkitPro/libctru/lib\libcitro3d.a(texture.o)
                0x00103ae0                C3D_TexBind
 .text.C3D_TexDelete
                0x00103b24       0x74 C:/devkitPro/libctru/lib\libcitro3d.a(texture.o)
                0x00103b24                C3D_TexDelete
 .text.C3Di_SetTex
                0x00103b98      0x16c C:/devkitPro/libctru/lib\libcitro3d.a(texture.o)
                0x00103b98                C3Di_SetTex
 .text.Tex3DSi_ImportCommon
                0x00103d04      0x3f4 C:/devkitPro/libctru/lib\libcitro3d.a(tex3ds.o)
 .text.Tex3DS_TextureImportStdio
                0x001040f8       0x38 C:/devkitPro/libctru/lib\libcitro3d.a(tex3ds.o)
                0x001040f8                Tex3DS_TextureImportStdio
 .text.Tex3DS_GetNumSubTextures
                0x00104130        0x8 C:/devkitPro/libctru/lib\libcitro3d.a(tex3ds.o)
                0x00104130                Tex3DS_GetNumSubTextures
 .text.Tex3DS_GetSubTexture
                0x00104138       0x1c C:/devkitPro/libctru/lib\libcitro3d.a(tex3ds.o)
                0x00104138                Tex3DS_GetSubTexture
 .text.Tex3DS_TextureFree
                0x00104154        0x4 C:/devkitPro/libctru/lib\libcitro3d.a(tex3ds.o)
                0x00104154                Tex3DS_TextureFree
 .text.C3D_CalcColorBufSize
                0x00104158       0x1c C:/devkitPro/libctru/lib\libcitro3d.a(framebuffer.o)
                0x00104158                C3D_CalcColorBufSize
 .text.C3D_CalcDepthBufSize
                0x00104174       0x1c C:/devkitPro/libctru/lib\libcitro3d.a(framebuffer.o)
                0x00104174                C3D_CalcDepthBufSize
 .text.C3D_SetFrameBuf
                0x00104190       0x44 C:/devkitPro/libctru/lib\libcitro3d.a(framebuffer.o)
                0x00104190                C3D_SetFrameBuf
 .text.C3Di_FrameBufBind
                0x001041d4      0x16c C:/devkitPro/libctru/lib\libcitro3d.a(framebuffer.o)
                0x001041d4                C3Di_FrameBufBind
 .text.C3D_FrameBufClear
                0x00104340       0xc8 C:/devkitPro/libctru/lib\libcitro3d.a(framebuffer.o)
                0x00104340                C3D_FrameBufClear
 .text.C3D_FrameBufTransfer
                0x00104408       0x44 C:/devkitPro/libctru/lib\libcitro3d.a(framebuffer.o)
                0x00104408                C3D_FrameBufTransfer
 .text.C3D_GetTexEnv
                0x0010444c       0x34 C:/devkitPro/libctru/lib\libcitro3d.a(texenv.o)
                0x0010444c                C3D_GetTexEnv
 .text.C3Di_TexEnvBind
                0x00104480       0x24 C:/devkitPro/libctru/lib\libcitro3d.a(texenv.o)
                0x00104480                C3Di_TexEnvBind
 .text.C3D_DrawElements
                0x001044a4      0x218 C:/devkitPro/libctru/lib\libcitro3d.a(drawElements.o)
                0x001044a4                C3D_DrawElements
 .text.C3D_ProcTexInit
                0x001046bc       0x70 C:/devkitPro/libctru/lib\libcitro3d.a(proctex.o)
                0x001046bc                C3D_ProcTexInit
 .text.C3D_ProcTexBind
                0x0010472c       0x54 C:/devkitPro/libctru/lib\libcitro3d.a(proctex.o)
                0x0010472c                C3D_ProcTexBind
 .text.C3D_ProcTexLutBind
                0x00104780       0x5c C:/devkitPro/libctru/lib\libcitro3d.a(proctex.o)
                0x00104780                C3D_ProcTexLutBind
 .text.ProcTexLut_FromArray
                0x001047dc       0xa4 C:/devkitPro/libctru/lib\libcitro3d.a(proctex.o)
                0x001047dc                ProcTexLut_FromArray
 .text.C3Di_ProcTexUpdate
                0x00104880      0x17c C:/devkitPro/libctru/lib\libcitro3d.a(proctex.o)
                0x00104880                C3Di_ProcTexUpdate
 .text.C3Di_ProcTexDirty
                0x001049fc       0x68 C:/devkitPro/libctru/lib\libcitro3d.a(proctex.o)
                0x001049fc                C3Di_ProcTexDirty
 .text.BufInfo_Init
                0x00104a64       0x24 C:/devkitPro/libctru/lib\libcitro3d.a(buffers.o)
                0x00104a64                BufInfo_Init
 .text.BufInfo_Add
                0x00104a88       0x80 C:/devkitPro/libctru/lib\libcitro3d.a(buffers.o)
                0x00104a88                BufInfo_Add
 .text.C3D_SetBufInfo
                0x00104b08       0x40 C:/devkitPro/libctru/lib\libcitro3d.a(buffers.o)
                0x00104b08                C3D_SetBufInfo
 .text.C3Di_BufInfoBind
                0x00104b48       0x48 C:/devkitPro/libctru/lib\libcitro3d.a(buffers.o)
                0x00104b48                C3Di_BufInfoBind
 .text.C3D_DepthMap
                0x00104b90       0x40 C:/devkitPro/libctru/lib\libcitro3d.a(effect.o)
                0x00104b90                C3D_DepthMap
 .text.C3D_CullFace
                0x00104bd0       0x1c C:/devkitPro/libctru/lib\libcitro3d.a(effect.o)
                0x00104bd0                C3D_CullFace
 .text.C3D_StencilTest
                0x00104bec       0x40 C:/devkitPro/libctru/lib\libcitro3d.a(effect.o)
                0x00104bec                C3D_StencilTest
 .text.C3D_StencilOp
                0x00104c2c       0x24 C:/devkitPro/libctru/lib\libcitro3d.a(effect.o)
                0x00104c2c                C3D_StencilOp
 .text.C3D_BlendingColor
                0x00104c50       0x1c C:/devkitPro/libctru/lib\libcitro3d.a(effect.o)
                0x00104c50                C3D_BlendingColor
 .text.C3D_EarlyDepthTest
                0x00104c6c       0x24 C:/devkitPro/libctru/lib\libcitro3d.a(effect.o)
                0x00104c6c                C3D_EarlyDepthTest
 .text.C3D_DepthTest
                0x00104c90       0x2c C:/devkitPro/libctru/lib\libcitro3d.a(effect.o)
                0x00104c90                C3D_DepthTest
 .text.C3D_AlphaTest
                0x00104cbc       0x2c C:/devkitPro/libctru/lib\libcitro3d.a(effect.o)
                0x00104cbc                C3D_AlphaTest
 .text.C3D_AlphaBlend
                0x00104ce8       0x50 C:/devkitPro/libctru/lib\libcitro3d.a(effect.o)
                0x00104ce8                C3D_AlphaBlend
 .text.C3D_FragOpMode
                0x00104d38       0x30 C:/devkitPro/libctru/lib\libcitro3d.a(effect.o)
                0x00104d38                C3D_FragOpMode
 .text.C3D_FragOpShadow
                0x00104d68       0x44 C:/devkitPro/libctru/lib\libcitro3d.a(effect.o)
                0x00104d68                C3D_FragOpShadow
 .text.C3Di_EffectBind
                0x00104dac      0x1ac C:/devkitPro/libctru/lib\libcitro3d.a(effect.o)
                0x00104dac                C3Di_EffectBind
 .text.AttrInfo_Init
                0x00104f58       0x28 C:/devkitPro/libctru/lib\libcitro3d.a(attribs.o)
                0x00104f58                AttrInfo_Init
 .text.AttrInfo_AddLoader
                0x00104f80       0x94 C:/devkitPro/libctru/lib\libcitro3d.a(attribs.o)
                0x00104f80                AttrInfo_AddLoader
 .text.C3D_SetAttrInfo
                0x00105014       0x54 C:/devkitPro/libctru/lib\libcitro3d.a(attribs.o)
                0x00105014                C3D_SetAttrInfo
 .text.C3Di_AttrInfoBind
                0x00105068       0x80 C:/devkitPro/libctru/lib\libcitro3d.a(attribs.o)
                0x00105068                C3Di_AttrInfoBind
 .text.C3D_ImmSendAttrib
                0x001050e8       0xa8 C:/devkitPro/libctru/lib\libcitro3d.a(immediate.o)
                0x001050e8                C3D_ImmSendAttrib
 .text.C3D_UpdateUniforms
                0x00105190      0x280 C:/devkitPro/libctru/lib\libcitro3d.a(uniforms.o)
                0x00105190                C3D_UpdateUniforms
 .text.C3Di_DirtyUniforms
                0x00105410       0xc0 C:/devkitPro/libctru/lib\libcitro3d.a(uniforms.o)
                0x00105410                C3Di_DirtyUniforms
 .text.C3Di_LoadShaderUniforms
                0x001054d0       0xd8 C:/devkitPro/libctru/lib\libcitro3d.a(uniforms.o)
                0x001054d0                C3Di_LoadShaderUniforms
 .text.C3Di_ClearShaderUniforms
                0x001055a8       0x28 C:/devkitPro/libctru/lib\libcitro3d.a(uniforms.o)
                0x001055a8                C3Di_ClearShaderUniforms
 .text.Mtx_Ortho
                0x001055d0       0xcc C:/devkitPro/libctru/lib\libcitro3d.a(mtx_ortho.o)
                0x001055d0                Mtx_Ortho
 .text.Mtx_OrthoTilt
                0x0010569c       0xcc C:/devkitPro/libctru/lib\libcitro3d.a(mtx_orthotilt.o)
                0x0010569c                Mtx_OrthoTilt
 .text._ZL21addrMapNodeComparatorPK11rbtree_nodeS1_
                0x00105768       0x24 C:/devkitPro/libctru/lib\libctru.a(vram.o)
 .text._ZL21addrMapNodeDestructorP11rbtree_node
                0x0010578c        0x4 C:/devkitPro/libctru/lib\libctru.a(vram.o)
 .text.vramMemAlignAt
                0x00105790      0x250 C:/devkitPro/libctru/lib\libctru.a(vram.o)
                0x00105790                vramMemAlignAt
 .text.vramAlloc
                0x001059e0        0xc C:/devkitPro/libctru/lib\libctru.a(vram.o)
                0x001059e0                vramAlloc
 .text.vramAllocAt
                0x001059ec        0xc C:/devkitPro/libctru/lib\libctru.a(vram.o)
                0x001059ec                vramAllocAt
 .text.vramFree
                0x001059f8       0x90 C:/devkitPro/libctru/lib\libctru.a(vram.o)
                0x001059f8                vramFree
 .text._ZL21addrMapNodeComparatorPK11rbtree_nodeS1_
                0x00105a88       0x24 C:/devkitPro/libctru/lib\libctru.a(linear.o)
 .text._ZL21addrMapNodeDestructorP11rbtree_node
                0x00105aac        0x4 C:/devkitPro/libctru/lib\libctru.a(linear.o)
 .text.linearMemAlign
                0x00105ab0      0x120 C:/devkitPro/libctru/lib\libctru.a(linear.o)
                0x00105ab0                linearMemAlign
 .text.linearAlloc
                0x00105bd0        0x8 C:/devkitPro/libctru/lib\libctru.a(linear.o)
                0x00105bd0                linearAlloc
 .text.linearFree
                0x00105bd8       0x5c C:/devkitPro/libctru/lib\libctru.a(linear.o)
                0x00105bd8                linearFree
 .text._ZN7MemPool13CoalesceRightEP8MemBlock
                0x00105c34       0x80 C:/devkitPro/libctru/lib\libctru.a(mem_pool.o)
                0x00105c34                MemPool::CoalesceRight(MemBlock*)
 .text._ZN7MemPool8AllocateER8MemChunkmi
                0x00105cb4      0x16c C:/devkitPro/libctru/lib\libctru.a(mem_pool.o)
                0x00105cb4                MemPool::Allocate(MemChunk&, unsigned long, int)
 .text._ZN7MemPool10DeallocateERK8MemChunk
                0x00105e20       0xfc C:/devkitPro/libctru/lib\libctru.a(mem_pool.o)
                0x00105e20                MemPool::Deallocate(MemChunk const&)
 .text._ZN7MemPool12GetFreeSpaceEv
                0x00105f1c       0x30 C:/devkitPro/libctru/lib\libctru.a(mem_pool.o)
                0x00105f1c                MemPool::GetFreeSpace()
 .text.romfs_close
                0x00105f4c        0x8 C:/devkitPro/libctru/lib\libctru.a(romfs_dev.o)
 .text.romfs_seek
                0x00105f54       0xc0 C:/devkitPro/libctru/lib\libctru.a(romfs_dev.o)
 .text.romfs_dirreset
                0x00106014       0x24 C:/devkitPro/libctru/lib\libctru.a(romfs_dev.o)
 .text.fill_dir
                0x00106038       0xc8 C:/devkitPro/libctru/lib\libctru.a(romfs_dev.o)
 .text.romfs_dirnext
                0x00106100      0x28c C:/devkitPro/libctru/lib\libctru.a(romfs_dev.o)
 .text.romfs_free
                0x0010638c       0x84 C:/devkitPro/libctru/lib\libctru.a(romfs_dev.o)
 .text.searchForFile.constprop.0
                0x00106410       0xd4 C:/devkitPro/libctru/lib\libctru.a(romfs_dev.o)
 .text.searchForDir.constprop.0
                0x001064e4       0xd8 C:/devkitPro/libctru/lib\libctru.a(romfs_dev.o)
 .text.navigateToDir.constprop.0
                0x001065bc      0x1c0 C:/devkitPro/libctru/lib\libctru.a(romfs_dev.o)
 .text.romfs_open
                0x0010677c      0x10c C:/devkitPro/libctru/lib\libctru.a(romfs_dev.o)
 .text.romfs_chdir
                0x00106888       0x4c C:/devkitPro/libctru/lib\libctru.a(romfs_dev.o)
 .text.romfs_diropen
                0x001068d4       0x70 C:/devkitPro/libctru/lib\libctru.a(romfs_dev.o)
 .text.romfs_stat
                0x00106944      0x174 C:/devkitPro/libctru/lib\libctru.a(romfs_dev.o)
 .text.romfs_dirclose
                0x00106ab8        0x8 C:/devkitPro/libctru/lib\libctru.a(romfs_dev.o)
 .text.romfs_fstat
                0x00106ac0       0x84 C:/devkitPro/libctru/lib\libctru.a(romfs_dev.o)
 .text.romfs_read
                0x00106b44       0xd0 C:/devkitPro/libctru/lib\libctru.a(romfs_dev.o)
 .text.romfsMountFromFile
                0x00106c14      0x28c C:/devkitPro/libctru/lib\libctru.a(romfs_dev.o)
                0x00106c14                romfsMountFromFile
 .text.romfsMountFromCurrentProcess
                0x00106ea0       0x98 C:/devkitPro/libctru/lib\libctru.a(romfs_dev.o)
                0x00106ea0                romfsMountFromCurrentProcess
 .text.romfsMountSelf
                0x00106f38      0x260 C:/devkitPro/libctru/lib\libctru.a(romfs_dev.o)
                0x00106f38                romfsMountSelf
 .text.romfsUnmount
                0x00107198       0xa0 C:/devkitPro/libctru/lib\libctru.a(romfs_dev.o)
                0x00107198                romfsUnmount
 .text.osConvertVirtToPhys
                0x00107238       0x74 C:/devkitPro/libctru/lib\libctru.a(os.o)
                0x00107238                osConvertVirtToPhys
 .text.osGetTimeRef
                0x001072ac       0x54 C:/devkitPro/libctru/lib\libctru.a(os.o)
                0x001072ac                osGetTimeRef
 .text.osGetTime
                0x00107300       0xec C:/devkitPro/libctru/lib\libctru.a(os.o)
                0x00107300                osGetTime
 .text.__ctru_speedup_config
                0x001073ec       0x34 C:/devkitPro/libctru/lib\libctru.a(os.o)
                0x001073ec                __ctru_speedup_config
 .text.gfxPresentFramebuffer
                0x00107420       0xd0 C:/devkitPro/libctru/lib\libctru.a(gfx.o)
 .text.gfxSetScreenFormat
                0x001074f0       0xec C:/devkitPro/libctru/lib\libctru.a(gfx.o)
                0x001074f0                gfxSetScreenFormat
 .text.gfxInit  0x001075dc       0xe0 C:/devkitPro/libctru/lib\libctru.a(gfx.o)
                0x001075dc                gfxInit
 .text.gfxInitDefault
                0x001076bc       0x10 C:/devkitPro/libctru/lib\libctru.a(gfx.o)
                0x001076bc                gfxInitDefault
 .text.gfxExit  0x001076cc       0xb4 C:/devkitPro/libctru/lib\libctru.a(gfx.o)
                0x001076cc                gfxExit
 .text.gfxGetFramebuffer
                0x00107780       0xa0 C:/devkitPro/libctru/lib\libctru.a(gfx.o)
                0x00107780                gfxGetFramebuffer
 .text.gfxScreenSwapBuffers
                0x00107820       0x30 C:/devkitPro/libctru/lib\libctru.a(gfx.o)
                0x00107820                gfxScreenSwapBuffers
 .text.shaderInstanceInit
                0x00107850      0x1d4 C:/devkitPro/libctru/lib\libctru.a(shaderProgram.o)
                0x00107850                shaderInstanceInit
 .text.shaderInstanceGetUniformLocation
                0x00107a24       0x18 C:/devkitPro/libctru/lib\libctru.a(shaderProgram.o)
                0x00107a24                shaderInstanceGetUniformLocation
 .text.shaderProgramInit
                0x00107a3c       0x1c C:/devkitPro/libctru/lib\libctru.a(shaderProgram.o)
                0x00107a3c                shaderProgramInit
 .text.shaderProgramFree
                0x00107a58       0x64 C:/devkitPro/libctru/lib\libctru.a(shaderProgram.o)
                0x00107a58                shaderProgramFree
 .text.shaderProgramSetVsh
                0x00107abc       0x80 C:/devkitPro/libctru/lib\libctru.a(shaderProgram.o)
                0x00107abc                shaderProgramSetVsh
 .text.shaderProgramConfigure
                0x00107b3c      0x8e0 C:/devkitPro/libctru/lib\libctru.a(shaderProgram.o)
                0x00107b3c                shaderProgramConfigure
 .text.DVLE_GenerateOutmap.part.0
                0x0010841c      0x1cc C:/devkitPro/libctru/lib\libctru.a(shbin.o)
 .text.DVLB_ParseFile
                0x001085e8      0x1b4 C:/devkitPro/libctru/lib\libctru.a(shbin.o)
                0x001085e8                DVLB_ParseFile
 .text.DVLB_Free
                0x0010879c       0x38 C:/devkitPro/libctru/lib\libctru.a(shbin.o)
                0x0010879c                DVLB_Free
 .text.DVLE_GetUniformRegister
                0x001087d4       0x74 C:/devkitPro/libctru/lib\libctru.a(shbin.o)
                0x001087d4                DVLE_GetUniformRegister
 .text.GX_BindQueue
                0x00108848       0x10 C:/devkitPro/libctru/lib\libctru.a(gx.o)
                0x00108848                GX_BindQueue
 .text.GX_ProcessCommandList
                0x00108858       0x78 C:/devkitPro/libctru/lib\libctru.a(gx.o)
                0x00108858                GX_ProcessCommandList
 .text.GX_MemoryFill
                0x001088d0       0x74 C:/devkitPro/libctru/lib\libctru.a(gx.o)
                0x001088d0                GX_MemoryFill
 .text.GX_DisplayTransfer
                0x00108944       0x70 C:/devkitPro/libctru/lib\libctru.a(gx.o)
                0x00108944                GX_DisplayTransfer
 .text.GX_TextureCopy
                0x001089b4       0x74 C:/devkitPro/libctru/lib\libctru.a(gx.o)
                0x001089b4                GX_TextureCopy
 .text.gxCmdQueueDoCommands.part.0
                0x00108a28       0x68 C:/devkitPro/libctru/lib\libctru.a(gxqueue.o)
 .text.gxCmdQueueInterrupt
                0x00108a90       0xc8 C:/devkitPro/libctru/lib\libctru.a(gxqueue.o)
                0x00108a90                gxCmdQueueInterrupt
 .text.gxCmdQueueClear
                0x00108b58       0x4c C:/devkitPro/libctru/lib\libctru.a(gxqueue.o)
                0x00108b58                gxCmdQueueClear
 .text.gxCmdQueueAdd
                0x00108ba4       0xf8 C:/devkitPro/libctru/lib\libctru.a(gxqueue.o)
                0x00108ba4                gxCmdQueueAdd
 .text.gxCmdQueueRun
                0x00108c9c       0x80 C:/devkitPro/libctru/lib\libctru.a(gxqueue.o)
                0x00108c9c                gxCmdQueueRun
 .text.gxCmdQueueStop
                0x00108d1c       0x60 C:/devkitPro/libctru/lib\libctru.a(gxqueue.o)
                0x00108d1c                gxCmdQueueStop
 .text.gxCmdQueueWait
                0x00108d7c       0x74 C:/devkitPro/libctru/lib\libctru.a(gxqueue.o)
                0x00108d7c                gxCmdQueueWait
 .text.GPUCMD_Add
                0x00108df0      0x13c C:/devkitPro/libctru/lib\libctru.a(gpu.o)
                0x00108df0                GPUCMD_Add
 .text.GPUCMD_Split
                0x00108f2c       0xb0 C:/devkitPro/libctru/lib\libctru.a(gpu.o)
                0x00108f2c                GPUCMD_Split
 .text.f32tof16
                0x00108fdc       0x34 C:/devkitPro/libctru/lib\libctru.a(gpu.o)
                0x00108fdc                f32tof16
 .text.f32tof24
                0x00109010       0x34 C:/devkitPro/libctru/lib\libctru.a(gpu.o)
                0x00109010                f32tof24
 .text.f32tof31
                0x00109044       0x38 C:/devkitPro/libctru/lib\libctru.a(gpu.o)
                0x00109044                f32tof31
 .text.gspHardwareInit
                0x0010907c      0xc58 C:/devkitPro/libctru/lib\libctru.a(gspgpu.o)
 .text.gspInit  0x00109cd4      0x248 C:/devkitPro/libctru/lib\libctru.a(gspgpu.o)
                0x00109cd4                gspInit
 .text.gspExit  0x00109f1c       0xf0 C:/devkitPro/libctru/lib\libctru.a(gspgpu.o)
                0x00109f1c                gspExit
 .text.gspHasGpuRight
                0x0010a00c       0x10 C:/devkitPro/libctru/lib\libctru.a(gspgpu.o)
                0x0010a00c                gspHasGpuRight
 .text.gspPresentBuffer
                0x0010a01c       0xa0 C:/devkitPro/libctru/lib\libctru.a(gspgpu.o)
                0x0010a01c                gspPresentBuffer
 .text.gspSetEventCallback
                0x0010a0bc       0x30 C:/devkitPro/libctru/lib\libctru.a(gspgpu.o)
                0x0010a0bc                gspSetEventCallback
 .text.gspWaitForEvent
                0x0010a0ec       0x44 C:/devkitPro/libctru/lib\libctru.a(gspgpu.o)
                0x0010a0ec                gspWaitForEvent
 .text.gspWaitForAnyEvent
                0x0010a130       0x4c C:/devkitPro/libctru/lib\libctru.a(gspgpu.o)
                0x0010a130                gspWaitForAnyEvent
 .text.gspEventThreadMain
                0x0010a17c      0x158 C:/devkitPro/libctru/lib\libctru.a(gspgpu.o)
 .text.gspSubmitGxCommand
                0x0010a2d4      0x130 C:/devkitPro/libctru/lib\libctru.a(gspgpu.o)
                0x0010a2d4                gspSubmitGxCommand
 .text.GSPGPU_FlushDataCache
                0x0010a404       0x50 C:/devkitPro/libctru/lib\libctru.a(gspgpu.o)
                0x0010a404                GSPGPU_FlushDataCache
 .text.GSPGPU_SetLcdForceBlack
                0x0010a454       0x34 C:/devkitPro/libctru/lib\libctru.a(gspgpu.o)
                0x0010a454                GSPGPU_SetLcdForceBlack
 .text.GSPGPU_AcquireRight
                0x0010a488       0x68 C:/devkitPro/libctru/lib\libctru.a(gspgpu.o)
                0x0010a488                GSPGPU_AcquireRight
 .text.GSPGPU_ReleaseRight
                0x0010a4f0       0x48 C:/devkitPro/libctru/lib\libctru.a(gspgpu.o)
                0x0010a4f0                GSPGPU_ReleaseRight
 .text.GSPGPU_ImportDisplayCaptureInfo
                0x0010a538       0x7c C:/devkitPro/libctru/lib\libctru.a(gspgpu.o)
                0x0010a538                GSPGPU_ImportDisplayCaptureInfo
 .text.GSPGPU_SaveVramSysArea
                0x0010a5b4       0x2c C:/devkitPro/libctru/lib\libctru.a(gspgpu.o)
                0x0010a5b4                GSPGPU_SaveVramSysArea
 .text.GSPGPU_RestoreVramSysArea
                0x0010a5e0       0x2c C:/devkitPro/libctru/lib\libctru.a(gspgpu.o)
                0x0010a5e0                GSPGPU_RestoreVramSysArea
 .text.aptConvertScreenForCapture
                0x0010a60c      0x1a4 C:/devkitPro/libctru/lib\libctru.a(apt.o)
 .text.aptDspSleep
                0x0010a7b0        0x8 C:/devkitPro/libctru/lib\libctru.a(apt.o)
                0x0010a7b0                aptDspSleep
 .text.aptDspWakeup
                0x0010a7b8        0x4 C:/devkitPro/libctru/lib\libctru.a(apt.o)
                0x0010a7b8                aptDspWakeup
 .text.aptDspCancel
                0x0010a7bc        0x4 C:/devkitPro/libctru/lib\libctru.a(apt.o)
                0x0010a7bc                aptDspCancel
 .text.aptSendCommand
                0x0010a7c0      0x158 C:/devkitPro/libctru/lib\libctru.a(apt.o)
                0x0010a7c0                aptSendCommand
 .text.aptExitProcess
                0x0010a918       0x44 C:/devkitPro/libctru/lib\libctru.a(apt.o)
 .text.aptExit  0x0010a95c      0x38c C:/devkitPro/libctru/lib\libctru.a(apt.o)
                0x0010a95c                aptExit
 .text.aptHandleSleep
                0x0010ace8       0xe0 C:/devkitPro/libctru/lib\libctru.a(apt.o)
                0x0010ace8                aptHandleSleep
 .text.aptHook  0x0010adc8       0x30 C:/devkitPro/libctru/lib\libctru.a(apt.o)
                0x0010adc8                aptHook
 .text.aptUnhook
                0x0010adf8       0x30 C:/devkitPro/libctru/lib\libctru.a(apt.o)
                0x0010adf8                aptUnhook
 .text.APT_SleepIfShellClosed
                0x0010ae28       0x84 C:/devkitPro/libctru/lib\libctru.a(apt.o)
                0x0010ae28                APT_SleepIfShellClosed
 .text.aptSetSleepAllowed
                0x0010aeac       0x84 C:/devkitPro/libctru/lib\libctru.a(apt.o)
                0x0010aeac                aptSetSleepAllowed
 .text.APT_UnlockTransition
                0x0010af30       0x84 C:/devkitPro/libctru/lib\libctru.a(apt.o)
                0x0010af30                APT_UnlockTransition
 *fill*         0x0010afb4        0x4 
 .text.aptEventHandler
                0x0010afb8      0x4a4 C:/devkitPro/libctru/lib\libctru.a(apt.o)
 .text.APT_ReceiveParameter
                0x0010b45c       0xb0 C:/devkitPro/libctru/lib\libctru.a(apt.o)
                0x0010b45c                APT_ReceiveParameter
 .text.aptReceiveParameter.constprop.0
                0x0010b50c       0xb0 C:/devkitPro/libctru/lib\libctru.a(apt.o)
 *fill*         0x0010b5bc        0x4 
 .text.aptScreenTransfer
                0x0010b5c0      0x2ac C:/devkitPro/libctru/lib\libctru.a(apt.o)
 .text.aptWaitForWakeUp.isra.0
                0x0010b86c      0x344 C:/devkitPro/libctru/lib\libctru.a(apt.o)
 .text.aptJumpToHomeMenu
                0x0010bbb0      0x100 C:/devkitPro/libctru/lib\libctru.a(apt.o)
                0x0010bbb0                aptJumpToHomeMenu
 .text.aptMainLoop
                0x0010bcb0       0x48 C:/devkitPro/libctru/lib\libctru.a(apt.o)
                0x0010bcb0                aptMainLoop
 .text.aptInit  0x0010bcf8      0x22c C:/devkitPro/libctru/lib\libctru.a(apt.o)
                0x0010bcf8                aptInit
 .text.APT_CheckNew3DS
                0x0010bf24       0x7c C:/devkitPro/libctru/lib\libctru.a(apt.o)
                0x0010bf24                APT_CheckNew3DS
 .text.hidShouldUseIrrst
                0x0010bfa0       0x24 C:/devkitPro/libctru/lib\libctru.a(hid.o)
                0x0010bfa0                hidShouldUseIrrst
 .text.hidInit  0x0010bfc4      0x18c C:/devkitPro/libctru/lib\libctru.a(hid.o)
                0x0010bfc4                hidInit
 .text.hidExit  0x0010c150       0xe8 C:/devkitPro/libctru/lib\libctru.a(hid.o)
                0x0010c150                hidExit
 .text.hidScanInput
                0x0010c238      0x2a4 C:/devkitPro/libctru/lib\libctru.a(hid.o)
                0x0010c238                hidScanInput
 .text.hidKeysDown
                0x0010c4dc       0x10 C:/devkitPro/libctru/lib\libctru.a(hid.o)
                0x0010c4dc                hidKeysDown
 .text.hidTouchRead
                0x0010c4ec       0x18 C:/devkitPro/libctru/lib\libctru.a(hid.o)
                0x0010c4ec                hidTouchRead
 .text.ptmSysmInit
                0x0010c504       0x74 C:/devkitPro/libctru/lib\libctru.a(ptmsysm.o)
                0x0010c504                ptmSysmInit
 .text.ptmSysmExit
                0x0010c578       0x3c C:/devkitPro/libctru/lib\libctru.a(ptmsysm.o)
                0x0010c578                ptmSysmExit
 .text.PTMSYSM_ConfigureNew3DSCPU
                0x0010c5b4       0x34 C:/devkitPro/libctru/lib\libctru.a(ptmsysm.o)
                0x0010c5b4                PTMSYSM_ConfigureNew3DSCPU
 .text.fsInit   0x0010c5e8       0xcc C:/devkitPro/libctru/lib\libctru.a(fs.o)
                0x0010c5e8                fsInit
 .text.fsExit   0x0010c6b4       0x3c C:/devkitPro/libctru/lib\libctru.a(fs.o)
                0x0010c6b4                fsExit
 .text.fsExemptFromSession
                0x0010c6f0       0x60 C:/devkitPro/libctru/lib\libctru.a(fs.o)
                0x0010c6f0                fsExemptFromSession
 .text.fsUnexemptFromSession
                0x0010c750       0x50 C:/devkitPro/libctru/lib\libctru.a(fs.o)
                0x0010c750                fsUnexemptFromSession
 .text.FSUSER_OpenFile
                0x0010c7a0       0xcc C:/devkitPro/libctru/lib\libctru.a(fs.o)
                0x0010c7a0                FSUSER_OpenFile
 .text.FSUSER_OpenFileDirectly
                0x0010c86c       0xd4 C:/devkitPro/libctru/lib\libctru.a(fs.o)
                0x0010c86c                FSUSER_OpenFileDirectly
 .text.FSUSER_DeleteFile
                0x0010c940       0xbc C:/devkitPro/libctru/lib\libctru.a(fs.o)
                0x0010c940                FSUSER_DeleteFile
 .text.FSUSER_RenameFile
                0x0010c9fc       0xf8 C:/devkitPro/libctru/lib\libctru.a(fs.o)
                0x0010c9fc                FSUSER_RenameFile
 .text.FSUSER_DeleteDirectory
                0x0010caf4       0xbc C:/devkitPro/libctru/lib\libctru.a(fs.o)
                0x0010caf4                FSUSER_DeleteDirectory
 .text.FSUSER_CreateFile
                0x0010cbb0       0xd4 C:/devkitPro/libctru/lib\libctru.a(fs.o)
                0x0010cbb0                FSUSER_CreateFile
 .text.FSUSER_CreateDirectory
                0x0010cc84       0xc4 C:/devkitPro/libctru/lib\libctru.a(fs.o)
                0x0010cc84                FSUSER_CreateDirectory
 .text.FSUSER_RenameDirectory
                0x0010cd48       0xf8 C:/devkitPro/libctru/lib\libctru.a(fs.o)
                0x0010cd48                FSUSER_RenameDirectory
 .text.FSUSER_OpenDirectory
                0x0010ce40       0xb4 C:/devkitPro/libctru/lib\libctru.a(fs.o)
                0x0010ce40                FSUSER_OpenDirectory
 .text.FSUSER_OpenArchive
                0x0010cef4       0x98 C:/devkitPro/libctru/lib\libctru.a(fs.o)
                0x0010cef4                FSUSER_OpenArchive
 .text.FSUSER_CloseArchive
                0x0010cf8c       0x8c C:/devkitPro/libctru/lib\libctru.a(fs.o)
                0x0010cf8c                FSUSER_CloseArchive
 .text.FSUSER_GetSdmcArchiveResource
                0x0010d018       0x74 C:/devkitPro/libctru/lib\libctru.a(fs.o)
                0x0010d018                FSUSER_GetSdmcArchiveResource
 .text.FSUSER_IsSdmcWritable
                0x0010d08c       0x64 C:/devkitPro/libctru/lib\libctru.a(fs.o)
                0x0010d08c                FSUSER_IsSdmcWritable
 .text.FSFILE_Read
                0x0010d0f0       0x58 C:/devkitPro/libctru/lib\libctru.a(fs.o)
                0x0010d0f0                FSFILE_Read
 .text.FSFILE_Write
                0x0010d148       0x60 C:/devkitPro/libctru/lib\libctru.a(fs.o)
                0x0010d148                FSFILE_Write
 .text.FSFILE_GetSize
                0x0010d1a8       0x3c C:/devkitPro/libctru/lib\libctru.a(fs.o)
                0x0010d1a8                FSFILE_GetSize
 .text.FSFILE_SetSize
                0x0010d1e4       0x28 C:/devkitPro/libctru/lib\libctru.a(fs.o)
                0x0010d1e4                FSFILE_SetSize
 .text.FSFILE_Close
                0x0010d20c       0x3c C:/devkitPro/libctru/lib\libctru.a(fs.o)
                0x0010d20c                FSFILE_Close
 .text.FSFILE_Flush
                0x0010d248       0x24 C:/devkitPro/libctru/lib\libctru.a(fs.o)
                0x0010d248                FSFILE_Flush
 .text.FSDIR_Read
                0x0010d26c       0x50 C:/devkitPro/libctru/lib\libctru.a(fs.o)
                0x0010d26c                FSDIR_Read
 .text.FSDIR_Close
                0x0010d2bc       0x3c C:/devkitPro/libctru/lib\libctru.a(fs.o)
                0x0010d2bc                FSDIR_Close
 .text.buffer_read
                0x0010d2f8       0xc4 C:/devkitPro/libctru/lib\libctru.a(decompress.o)
 .text.iov_read
                0x0010d3bc       0xd0 C:/devkitPro/libctru/lib\libctru.a(decompress.o)
 .text.iov_memmove
                0x0010d48c      0x138 C:/devkitPro/libctru/lib\libctru.a(decompress.o)
 .text.decompress_rle
                0x0010d5c4      0x1dc C:/devkitPro/libctru/lib\libctru.a(decompress.o)
 .text.decompress_lzss
                0x0010d7a0      0x244 C:/devkitPro/libctru/lib\libctru.a(decompress.o)
 .text.decompress_lz11
                0x0010d9e4      0x424 C:/devkitPro/libctru/lib\libctru.a(decompress.o)
 .text.decompress_huff
                0x0010de08      0x2d8 C:/devkitPro/libctru/lib\libctru.a(decompress.o)
 .text.decompressCallback_Stdio
                0x0010e0e0       0x10 C:/devkitPro/libctru/lib\libctru.a(decompress.o)
                0x0010e0e0                decompressCallback_Stdio
 .text.decompressHeader
                0x0010e0f0       0xdc C:/devkitPro/libctru/lib\libctru.a(decompress.o)
                0x0010e0f0                decompressHeader
 .text.decompressV
                0x0010e1cc      0x240 C:/devkitPro/libctru/lib\libctru.a(decompress.o)
                0x0010e1cc                decompressV
 .text.rbtree_init
                0x0010e40c       0x10 C:/devkitPro/libctru/lib\libctru.a(rbtree_init.o)
                0x0010e40c                rbtree_init
 .text.do_insert
                0x0010e41c      0x1b4 C:/devkitPro/libctru/lib\libctru.a(rbtree_insert.o)
 .text.rbtree_insert
                0x0010e5d0        0x8 C:/devkitPro/libctru/lib\libctru.a(rbtree_insert.o)
                0x0010e5d0                rbtree_insert
 .text.rbtree_rotate
                0x0010e5d8       0x90 C:/devkitPro/libctru/lib\libctru.a(rbtree_rotate.o)
                0x0010e5d8                rbtree_rotate
 .text.rbtree_remove
                0x0010e668      0x318 C:/devkitPro/libctru/lib\libctru.a(rbtree_remove.o)
                0x0010e668                rbtree_remove
 .text.rbtree_find
                0x0010e980       0x74 C:/devkitPro/libctru/lib\libctru.a(rbtree_find.o)
                0x0010e980                rbtree_find
 .text.utf16_to_utf8
                0x0010e9f4       0xe8 C:/devkitPro/libctru/lib\libctru.a(utf16_to_utf8.o)
                0x0010e9f4                utf16_to_utf8
 .text.decode_utf16
                0x0010eadc       0x64 C:/devkitPro/libctru/lib\libctru.a(decode_utf16.o)
                0x0010eadc                decode_utf16
 .text.utf8_to_utf16
                0x0010eb40       0xc0 C:/devkitPro/libctru/lib\libctru.a(utf8_to_utf16.o)
                0x0010eb40                utf8_to_utf16
 .text.__system_allocateHeaps
                0x0010ec00      0x1e0 C:/devkitPro/libctru/lib\libctru.a(allocateHeaps.o)
                0x0010ec00                __system_allocateHeaps
 .text.__libctru_init
                0x0010ede0       0x38 C:/devkitPro/libctru/lib\libctru.a(ctru_init.o)
                0x0010ede0                __libctru_init
 .text.__system_initArgv
                0x0010ee18      0x170 C:/devkitPro/libctru/lib\libctru.a(initArgv.o)
                0x0010ee18                __system_initArgv
 .text.svcControlMemory
                0x0010ef88       0x20 C:/devkitPro/libctru/lib\libctru.a(svc.o)
                0x0010ef88                svcControlMemory
 .text.svcQueryMemory
                0x0010efa8       0x30 C:/devkitPro/libctru/lib\libctru.a(svc.o)
                0x0010efa8                svcQueryMemory
 .text.svcExitProcess
                0x0010efd8        0x8 C:/devkitPro/libctru/lib\libctru.a(svc.o)
                0x0010efd8                svcExitProcess
 .text.svcCreateThread
                0x0010efe0       0x20 C:/devkitPro/libctru/lib\libctru.a(svc.o)
                0x0010efe0                svcCreateThread
 .text.svcExitThread
                0x0010f000        0x8 C:/devkitPro/libctru/lib\libctru.a(svc.o)
                0x0010f000                svcExitThread
 .text.svcSleepThread
                0x0010f008        0x8 C:/devkitPro/libctru/lib\libctru.a(svc.o)
                0x0010f008                svcSleepThread
 .text.svcReleaseMutex
                0x0010f010        0x8 C:/devkitPro/libctru/lib\libctru.a(svc.o)
                0x0010f010                svcReleaseMutex
 .text.svcCreateEvent
                0x0010f018       0x14 C:/devkitPro/libctru/lib\libctru.a(svc.o)
                0x0010f018                svcCreateEvent
 .text.svcSignalEvent
                0x0010f02c        0x8 C:/devkitPro/libctru/lib\libctru.a(svc.o)
                0x0010f02c                svcSignalEvent
 .text.svcClearEvent
                0x0010f034        0x8 C:/devkitPro/libctru/lib\libctru.a(svc.o)
                0x0010f034                svcClearEvent
 .text.svcMapMemoryBlock
                0x0010f03c        0x8 C:/devkitPro/libctru/lib\libctru.a(svc.o)
                0x0010f03c                svcMapMemoryBlock
 .text.svcUnmapMemoryBlock
                0x0010f044        0x8 C:/devkitPro/libctru/lib\libctru.a(svc.o)
                0x0010f044                svcUnmapMemoryBlock
 .text.svcCreateAddressArbiter
                0x0010f04c       0x14 C:/devkitPro/libctru/lib\libctru.a(svc.o)
                0x0010f04c                svcCreateAddressArbiter
 .text.svcArbitrateAddressNoTimeout
                0x0010f060        0x8 C:/devkitPro/libctru/lib\libctru.a(svc.o)
                0x0010f060                svcArbitrateAddressNoTimeout
 .text.svcCloseHandle
                0x0010f068        0x8 C:/devkitPro/libctru/lib\libctru.a(svc.o)
                0x0010f068                svcCloseHandle
 .text.svcWaitSynchronization
                0x0010f070        0x8 C:/devkitPro/libctru/lib\libctru.a(svc.o)
                0x0010f070                svcWaitSynchronization
 .text.svcWaitSynchronizationN
                0x0010f078       0x28 C:/devkitPro/libctru/lib\libctru.a(svc.o)
                0x0010f078                svcWaitSynchronizationN
 .text.svcDuplicateHandle
                0x0010f0a0       0x14 C:/devkitPro/libctru/lib\libctru.a(svc.o)
                0x0010f0a0                svcDuplicateHandle
 .text.svcGetSystemTick
                0x0010f0b4        0x8 C:/devkitPro/libctru/lib\libctru.a(svc.o)
                0x0010f0b4                svcGetSystemTick
 .text.svcConnectToPort
                0x0010f0bc       0x14 C:/devkitPro/libctru/lib\libctru.a(svc.o)
                0x0010f0bc                svcConnectToPort
 .text.svcSendSyncRequest
                0x0010f0d0        0x8 C:/devkitPro/libctru/lib\libctru.a(svc.o)
                0x0010f0d0                svcSendSyncRequest
 .text.svcGetResourceLimit
                0x0010f0d8       0x14 C:/devkitPro/libctru/lib\libctru.a(svc.o)
                0x0010f0d8                svcGetResourceLimit
 .text.svcGetResourceLimitLimitValues
                0x0010f0ec        0x8 C:/devkitPro/libctru/lib\libctru.a(svc.o)
                0x0010f0ec                svcGetResourceLimitLimitValues
 .text.svcGetResourceLimitCurrentValues
                0x0010f0f4        0x8 C:/devkitPro/libctru/lib\libctru.a(svc.o)
                0x0010f0f4                svcGetResourceLimitCurrentValues
 .text.svcBreak
                0x0010f0fc        0x8 C:/devkitPro/libctru/lib\libctru.a(svc.o)
                0x0010f0fc                svcBreak
 .text.initSystem
                0x0010f104       0x50 C:/devkitPro/libctru/lib\libctru.a(stack_adjust.o)
                0x0010f104                initSystem
 .text.__ctru_exit
                0x0010f154       0x18 C:/devkitPro/libctru/lib\libctru.a(stack_adjust.o)
                0x0010f154                __ctru_exit
 .text.__aeabi_read_tp
                0x0010f16c        0xc C:/devkitPro/libctru/lib\libctru.a(readtp.o)
                0x0010f16c                __aeabi_read_tp
 .text.__sync_init
                0x0010f178        0xc C:/devkitPro/libctru/lib\libctru.a(synchronization.o)
                0x0010f178                __sync_init
 .text.__sync_fini
                0x0010f184       0x18 C:/devkitPro/libctru/lib\libctru.a(synchronization.o)
                0x0010f184                __sync_fini
 .text.syncArbitrateAddress
                0x0010f19c       0x2c C:/devkitPro/libctru/lib\libctru.a(synchronization.o)
                0x0010f19c                syncArbitrateAddress
 .text.LightLock_Lock
                0x0010f1c8       0xb0 C:/devkitPro/libctru/lib\libctru.a(synchronization.o)
                0x0010f1c8                LightLock_Lock
 .text.LightLock_Unlock
                0x0010f278       0x40 C:/devkitPro/libctru/lib\libctru.a(synchronization.o)
                0x0010f278                LightLock_Unlock
 .text.RecursiveLock_Lock
                0x0010f2b8       0x30 C:/devkitPro/libctru/lib\libctru.a(synchronization.o)
                0x0010f2b8                RecursiveLock_Lock
 .text.RecursiveLock_Unlock
                0x0010f2e8       0x54 C:/devkitPro/libctru/lib\libctru.a(synchronization.o)
                0x0010f2e8                RecursiveLock_Unlock
 .text.LightEvent_Init
                0x0010f33c       0x40 C:/devkitPro/libctru/lib\libctru.a(synchronization.o)
                0x0010f33c                LightEvent_Init
 .text.LightEvent_Clear
                0x0010f37c       0xa4 C:/devkitPro/libctru/lib\libctru.a(synchronization.o)
                0x0010f37c                LightEvent_Clear
 .text.LightEvent_Signal
                0x0010f420       0xc8 C:/devkitPro/libctru/lib\libctru.a(synchronization.o)
                0x0010f420                LightEvent_Signal
 .text.LightEvent_TryWait
                0x0010f4e8       0x50 C:/devkitPro/libctru/lib\libctru.a(synchronization.o)
                0x0010f4e8                LightEvent_TryWait
 .text.LightEvent_Wait
                0x0010f538       0xb0 C:/devkitPro/libctru/lib\libctru.a(synchronization.o)
                0x0010f538                LightEvent_Wait
 .text.envGetHandle
                0x0010f5e8       0x84 C:/devkitPro/libctru/lib\libctru.a(env.o)
                0x0010f5e8                envGetHandle
 .text.envDestroyHandles
                0x0010f66c       0x50 C:/devkitPro/libctru/lib\libctru.a(env.o)
                0x0010f66c                envDestroyHandles
 .text.srvInit  0x0010f6bc      0x130 C:/devkitPro/libctru/lib\libctru.a(srv.o)
                0x0010f6bc                srvInit
 .text.srvExit  0x0010f7ec       0x58 C:/devkitPro/libctru/lib\libctru.a(srv.o)
                0x0010f7ec                srvExit
 .text.srvEnableNotification
                0x0010f844       0x60 C:/devkitPro/libctru/lib\libctru.a(srv.o)
                0x0010f844                srvEnableNotification
 .text.srvGetServiceHandleDirect
                0x0010f8a4       0xa0 C:/devkitPro/libctru/lib\libctru.a(srv.o)
                0x0010f8a4                srvGetServiceHandleDirect
 .text.srvGetServiceHandle
                0x0010f944       0x38 C:/devkitPro/libctru/lib\libctru.a(srv.o)
                0x0010f944                srvGetServiceHandle
 .text.srvSubscribe
                0x0010f97c       0x34 C:/devkitPro/libctru/lib\libctru.a(srv.o)
                0x0010f97c                srvSubscribe
 .text.srvReceiveNotification
                0x0010f9b0       0x60 C:/devkitPro/libctru/lib\libctru.a(srv.o)
                0x0010f9b0                srvReceiveNotification
 .text.srvPublishToSubscriber
                0x0010fa10       0x38 C:/devkitPro/libctru/lib\libctru.a(srv.o)
                0x0010fa10                srvPublishToSubscriber
 .text.threadCreate
                0x0010fa48      0x1d4 C:/devkitPro/libctru/lib\libctru.a(thread.o)
                0x0010fa48                threadCreate
 .text.threadFree
                0x0010fc1c       0x2c C:/devkitPro/libctru/lib\libctru.a(thread.o)
                0x0010fc1c                threadFree
 .text.threadJoin
                0x0010fc48       0x24 C:/devkitPro/libctru/lib\libctru.a(thread.o)
                0x0010fc48                threadJoin
 .text.threadGetCurrent
                0x0010fc6c       0x30 C:/devkitPro/libctru/lib\libctru.a(thread.o)
                0x0010fc6c                threadGetCurrent
 .text.threadExit
                0x0010fc9c       0x40 C:/devkitPro/libctru/lib\libctru.a(thread.o)
                0x0010fc9c                threadExit
 .text._thread_begin
                0x0010fcdc       0x20 C:/devkitPro/libctru/lib\libctru.a(thread.o)
 .text.mappableFindAddressWithin
                0x0010fcfc       0xb4 C:/devkitPro/libctru/lib\libctru.a(mappable.o)
 .text.mappableInit
                0x0010fdb0       0x28 C:/devkitPro/libctru/lib\libctru.a(mappable.o)
                0x0010fdb0                mappableInit
 .text.mappableAlloc
                0x0010fdd8       0x80 C:/devkitPro/libctru/lib\libctru.a(mappable.o)
                0x0010fdd8                mappableAlloc
 .text.mappableFree
                0x0010fe58        0x4 C:/devkitPro/libctru/lib\libctru.a(mappable.o)
                0x0010fe58                mappableFree
 .text.irrstInit
                0x0010fe5c      0x164 C:/devkitPro/libctru/lib\libctru.a(irrst.o)
                0x0010fe5c                irrstInit
 .text.irrstExit
                0x0010ffc0       0xcc C:/devkitPro/libctru/lib\libctru.a(irrst.o)
                0x0010ffc0                irrstExit
 .text.irrstScanInput
                0x0011008c       0xb4 C:/devkitPro/libctru/lib\libctru.a(irrst.o)
                0x0011008c                irrstScanInput
 .text.irrstKeysHeld
                0x00110140       0x24 C:/devkitPro/libctru/lib\libctru.a(irrst.o)
                0x00110140                irrstKeysHeld
 .text.srvPmGetSessionHandle
                0x00110164        0xc C:/devkitPro/libctru/lib\libctru.a(srvpm.o)
                0x00110164                srvPmGetSessionHandle
 .text.rbtree_node_next
                0x00110170       0x5c C:/devkitPro/libctru/lib\libctru.a(rbtree_iterator.o)
                0x00110170                rbtree_node_next
 .text.encode_utf16
                0x001101cc       0x54 C:/devkitPro/libctru/lib\libctru.a(encode_utf16.o)
                0x001101cc                encode_utf16
 .text.encode_utf8
                0x00110220       0xe0 C:/devkitPro/libctru/lib\libctru.a(encode_utf8.o)
                0x00110220                encode_utf8
 .text.decode_utf8
                0x00110300      0x13c C:/devkitPro/libctru/lib\libctru.a(decode_utf8.o)
                0x00110300                decode_utf8
 .text.__appInit
                0x0011043c       0x30 C:/devkitPro/libctru/lib\libctru.a(appInit.o)
                0x0011043c                __appInit
 .text.__syscall_getreent
                0x0011046c       0x30 C:/devkitPro/libctru/lib\libctru.a(syscalls.o)
                0x0011046c                __syscall_getreent
 .text.__syscall_gettod_r
                0x0011049c       0x64 C:/devkitPro/libctru/lib\libctru.a(syscalls.o)
                0x0011049c                __syscall_gettod_r
 .text.__syscall_lock_acquire
                0x00110500        0x4 C:/devkitPro/libctru/lib\libctru.a(syscalls.o)
                0x00110500                __syscall_lock_acquire
 .text.__syscall_lock_release
                0x00110504        0x4 C:/devkitPro/libctru/lib\libctru.a(syscalls.o)
                0x00110504                __syscall_lock_release
 .text.__syscall_lock_acquire_recursive
                0x00110508        0x4 C:/devkitPro/libctru/lib\libctru.a(syscalls.o)
                0x00110508                __syscall_lock_acquire_recursive
 .text.__syscall_lock_release_recursive
                0x0011050c        0x4 C:/devkitPro/libctru/lib\libctru.a(syscalls.o)
                0x0011050c                __syscall_lock_release_recursive
 .text.__syscall_exit
                0x00110510        0x4 C:/devkitPro/libctru/lib\libctru.a(syscalls.o)
                0x00110510                __syscall_exit
 .text.initThreadVars
                0x00110514       0x50 C:/devkitPro/libctru/lib\libctru.a(syscalls.o)
                0x00110514                initThreadVars
 .text.__system_initSyscalls
                0x00110564       0x80 C:/devkitPro/libctru/lib\libctru.a(syscalls.o)
                0x00110564                __system_initSyscalls
 .text.__appExit
                0x001105e4       0x30 C:/devkitPro/libctru/lib\libctru.a(appExit.o)
                0x001105e4                __appExit
 .text.__libctru_exit
                0x00110614       0x90 C:/devkitPro/libctru/lib\libctru.a(ctru_exit.o)
                0x00110614                __libctru_exit
 .text.archive_link
                0x001106a4       0x14 C:/devkitPro/libctru/lib\libctru.a(archive_dev.o)
 .text.archive_dirreset
                0x001106b8       0x14 C:/devkitPro/libctru/lib\libctru.a(archive_dev.o)
 .text.archive_chmod
                0x001106cc       0x14 C:/devkitPro/libctru/lib\libctru.a(archive_dev.o)
 .text.error_cmp
                0x001106e0       0x24 C:/devkitPro/libctru/lib\libctru.a(archive_dev.o)
 .text.archive_translate_error
                0x00110704       0x50 C:/devkitPro/libctru/lib\libctru.a(archive_dev.o)
 .text.archive_seek
                0x00110754       0xc8 C:/devkitPro/libctru/lib\libctru.a(archive_dev.o)
 .text._archiveInit.part.0
                0x0011081c       0x7c C:/devkitPro/libctru/lib\libctru.a(archive_dev.o)
 .text.archiveFindDevice.part.0
                0x00110898       0xc4 C:/devkitPro/libctru/lib\libctru.a(archive_dev.o)
 .text.archive_utf16path
                0x0011095c      0x25c C:/devkitPro/libctru/lib\libctru.a(archive_dev.o)
 .text._archiveUnmountDeviceStruct.part.0
                0x00110bb8       0xa0 C:/devkitPro/libctru/lib\libctru.a(archive_dev.o)
 .text.archive_fchmod
                0x00110c58       0x14 C:/devkitPro/libctru/lib\libctru.a(archive_dev.o)
 .text.archive_statvfs
                0x00110c6c       0x14 C:/devkitPro/libctru/lib\libctru.a(archive_dev.o)
 .text._archiveMountDevice
                0x00110c80      0x164 C:/devkitPro/libctru/lib\libctru.a(archive_dev.o)
 .text.archive_diropen
                0x00110de4       0xe8 C:/devkitPro/libctru/lib\libctru.a(archive_dev.o)
 .text.archive_fstat
                0x00110ecc       0xa4 C:/devkitPro/libctru/lib\libctru.a(archive_dev.o)
 .text.archive_close
                0x00110f70       0x6c C:/devkitPro/libctru/lib\libctru.a(archive_dev.o)
 .text.archive_fsync
                0x00110fdc       0x6c C:/devkitPro/libctru/lib\libctru.a(archive_dev.o)
 .text.archive_dirclose
                0x00111048       0x70 C:/devkitPro/libctru/lib\libctru.a(archive_dev.o)
 .text.sdmc_statvfs
                0x001110b8       0xe8 C:/devkitPro/libctru/lib\libctru.a(archive_dev.o)
 .text.archive_chdir
                0x001111a0       0xec C:/devkitPro/libctru/lib\libctru.a(archive_dev.o)
 .text.archive_ftruncate
                0x0011128c       0x7c C:/devkitPro/libctru/lib\libctru.a(archive_dev.o)
 .text.archive_read
                0x00111308       0xac C:/devkitPro/libctru/lib\libctru.a(archive_dev.o)
 .text.archive_unlink
                0x001113b4       0xa4 C:/devkitPro/libctru/lib\libctru.a(archive_dev.o)
 .text.archive_rmdir
                0x00111458       0xbc C:/devkitPro/libctru/lib\libctru.a(archive_dev.o)
 .text.archive_mkdir
                0x00111514       0xdc C:/devkitPro/libctru/lib\libctru.a(archive_dev.o)
 .text.archive_stat
                0x001115f0      0x19c C:/devkitPro/libctru/lib\libctru.a(archive_dev.o)
 .text.archive_dirnext
                0x0011178c      0x15c C:/devkitPro/libctru/lib\libctru.a(archive_dev.o)
 .text.archive_write
                0x001118e8       0xec C:/devkitPro/libctru/lib\libctru.a(archive_dev.o)
 .text.archive_open
                0x001119d4      0x1d4 C:/devkitPro/libctru/lib\libctru.a(archive_dev.o)
 .text.archive_rename
                0x00111ba8      0x278 C:/devkitPro/libctru/lib\libctru.a(archive_dev.o)
 .text.archiveMountSdmc
                0x00111e20      0x19c C:/devkitPro/libctru/lib\libctru.a(archive_dev.o)
                0x00111e20                archiveMountSdmc
 .text.archiveUnmountAll
                0x00111fbc       0x54 C:/devkitPro/libctru/lib\libctru.a(archive_dev.o)
                0x00111fbc                archiveUnmountAll
 .text._ZdlPv   0x00112010        0x4 c:/devkitpro/devkitarm/bin/../lib/gcc/arm-none-eabi/12.2.0/../../../../arm-none-eabi/lib/armv6k/fpu\libstdc++.a(del_op.o)
                0x00112010                operator delete(void*)
 .text._ZdlPvj  0x00112014        0x4 c:/devkitpro/devkitarm/bin/../lib/gcc/arm-none-eabi/12.2.0/../../../../arm-none-eabi/lib/armv6k/fpu\libstdc++.a(del_ops.o)
                0x00112014                operator delete(void*, unsigned int)
 .text._ZNK9__gnu_cxx24__concurrence_lock_error4whatEv
                0x00112018        0xc c:/devkitpro/devkitarm/bin/../lib/gcc/arm-none-eabi/12.2.0/../../../../arm-none-eabi/lib/armv6k/fpu\libstdc++.a(eh_alloc.o)
                0x00112018                __gnu_cxx::__concurrence_lock_error::what() const
 .text._ZNK9__gnu_cxx26__concurrence_unlock_error4whatEv
                0x00112024        0xc c:/devkitpro/devkitarm/bin/../lib/gcc/arm-none-eabi/12.2.0/../../../../arm-none-eabi/lib/armv6k/fpu\libstdc++.a(eh_alloc.o)
                0x00112024                __gnu_cxx::__concurrence_unlock_error::what() const
 .text._ZN9__gnu_cxx24__concurrence_lock_errorD2Ev
                0x00112030       0x20 c:/devkitpro/devkitarm/bin/../lib/gcc/arm-none-eabi/12.2.0/../../../../arm-none-eabi/lib/armv6k/fpu\libstdc++.a(eh_alloc.o)
                0x00112030                __gnu_cxx::__concurrence_lock_error::~__concurrence_lock_error()
                0x00112030                __gnu_cxx::__concurrence_lock_error::~__concurrence_lock_error()
 .text._ZN9__gnu_cxx26__concurrence_unlock_errorD2Ev
                0x00112050       0x20 c:/devkitpro/devkitarm/bin/../lib/gcc/arm-none-eabi/12.2.0/../../../../arm-none-eabi/lib/armv6k/fpu\libstdc++.a(eh_alloc.o)
                0x00112050                __gnu_cxx::__concurrence_unlock_error::~__concurrence_unlock_error()
                0x00112050                __gnu_cxx::__concurrence_unlock_error::~__concurrence_unlock_error()
 .text._ZN9__gnu_cxx24__concurrence_lock_errorD0Ev
                0x00112070       0x2c c:/devkitpro/devkitarm/bin/../lib/gcc/arm-none-eabi/12.2.0/../../../../arm-none-eabi/lib/armv6k/fpu\libstdc++.a(eh_alloc.o)
                0x00112070                __gnu_cxx::__concurrence_lock_error::~__concurrence_lock_error()
 .text._ZN9__gnu_cxx26__concurrence_unlock_errorD0Ev
                0x0011209c       0x2c c:/devkitpro/devkitarm/bin/../lib/gcc/arm-none-eabi/12.2.0/../../../../arm-none-eabi/lib/armv6k/fpu\libstdc++.a(eh_alloc.o)
                0x0011209c                __gnu_cxx::__concurrence_unlock_error::~__concurrence_unlock_error()
 .text.unlikely._ZN9__gnu_cxx30__throw_concurrence_lock_errorEv
                0x001120c8       0x2c c:/devkitpro/devkitarm/bin/../lib/gcc/arm-none-eabi/12.2.0/../../../../arm-none-eabi/lib/armv6k/fpu\libstdc++.a(eh_alloc.o)
                0x001120c8                __gnu_cxx::__throw_concurrence_lock_error()
 .text.unlikely._ZN9__gnu_cxx32__throw_concurrence_unlock_errorEv
                0x001120f4       0x2c c:/devkitpro/devkitarm/bin/../lib/gcc/arm-none-eabi/12.2.0/../../../../arm-none-eabi/lib/armv6k/fpu\libstdc++.a(eh_alloc.o)
                0x001120f4                __gnu_cxx::__throw_concurrence_unlock_error()
 .text._ZN12_GLOBAL__N_14pool4freeEPv.constprop.0
                0x00112120      0x118 c:/devkitpro/devkitarm/bin/../lib/gcc/arm-none-eabi/12.2.0/../../../../arm-none-eabi/lib/armv6k/fpu\libstdc++.a(eh_alloc.o)
 .text._ZN12_GLOBAL__N_14pool8allocateEj.constprop.0
                0x00112238       0xd4 c:/devkitpro/devkitarm/bin/../lib/gcc/arm-none-eabi/12.2.0/../../../../arm-none-eabi/lib/armv6k/fpu\libstdc++.a(eh_alloc.o)
 .text.__cxa_allocate_exception
                0x0011230c       0x44 c:/devkitpro/devkitarm/bin/../lib/gcc/arm-none-eabi/12.2.0/../../../../arm-none-eabi/lib/armv6k/fpu\libstdc++.a(eh_alloc.o)
                0x0011230c                __cxa_allocate_exception
 .text.__cxa_free_exception
                0x00112350       0x38 c:/devkitpro/devkitarm/bin/../lib/gcc/arm-none-eabi/12.2.0/../../../../arm-none-eabi/lib/armv6k/fpu\libstdc++.a(eh_alloc.o)
                0x00112350                __cxa_free_exception
 .text.startup._GLOBAL__sub_I__ZN9__gnu_cxx9__freeresEv
                0x00112388       0x4c c:/devkitpro/devkitarm/bin/../lib/gcc/arm-none-eabi/12.2.0/../../../../arm-none-eabi/lib/armv6k/fpu\libstdc++.a(eh_alloc.o)
 .text.__cxa_end_cleanup
                0x001123d4       0x10 c:/devkitpro/devkitarm/bin/../lib/gcc/arm-none-eabi/12.2.0/../../../../arm-none-eabi/lib/armv6k/fpu\libstdc++.a(eh_arm.o)
                0x001123d4                __cxa_end_cleanup
 .text.__cxa_type_match
                0x001123e4      0x12c c:/devkitpro/devkitarm/bin/../lib/gcc/arm-none-eabi/12.2.0/../../../../arm-none-eabi/lib/armv6k/fpu\libstdc++.a(eh_arm.o)
                0x001123e4                __cxa_type_match
 .text.__cxa_begin_cleanup
                0x00112510       0xb4 c:/devkitpro/devkitarm/bin/../lib/gcc/arm-none-eabi/12.2.0/../../../../arm-none-eabi/lib/armv6k/fpu\libstdc++.a(eh_arm.o)
                0x00112510                __cxa_begin_cleanup
 .text.__gnu_end_cleanup
                0x001125c4       0xb4 c:/devkitpro/devkitarm/bin/../lib/gcc/arm-none-eabi/12.2.0/../../../../arm-none-eabi/lib/armv6k/fpu\libstdc++.a(eh_arm.o)
                0x001125c4                __gnu_end_cleanup
 .text._ZNSt9exceptionD2Ev
                0x00112678        0x4 c:/devkitpro/devkitarm/bin/../lib/gcc/arm-none-eabi/12.2.0/../../../../arm-none-eabi/lib/armv6k/fpu\libstdc++.a(eh_exception.o)
                0x00112678                std::exception::~exception()
                0x00112678                std::exception::~exception()
 .text._ZNSt13bad_exceptionD2Ev
                0x0011267c        0x4 c:/devkitpro/devkitarm/bin/../lib/gcc/arm-none-eabi/12.2.0/../../../../arm-none-eabi/lib/armv6k/fpu\libstdc++.a(eh_exception.o)
                0x0011267c                std::bad_exception::~bad_exception()
                0x0011267c                std::bad_exception::~bad_exception()
 .text._ZNKSt13bad_exception4whatEv
                0x00112680        0xc c:/devkitpro/devkitarm/bin/../lib/gcc/arm-none-eabi/12.2.0/../../../../arm-none-eabi/lib/armv6k/fpu\libstdc++.a(eh_exception.o)
                0x00112680                std::bad_exception::what() const
                0x00112680                transaction clone for std::bad_exception::what() const
 .text._ZNSt13bad_exceptionD0Ev
                0x0011268c       0x18 c:/devkitpro/devkitarm/bin/../lib/gcc/arm-none-eabi/12.2.0/../../../../arm-none-eabi/lib/armv6k/fpu\libstdc++.a(eh_exception.o)
                0x0011268c                std::bad_exception::~bad_exception()
 .text._ZL15eh_globals_dtorPv
                0x001126a4       0x3c c:/devkitpro/devkitarm/bin/../lib/gcc/arm-none-eabi/12.2.0/../../../../arm-none-eabi/lib/armv6k/fpu\libstdc++.a(eh_globals.o)
 .text.__cxa_get_globals_fast
                0x001126e0       0x38 c:/devkitpro/devkitarm/bin/../lib/gcc/arm-none-eabi/12.2.0/../../../../arm-none-eabi/lib/armv6k/fpu\libstdc++.a(eh_globals.o)
                0x001126e0                __cxa_get_globals_fast
 .text.__cxa_get_globals
                0x00112718       0x74 c:/devkitpro/devkitarm/bin/../lib/gcc/arm-none-eabi/12.2.0/../../../../arm-none-eabi/lib/armv6k/fpu\libstdc++.a(eh_globals.o)
                0x00112718                __cxa_get_globals
 .text.startup._GLOBAL__sub_I__ZN17__eh_globals_init7_S_initE
                0x0011278c       0x40 c:/devkitpro/devkitarm/bin/../lib/gcc/arm-none-eabi/12.2.0/../../../../arm-none-eabi/lib/armv6k/fpu\libstdc++.a(eh_globals.o)
 .text.exit._GLOBAL__sub_D__ZN17__eh_globals_init7_S_initE
                0x001127cc       0x38 c:/devkitpro/devkitarm/bin/../lib/gcc/arm-none-eabi/12.2.0/../../../../arm-none-eabi/lib/armv6k/fpu\libstdc++.a(eh_globals.o)
 .text._ZL28read_encoded_value_with_basehjPKhPj
                0x00112804      0x16c c:/devkitpro/devkitarm/bin/../lib/gcc/arm-none-eabi/12.2.0/../../../../arm-none-eabi/lib/armv6k/fpu\libstdc++.a(eh_personality.o)
 .text._ZL21base_of_encoded_valuehP15_Unwind_Context
                0x00112970       0x58 c:/devkitpro/devkitarm/bin/../lib/gcc/arm-none-eabi/12.2.0/../../../../arm-none-eabi/lib/armv6k/fpu\libstdc++.a(eh_personality.o)
 .text._ZL17parse_lsda_headerP15_Unwind_ContextPKhP16lsda_header_info
                0x001129c8       0xd8 c:/devkitpro/devkitarm/bin/../lib/gcc/arm-none-eabi/12.2.0/../../../../arm-none-eabi/lib/armv6k/fpu\libstdc++.a(eh_personality.o)
 .text.__gxx_personality_v0
                0x00112aa0      0x6c8 c:/devkitpro/devkitarm/bin/../lib/gcc/arm-none-eabi/12.2.0/../../../../arm-none-eabi/lib/armv6k/fpu\libstdc++.a(eh_personality.o)
                0x00112aa0                __gxx_personality_v0
 .text._ZN10__cxxabiv111__terminateEPFvvE
                0x00113168       0x14 c:/devkitpro/devkitarm/bin/../lib/gcc/arm-none-eabi/12.2.0/../../../../arm-none-eabi/lib/armv6k/fpu\libstdc++.a(eh_terminate.o)
                0x00113168                __cxxabiv1::__terminate(void (*)())
 .text._ZSt9terminatev
                0x0011317c       0x18 c:/devkitpro/devkitarm/bin/../lib/gcc/arm-none-eabi/12.2.0/../../../../arm-none-eabi/lib/armv6k/fpu\libstdc++.a(eh_terminate.o)
                0x0011317c                std::terminate()
 .text._ZN10__cxxabiv112__unexpectedEPFvvE
                0x00113194        0xc c:/devkitpro/devkitarm/bin/../lib/gcc/arm-none-eabi/12.2.0/../../../../arm-none-eabi/lib/armv6k/fpu\libstdc++.a(eh_terminate.o)
                0x00113194                __cxxabiv1::__unexpected(void (*)())
 .text._ZSt10unexpectedv
                0x001131a0       0x18 c:/devkitpro/devkitarm/bin/../lib/gcc/arm-none-eabi/12.2.0/../../../../arm-none-eabi/lib/armv6k/fpu\libstdc++.a(eh_terminate.o)
                0x001131a0                std::unexpected()
 .text._ZSt13get_terminatev
                0x001131b8       0x14 c:/devkitpro/devkitarm/bin/../lib/gcc/arm-none-eabi/12.2.0/../../../../arm-none-eabi/lib/armv6k/fpu\libstdc++.a(eh_terminate.o)
                0x001131b8                std::get_terminate()
 .text._ZSt14get_unexpectedv
                0x001131cc       0x14 c:/devkitpro/devkitarm/bin/../lib/gcc/arm-none-eabi/12.2.0/../../../../arm-none-eabi/lib/armv6k/fpu\libstdc++.a(eh_terminate.o)
                0x001131cc                std::get_unexpected()
 .text._ZL23__gxx_exception_cleanup19_Unwind_Reason_CodeP21_Unwind_Control_Block
                0x001131e0       0x60 c:/devkitpro/devkitarm/bin/../lib/gcc/arm-none-eabi/12.2.0/../../../../arm-none-eabi/lib/armv6k/fpu\libstdc++.a(eh_throw.o)
 .text.__cxa_init_primary_exception
                0x00113240       0x58 c:/devkitpro/devkitarm/bin/../lib/gcc/arm-none-eabi/12.2.0/../../../../arm-none-eabi/lib/armv6k/fpu\libstdc++.a(eh_throw.o)
                0x00113240                __cxa_init_primary_exception
 .text.__cxa_throw
                0x00113298       0x54 c:/devkitpro/devkitarm/bin/../lib/gcc/arm-none-eabi/12.2.0/../../../../arm-none-eabi/lib/armv6k/fpu\libstdc++.a(eh_throw.o)
                0x00113298                __cxa_throw
 .text.__cxa_rethrow
                0x001132ec       0xb0 c:/devkitpro/devkitarm/bin/../lib/gcc/arm-none-eabi/12.2.0/../../../../arm-none-eabi/lib/armv6k/fpu\libstdc++.a(eh_throw.o)
                0x001132ec                __cxa_rethrow
 .text._ZN10__cxxabiv120__si_class_type_infoD2Ev
                0x0011339c       0x20 c:/devkitpro/devkitarm/bin/../lib/gcc/arm-none-eabi/12.2.0/../../../../arm-none-eabi/lib/armv6k/fpu\libstdc++.a(si_class_type_info.o)
                0x0011339c                __cxxabiv1::__si_class_type_info::~__si_class_type_info()
                0x0011339c                __cxxabiv1::__si_class_type_info::~__si_class_type_info()
 .text._ZN10__cxxabiv120__si_class_type_infoD0Ev
                0x001133bc       0x2c c:/devkitpro/devkitarm/bin/../lib/gcc/arm-none-eabi/12.2.0/../../../../arm-none-eabi/lib/armv6k/fpu\libstdc++.a(si_class_type_info.o)
                0x001133bc                __cxxabiv1::__si_class_type_info::~__si_class_type_info()
 .text._ZNK10__cxxabiv120__si_class_type_info12__do_dyncastEiNS_17__class_type_info10__sub_kindEPKS1_PKvS4_S6_RNS1_16__dyncast_resultE
                0x001133e8      0x138 c:/devkitpro/devkitarm/bin/../lib/gcc/arm-none-eabi/12.2.0/../../../../arm-none-eabi/lib/armv6k/fpu\libstdc++.a(si_class_type_info.o)
                0x001133e8                __cxxabiv1::__si_class_type_info::__do_dyncast(int, __cxxabiv1::__class_type_info::__sub_kind, __cxxabiv1::__class_type_info const*, void const*, __cxxabiv1::__class_type_info const*, void const*, __cxxabiv1::__class_type_info::__dyncast_result&) const
 .text._ZNK10__cxxabiv120__si_class_type_info20__do_find_public_srcEiPKvPKNS_17__class_type_infoES2_
                0x00113520       0x88 c:/devkitpro/devkitarm/bin/../lib/gcc/arm-none-eabi/12.2.0/../../../../arm-none-eabi/lib/armv6k/fpu\libstdc++.a(si_class_type_info.o)
                0x00113520                __cxxabiv1::__si_class_type_info::__do_find_public_src(int, void const*, __cxxabiv1::__class_type_info const*, void const*) const
 .text._ZNK10__cxxabiv120__si_class_type_info11__do_upcastEPKNS_17__class_type_infoEPKvRNS1_15__upcast_resultE
                0x001135a8       0x44 c:/devkitpro/devkitarm/bin/../lib/gcc/arm-none-eabi/12.2.0/../../../../arm-none-eabi/lib/armv6k/fpu\libstdc++.a(si_class_type_info.o)
                0x001135a8                __cxxabiv1::__si_class_type_info::__do_upcast(__cxxabiv1::__class_type_info const*, void const*, __cxxabiv1::__class_type_info::__upcast_result&) const
 .text._ZNSt9type_infoD2Ev
                0x001135ec        0x4 c:/devkitpro/devkitarm/bin/../lib/gcc/arm-none-eabi/12.2.0/../../../../arm-none-eabi/lib/armv6k/fpu\libstdc++.a(tinfo.o)
                0x001135ec                std::type_info::~type_info()
                0x001135ec                std::type_info::~type_info()
 .text._ZNKSt9type_info14__is_pointer_pEv
                0x001135f0        0x8 c:/devkitpro/devkitarm/bin/../lib/gcc/arm-none-eabi/12.2.0/../../../../arm-none-eabi/lib/armv6k/fpu\libstdc++.a(tinfo.o)
                0x001135f0                std::type_info::__is_pointer_p() const
                0x001135f0                std::type_info::__is_function_p() const
 .text._ZNK10__cxxabiv117__class_type_info11__do_upcastEPKS0_PPv
                0x001135f8       0x5c c:/devkitpro/devkitarm/bin/../lib/gcc/arm-none-eabi/12.2.0/../../../../arm-none-eabi/lib/armv6k/fpu\libstdc++.a(class_type_info.o)
                0x001135f8                __cxxabiv1::__class_type_info::__do_upcast(__cxxabiv1::__class_type_info const*, void**) const
 .text._ZNK10__cxxabiv117__class_type_info20__do_find_public_srcEiPKvPKS0_S2_
                0x00113654       0x14 c:/devkitpro/devkitarm/bin/../lib/gcc/arm-none-eabi/12.2.0/../../../../arm-none-eabi/lib/armv6k/fpu\libstdc++.a(class_type_info.o)
                0x00113654                __cxxabiv1::__class_type_info::__do_find_public_src(int, void const*, __cxxabiv1::__class_type_info const*, void const*) const
 .text._ZN10__cxxabiv117__class_type_infoD2Ev
                0x00113668       0x20 c:/devkitpro/devkitarm/bin/../lib/gcc/arm-none-eabi/12.2.0/../../../../arm-none-eabi/lib/armv6k/fpu\libstdc++.a(class_type_info.o)
                0x00113668                __cxxabiv1::__class_type_info::~__class_type_info()
                0x00113668                __cxxabiv1::__class_type_info::~__class_type_info()
 .text._ZN10__cxxabiv117__class_type_infoD0Ev
                0x00113688       0x2c c:/devkitpro/devkitarm/bin/../lib/gcc/arm-none-eabi/12.2.0/../../../../arm-none-eabi/lib/armv6k/fpu\libstdc++.a(class_type_info.o)
                0x00113688                __cxxabiv1::__class_type_info::~__class_type_info()
 .text._ZNK10__cxxabiv117__class_type_info11__do_upcastEPKS0_PKvRNS0_15__upcast_resultE
                0x001136b4       0x64 c:/devkitpro/devkitarm/bin/../lib/gcc/arm-none-eabi/12.2.0/../../../../arm-none-eabi/lib/armv6k/fpu\libstdc++.a(class_type_info.o)
                0x001136b4                __cxxabiv1::__class_type_info::__do_upcast(__cxxabiv1::__class_type_info const*, void const*, __cxxabiv1::__class_type_info::__upcast_result&) const
 .text._ZNK10__cxxabiv117__class_type_info10__do_catchEPKSt9type_infoPPvj
                0x00113718       0x7c c:/devkitpro/devkitarm/bin/../lib/gcc/arm-none-eabi/12.2.0/../../../../arm-none-eabi/lib/armv6k/fpu\libstdc++.a(class_type_info.o)
                0x00113718                __cxxabiv1::__class_type_info::__do_catch(std::type_info const*, void**, unsigned int) const
 .text._ZNK10__cxxabiv117__class_type_info12__do_dyncastEiNS0_10__sub_kindEPKS0_PKvS3_S5_RNS0_16__dyncast_resultE
                0x00113794       0xd4 c:/devkitpro/devkitarm/bin/../lib/gcc/arm-none-eabi/12.2.0/../../../../arm-none-eabi/lib/armv6k/fpu\libstdc++.a(class_type_info.o)
                0x00113794                __cxxabiv1::__class_type_info::__do_dyncast(int, __cxxabiv1::__class_type_info::__sub_kind, __cxxabiv1::__class_type_info const*, void const*, __cxxabiv1::__class_type_info const*, void const*, __cxxabiv1::__class_type_info::__dyncast_result&) const
 .text._ZN10__cxxabiv1L24__is_gxx_exception_classEPc
                0x00113868       0x70 c:/devkitpro/devkitarm/bin/../lib/gcc/arm-none-eabi/12.2.0/../../../../arm-none-eabi/lib/armv6k/fpu\libstdc++.a(eh_call.o)
 .text.__cxa_call_terminate
                0x001138d8       0x2c c:/devkitpro/devkitarm/bin/../lib/gcc/arm-none-eabi/12.2.0/../../../../arm-none-eabi/lib/armv6k/fpu\libstdc++.a(eh_call.o)
                0x001138d8                __cxa_call_terminate
 .text.unlikely.__cxa_call_unexpected
                0x00113904      0x138 c:/devkitpro/devkitarm/bin/../lib/gcc/arm-none-eabi/12.2.0/../../../../arm-none-eabi/lib/armv6k/fpu\libstdc++.a(eh_call.o)
                0x00113904                __cxa_call_unexpected
 .text.__cxa_begin_catch
                0x00113a3c       0xcc c:/devkitpro/devkitarm/bin/../lib/gcc/arm-none-eabi/12.2.0/../../../../arm-none-eabi/lib/armv6k/fpu\libstdc++.a(eh_catch.o)
                0x00113a3c                __cxa_begin_catch
 .text.__cxa_end_catch
                0x00113b08       0xe0 c:/devkitpro/devkitarm/bin/../lib/gcc/arm-none-eabi/12.2.0/../../../../arm-none-eabi/lib/armv6k/fpu\libstdc++.a(eh_catch.o)
                0x00113b08                __cxa_end_catch
 .text.sinf     0x00113be8      0x24c c:/devkitpro/devkitarm/bin/../lib/gcc/arm-none-eabi/12.2.0/../../../../arm-none-eabi/lib/armv6k/fpu\libm.a(libm_a-sinf.o)
                0x00113be8                sinf
 *fill*         0x00113e34        0x4 
 .text.cosf     0x00113e38      0x22c c:/devkitpro/devkitarm/bin/../lib/gcc/arm-none-eabi/12.2.0/../../../../arm-none-eabi/lib/armv6k/fpu\libm.a(libm_a-cosf.o)
                0x00113e38                cosf
 .text.with_errnof
                0x00114064       0x24 c:/devkitpro/devkitarm/bin/../lib/gcc/arm-none-eabi/12.2.0/../../../../arm-none-eabi/lib/armv6k/fpu\libm.a(libm_a-math_errf.o)
 .text.__math_invalidf
                0x00114088       0x1c c:/devkitpro/devkitarm/bin/../lib/gcc/arm-none-eabi/12.2.0/../../../../arm-none-eabi/lib/armv6k/fpu\libm.a(libm_a-math_errf.o)
                0x00114088                __math_invalidf
 .text.__udivmoddi4
                0x001140a4      0x120 c:/devkitpro/devkitarm/bin/../lib/gcc/arm-none-eabi/12.2.0/armv6k/fpu\libgcc.a(_udivmoddi4.o)
                0x001140a4                __udivmoddi4
 .text.selfrel_offset31
                0x001141c4       0x18 c:/devkitpro/devkitarm/bin/../lib/gcc/arm-none-eabi/12.2.0/armv6k/fpu\libgcc.a(unwind-arm.o)
 .text.search_EIT_table
                0x001141dc       0x90 c:/devkitpro/devkitarm/bin/../lib/gcc/arm-none-eabi/12.2.0/armv6k/fpu\libgcc.a(unwind-arm.o)
 .text.__gnu_unwind_get_pr_addr
                0x0011426c       0x40 c:/devkitpro/devkitarm/bin/../lib/gcc/arm-none-eabi/12.2.0/armv6k/fpu\libgcc.a(unwind-arm.o)
 .text.get_eit_entry
                0x001142ac       0xf4 c:/devkitpro/devkitarm/bin/../lib/gcc/arm-none-eabi/12.2.0/armv6k/fpu\libgcc.a(unwind-arm.o)
 .text.restore_non_core_regs
                0x001143a0       0x88 c:/devkitpro/devkitarm/bin/../lib/gcc/arm-none-eabi/12.2.0/armv6k/fpu\libgcc.a(unwind-arm.o)
 .text._Unwind_decode_typeinfo_ptr.constprop.0
                0x00114428       0x14 c:/devkitpro/devkitarm/bin/../lib/gcc/arm-none-eabi/12.2.0/armv6k/fpu\libgcc.a(unwind-arm.o)
 .text._Unwind_DebugHook
                0x0011443c        0x4 c:/devkitpro/devkitarm/bin/../lib/gcc/arm-none-eabi/12.2.0/armv6k/fpu\libgcc.a(unwind-arm.o)
 .text.unwind_phase2
                0x00114440       0x64 c:/devkitpro/devkitarm/bin/../lib/gcc/arm-none-eabi/12.2.0/armv6k/fpu\libgcc.a(unwind-arm.o)
 .text.unwind_phase2_forced
                0x001144a4      0x140 c:/devkitpro/devkitarm/bin/../lib/gcc/arm-none-eabi/12.2.0/armv6k/fpu\libgcc.a(unwind-arm.o)
 .text.__gnu_Unwind_RaiseException
                0x001145e4       0xa4 c:/devkitpro/devkitarm/bin/../lib/gcc/arm-none-eabi/12.2.0/armv6k/fpu\libgcc.a(unwind-arm.o)
                0x001145e4                __gnu_Unwind_RaiseException
 .text.__gnu_Unwind_ForcedUnwind
                0x00114688       0x28 c:/devkitpro/devkitarm/bin/../lib/gcc/arm-none-eabi/12.2.0/armv6k/fpu\libgcc.a(unwind-arm.o)
                0x00114688                __gnu_Unwind_ForcedUnwind
 .text.__gnu_Unwind_Resume
                0x001146b0       0x74 c:/devkitpro/devkitarm/bin/../lib/gcc/arm-none-eabi/12.2.0/armv6k/fpu\libgcc.a(unwind-arm.o)
                0x001146b0                __gnu_Unwind_Resume
 .text.__gnu_Unwind_Resume_or_Rethrow
                0x00114724       0x20 c:/devkitpro/devkitarm/bin/../lib/gcc/arm-none-eabi/12.2.0/armv6k/fpu\libgcc.a(unwind-arm.o)
                0x00114724                __gnu_Unwind_Resume_or_Rethrow
 .text._Unwind_Complete
                0x00114744        0x4 c:/devkitpro/devkitarm/bin/../lib/gcc/arm-none-eabi/12.2.0/armv6k/fpu\libgcc.a(unwind-arm.o)
                0x00114744                _Unwind_Complete
 .text._Unwind_DeleteException
                0x00114748       0x18 c:/devkitpro/devkitarm/bin/../lib/gcc/arm-none-eabi/12.2.0/armv6k/fpu\libgcc.a(unwind-arm.o)
                0x00114748                _Unwind_DeleteException
 .text._Unwind_VRS_Get
                0x00114760       0x5c c:/devkitpro/devkitarm/bin/../lib/gcc/arm-none-eabi/12.2.0/armv6k/fpu\libgcc.a(unwind-arm.o)
                0x00114760                _Unwind_VRS_Get
 .text._Unwind_GetGR
                0x001147bc       0x2c c:/devkitpro/devkitarm/bin/../lib/gcc/arm-none-eabi/12.2.0/armv6k/fpu\libgcc.a(unwind-arm.o)
 .text._Unwind_VRS_Set
                0x001147e8       0x5c c:/devkitpro/devkitarm/bin/../lib/gcc/arm-none-eabi/12.2.0/armv6k/fpu\libgcc.a(unwind-arm.o)
                0x001147e8                _Unwind_VRS_Set
 .text._Unwind_SetGR
                0x00114844       0x2c c:/devkitpro/devkitarm/bin/../lib/gcc/arm-none-eabi/12.2.0/armv6k/fpu\libgcc.a(unwind-arm.o)
 .text.__gnu_Unwind_Backtrace
                0x00114870       0xc0 c:/devkitpro/devkitarm/bin/../lib/gcc/arm-none-eabi/12.2.0/armv6k/fpu\libgcc.a(unwind-arm.o)
                0x00114870                __gnu_Unwind_Backtrace
 .text.__gnu_unwind_pr_common
                0x00114930      0x414 c:/devkitpro/devkitarm/bin/../lib/gcc/arm-none-eabi/12.2.0/armv6k/fpu\libgcc.a(unwind-arm.o)
 .text.__aeabi_unwind_cpp_pr0
                0x00114d44        0x8 c:/devkitpro/devkitarm/bin/../lib/gcc/arm-none-eabi/12.2.0/armv6k/fpu\libgcc.a(unwind-arm.o)
                0x00114d44                __aeabi_unwind_cpp_pr0
 .text.__aeabi_unwind_cpp_pr1
                0x00114d4c        0x8 c:/devkitpro/devkitarm/bin/../lib/gcc/arm-none-eabi/12.2.0/armv6k/fpu\libgcc.a(unwind-arm.o)
                0x00114d4c                __aeabi_unwind_cpp_pr1
 .text.__aeabi_unwind_cpp_pr2
                0x00114d54        0x8 c:/devkitpro/devkitarm/bin/../lib/gcc/arm-none-eabi/12.2.0/armv6k/fpu\libgcc.a(unwind-arm.o)
                0x00114d54                __aeabi_unwind_cpp_pr2
 .text._Unwind_VRS_Pop
                0x00114d5c      0x3dc c:/devkitpro/devkitarm/bin/../lib/gcc/arm-none-eabi/12.2.0/armv6k/fpu\libgcc.a(unwind-arm.o)
                0x00114d5c                _Unwind_VRS_Pop
 .text.next_unwind_byte
                0x00115138       0x64 c:/devkitpro/devkitarm/bin/../lib/gcc/arm-none-eabi/12.2.0/armv6k/fpu\libgcc.a(pr-support.o)
 .text._Unwind_GetGR.constprop.0
                0x0011519c       0x2c c:/devkitpro/devkitarm/bin/../lib/gcc/arm-none-eabi/12.2.0/armv6k/fpu\libgcc.a(pr-support.o)
 .text.unwind_UCB_from_context
                0x001151c8        0x4 c:/devkitpro/devkitarm/bin/../lib/gcc/arm-none-eabi/12.2.0/armv6k/fpu\libgcc.a(pr-support.o)
 .text.__gnu_unwind_execute
                0x001151cc      0x418 c:/devkitpro/devkitarm/bin/../lib/gcc/arm-none-eabi/12.2.0/armv6k/fpu\libgcc.a(pr-support.o)
                0x001151cc                __gnu_unwind_execute
 .text.__gnu_unwind_frame
                0x001155e4       0x48 c:/devkitpro/devkitarm/bin/../lib/gcc/arm-none-eabi/12.2.0/armv6k/fpu\libgcc.a(pr-support.o)
                0x001155e4                __gnu_unwind_frame
 .text._Unwind_GetRegionStart
                0x0011562c       0x10 c:/devkitpro/devkitarm/bin/../lib/gcc/arm-none-eabi/12.2.0/armv6k/fpu\libgcc.a(pr-support.o)
                0x0011562c                _Unwind_GetRegionStart
 .text._Unwind_GetLanguageSpecificData
                0x0011563c       0x1c c:/devkitpro/devkitarm/bin/../lib/gcc/arm-none-eabi/12.2.0/armv6k/fpu\libgcc.a(pr-support.o)
                0x0011563c                _Unwind_GetLanguageSpecificData
 .text.unlikely._Unwind_GetDataRelBase
                0x00115658        0x8 c:/devkitpro/devkitarm/bin/../lib/gcc/arm-none-eabi/12.2.0/armv6k/fpu\libgcc.a(pr-support.o)
                0x00115658                _Unwind_GetDataRelBase
 .text.unlikely._Unwind_GetTextRelBase
                0x00115660        0x8 c:/devkitpro/devkitarm/bin/../lib/gcc/arm-none-eabi/12.2.0/armv6k/fpu\libgcc.a(pr-support.o)
                0x00115660                _Unwind_GetTextRelBase
 .text.abort    0x00115668       0x14 c:/devkitpro/devkitarm/bin/../lib/gcc/arm-none-eabi/12.2.0/../../../../arm-none-eabi/lib/armv6k/fpu\libg.a(libc_a-abort.o)
                0x00115668                abort
 .text.calloc   0x0011567c       0x20 c:/devkitpro/devkitarm/bin/../lib/gcc/arm-none-eabi/12.2.0/../../../../arm-none-eabi/lib/armv6k/fpu\libg.a(libc_a-calloc.o)
                0x0011567c                calloc
 .text._calloc_r
                0x0011569c       0xc0 c:/devkitpro/devkitarm/bin/../lib/gcc/arm-none-eabi/12.2.0/../../../../arm-none-eabi/lib/armv6k/fpu\libg.a(libc_a-callocr.o)
                0x0011569c                _calloc_r
 .text.exit     0x0011575c       0x30 c:/devkitpro/devkitarm/bin/../lib/gcc/arm-none-eabi/12.2.0/../../../../arm-none-eabi/lib/armv6k/fpu\libg.a(libc_a-exit.o)
                0x0011575c                exit
 .text.malloc   0x0011578c       0x18 c:/devkitpro/devkitarm/bin/../lib/gcc/arm-none-eabi/12.2.0/../../../../arm-none-eabi/lib/armv6k/fpu\libg.a(libc_a-malloc.o)
                0x0011578c                malloc
 .text.free     0x001157a4       0x18 c:/devkitpro/devkitarm/bin/../lib/gcc/arm-none-eabi/12.2.0/../../../../arm-none-eabi/lib/armv6k/fpu\libg.a(libc_a-malloc.o)
                0x001157a4                free
 .text._malloc_r
                0x001157bc      0x7e4 c:/devkitpro/devkitarm/bin/../lib/gcc/arm-none-eabi/12.2.0/../../../../arm-none-eabi/lib/armv6k/fpu\libg.a(libc_a-mallocr.o)
                0x001157bc                _malloc_r
 .text.__malloc_lock
                0x00115fa0        0xc c:/devkitpro/devkitarm/bin/../lib/gcc/arm-none-eabi/12.2.0/../../../../arm-none-eabi/lib/armv6k/fpu\libg.a(libc_a-mlock.o)
                0x00115fa0                __malloc_lock
 .text.__malloc_unlock
                0x00115fac        0xc c:/devkitpro/devkitarm/bin/../lib/gcc/arm-none-eabi/12.2.0/../../../../arm-none-eabi/lib/armv6k/fpu\libg.a(libc_a-mlock.o)
                0x00115fac                __malloc_unlock
 .text._strtoul_l.constprop.0
                0x00115fb8      0x1c4 c:/devkitpro/devkitarm/bin/../lib/gcc/arm-none-eabi/12.2.0/../../../../arm-none-eabi/lib/armv6k/fpu\libg.a(libc_a-strtoul.o)
 .text.strtoul  0x0011617c       0x34 c:/devkitpro/devkitarm/bin/../lib/gcc/arm-none-eabi/12.2.0/../../../../arm-none-eabi/lib/armv6k/fpu\libg.a(libc_a-strtoul.o)
                0x0011617c                strtoul
 .text.memalign
                0x001161b0       0x20 c:/devkitpro/devkitarm/bin/../lib/gcc/arm-none-eabi/12.2.0/../../../../arm-none-eabi/lib/armv6k/fpu\libg.a(libc_a-malign.o)
                0x001161b0                memalign
 .text._memalign_r
                0x001161d0      0x14c c:/devkitpro/devkitarm/bin/../lib/gcc/arm-none-eabi/12.2.0/../../../../arm-none-eabi/lib/armv6k/fpu\libg.a(libc_a-malignr.o)
                0x001161d0                _memalign_r
 .text.bsearch  0x0011631c       0x78 c:/devkitpro/devkitarm/bin/../lib/gcc/arm-none-eabi/12.2.0/../../../../arm-none-eabi/lib/armv6k/fpu\libg.a(libc_a-bsearch.o)
                0x0011631c                bsearch
 .text._fclose_r
                0x00116394      0x148 c:/devkitpro/devkitarm/bin/../lib/gcc/arm-none-eabi/12.2.0/../../../../arm-none-eabi/lib/armv6k/fpu\libg.a(libc_a-fclose.o)
                0x00116394                _fclose_r
 .text.fclose   0x001164dc       0x18 c:/devkitpro/devkitarm/bin/../lib/gcc/arm-none-eabi/12.2.0/../../../../arm-none-eabi/lib/armv6k/fpu\libg.a(libc_a-fclose.o)
                0x001164dc                fclose
 .text.__sflush_r
                0x001164f4      0x234 c:/devkitpro/devkitarm/bin/../lib/gcc/arm-none-eabi/12.2.0/../../../../arm-none-eabi/lib/armv6k/fpu\libg.a(libc_a-fflush.o)
                0x001164f4                __sflush_r
 .text._fflush_r
                0x00116728       0x94 c:/devkitpro/devkitarm/bin/../lib/gcc/arm-none-eabi/12.2.0/../../../../arm-none-eabi/lib/armv6k/fpu\libg.a(libc_a-fflush.o)
                0x00116728                _fflush_r
 .text.stdio_exit_handler